core_cm7.h:2229:22:SCB_EnableICache	4	static,ignoring_inline_asm
core_cm7.h:2281:22:SCB_EnableDCache	24	static,ignoring_inline_asm
main.c:110:6:init_SD	8	static
main.c:116:6:read_BIN_AUDIO	16	static
main.c:124:6:umount_SD	8	static
main.c:143:6:DAC_OUTPUT	8	static
main.c:156:6:update_audio_buffer	16	static
main.c:176:6:keyboard_interrupt_handler	8	static
main.c:202:6:init_audio_buffer	16	static
main.c:212:6:HAL_TIM_PeriodElapsedCallback	16	static
main.c:229:5:main	8	static
main.c:292:6:SystemClock_Config	216	static
main.c:358:13:MX_SDMMC1_SD_Init	4	static
main.c:386:13:MX_TIM2_Init	40	static
main.c:431:13:MX_USART1_UART_Init	8	static
main.c:466:13:MX_GPIO_Init	64	static
main.c:576:6:Error_Handler	4	static,ignoring_inline_asm
