core_cm7.h:2229:22:SCB_EnableICache	4	static,ignoring_inline_asm
core_cm7.h:2281:22:SCB_EnableDCache	24	static,ignoring_inline_asm
main.c:112:6:DAC_OUTPUT	8	static
main.c:132:6:keyboard_update	8	static
main.c:166:6:HAL_TIM_PeriodElapsedCallback	40	static
main.c:188:5:main	8	static
main.c:245:6:SystemClock_Config	216	static
main.c:311:13:MX_SDMMC1_SD_Init	4	static
main.c:339:13:MX_TIM2_Init	40	static
main.c:384:13:MX_USART1_UART_Init	8	static
main.c:419:13:MX_GPIO_Init	64	static
main.c:519:6:Error_Handler	4	static,ignoring_inline_asm
