Archive member included to satisfy reference by file (symbol)

c:/st/stm32cubeide_1.6.1/stm32cubeide/plugins/com.st.stm32cube.ide.mcu.externaltools.gnu-tools-for-stm32.9-2020-q2-update.win32_1.5.0.202011040924/tools/bin/../lib/gcc/arm-none-eabi/9.3.1/../../../../arm-none-eabi/lib/thumb/v7e-m+fp/hard\libc_nano.a(lib_a-errno.o)
                              Core/Src/syscalls.o (__errno)
c:/st/stm32cubeide_1.6.1/stm32cubeide/plugins/com.st.stm32cube.ide.mcu.externaltools.gnu-tools-for-stm32.9-2020-q2-update.win32_1.5.0.202011040924/tools/bin/../lib/gcc/arm-none-eabi/9.3.1/../../../../arm-none-eabi/lib/thumb/v7e-m+fp/hard\libc_nano.a(lib_a-exit.o)
                              c:/st/stm32cubeide_1.6.1/stm32cubeide/plugins/com.st.stm32cube.ide.mcu.externaltools.gnu-tools-for-stm32.9-2020-q2-update.win32_1.5.0.202011040924/tools/bin/../lib/gcc/arm-none-eabi/9.3.1/../../../../arm-none-eabi/lib/thumb/v7e-m+fp/hard/crt0.o (exit)
c:/st/stm32cubeide_1.6.1/stm32cubeide/plugins/com.st.stm32cube.ide.mcu.externaltools.gnu-tools-for-stm32.9-2020-q2-update.win32_1.5.0.202011040924/tools/bin/../lib/gcc/arm-none-eabi/9.3.1/../../../../arm-none-eabi/lib/thumb/v7e-m+fp/hard\libc_nano.a(lib_a-impure.o)
                              c:/st/stm32cubeide_1.6.1/stm32cubeide/plugins/com.st.stm32cube.ide.mcu.externaltools.gnu-tools-for-stm32.9-2020-q2-update.win32_1.5.0.202011040924/tools/bin/../lib/gcc/arm-none-eabi/9.3.1/../../../../arm-none-eabi/lib/thumb/v7e-m+fp/hard\libc_nano.a(lib_a-exit.o) (_global_impure_ptr)
c:/st/stm32cubeide_1.6.1/stm32cubeide/plugins/com.st.stm32cube.ide.mcu.externaltools.gnu-tools-for-stm32.9-2020-q2-update.win32_1.5.0.202011040924/tools/bin/../lib/gcc/arm-none-eabi/9.3.1/../../../../arm-none-eabi/lib/thumb/v7e-m+fp/hard\libc_nano.a(lib_a-init.o)
                              c:/st/stm32cubeide_1.6.1/stm32cubeide/plugins/com.st.stm32cube.ide.mcu.externaltools.gnu-tools-for-stm32.9-2020-q2-update.win32_1.5.0.202011040924/tools/bin/../lib/gcc/arm-none-eabi/9.3.1/../../../../arm-none-eabi/lib/thumb/v7e-m+fp/hard/crt0.o (__libc_init_array)
c:/st/stm32cubeide_1.6.1/stm32cubeide/plugins/com.st.stm32cube.ide.mcu.externaltools.gnu-tools-for-stm32.9-2020-q2-update.win32_1.5.0.202011040924/tools/bin/../lib/gcc/arm-none-eabi/9.3.1/../../../../arm-none-eabi/lib/thumb/v7e-m+fp/hard\libc_nano.a(lib_a-memset.o)
                              c:/st/stm32cubeide_1.6.1/stm32cubeide/plugins/com.st.stm32cube.ide.mcu.externaltools.gnu-tools-for-stm32.9-2020-q2-update.win32_1.5.0.202011040924/tools/bin/../lib/gcc/arm-none-eabi/9.3.1/../../../../arm-none-eabi/lib/thumb/v7e-m+fp/hard/crt0.o (memset)
c:/st/stm32cubeide_1.6.1/stm32cubeide/plugins/com.st.stm32cube.ide.mcu.externaltools.gnu-tools-for-stm32.9-2020-q2-update.win32_1.5.0.202011040924/tools/bin/../lib/gcc/arm-none-eabi/9.3.1/thumb/v7e-m+fp/hard\libgcc.a(_aeabi_uldivmod.o)
                              Drivers/STM32F7xx_HAL_Driver/Src/stm32f7xx_hal_rcc.o (__aeabi_uldivmod)
c:/st/stm32cubeide_1.6.1/stm32cubeide/plugins/com.st.stm32cube.ide.mcu.externaltools.gnu-tools-for-stm32.9-2020-q2-update.win32_1.5.0.202011040924/tools/bin/../lib/gcc/arm-none-eabi/9.3.1/thumb/v7e-m+fp/hard\libgcc.a(_udivmoddi4.o)
                              c:/st/stm32cubeide_1.6.1/stm32cubeide/plugins/com.st.stm32cube.ide.mcu.externaltools.gnu-tools-for-stm32.9-2020-q2-update.win32_1.5.0.202011040924/tools/bin/../lib/gcc/arm-none-eabi/9.3.1/thumb/v7e-m+fp/hard\libgcc.a(_aeabi_uldivmod.o) (__udivmoddi4)
c:/st/stm32cubeide_1.6.1/stm32cubeide/plugins/com.st.stm32cube.ide.mcu.externaltools.gnu-tools-for-stm32.9-2020-q2-update.win32_1.5.0.202011040924/tools/bin/../lib/gcc/arm-none-eabi/9.3.1/thumb/v7e-m+fp/hard\libgcc.a(_dvmd_tls.o)
                              c:/st/stm32cubeide_1.6.1/stm32cubeide/plugins/com.st.stm32cube.ide.mcu.externaltools.gnu-tools-for-stm32.9-2020-q2-update.win32_1.5.0.202011040924/tools/bin/../lib/gcc/arm-none-eabi/9.3.1/thumb/v7e-m+fp/hard\libgcc.a(_aeabi_uldivmod.o) (__aeabi_ldiv0)

Allocating common symbols
Common symbol       size              file

retSD               0x1               FATFS/App/fatfs.o
Path                0xa               Core/Src/main.o
x                   0x194             Core/Src/main.o
myFile              0x230             Core/Src/main.o
bytesWritten        0x4               Core/Src/main.o
bytesRead           0x4               Core/Src/main.o
hsd1                0x84              Core/Src/main.o
uwTick              0x4               Drivers/STM32F7xx_HAL_Driver/Src/stm32f7xx_hal.o
pFlash              0x1c              Drivers/STM32F7xx_HAL_Driver/Src/stm32f7xx_hal_flash.o
buff_r              0x1e              Core/Src/main.o
adc_value           0x4               Core/Src/main.o
hadc1               0x48              Core/Src/main.o
huart1              0x84              Core/Src/main.o
SDPath              0x4               FATFS/App/fatfs.o
SDFatFs             0x230             Core/Src/main.o
data                0x8               Core/Src/main.o
[...]
Memory Configuration

Name             Origin             Length             Attributes
RAM              0x0000000020000000 0x0000000000050000 xrw
FLASH            0x0000000008000000 0x0000000000100000 xr
*default*        0x0000000000000000 0xffffffffffffffff

Linker script and memory map

LOAD c:/st/stm32cubeide_1.6.1/stm32cubeide/plugins/com.st.stm32cube.ide.mcu.externaltools.gnu-tools-for-stm32.9-2020-q2-update.win32_1.5.0.202011040924/tools/bin/../lib/gcc/arm-none-eabi/9.3.1/thumb/v7e-m+fp/hard/crti.o
LOAD c:/st/stm32cubeide_1.6.1/stm32cubeide/plugins/com.st.stm32cube.ide.mcu.externaltools.gnu-tools-for-stm32.9-2020-q2-update.win32_1.5.0.202011040924/tools/bin/../lib/gcc/arm-none-eabi/9.3.1/thumb/v7e-m+fp/hard/crtbegin.o
LOAD c:/st/stm32cubeide_1.6.1/stm32cubeide/plugins/com.st.stm32cube.ide.mcu.externaltools.gnu-tools-for-stm32.9-2020-q2-update.win32_1.5.0.202011040924/tools/bin/../lib/gcc/arm-none-eabi/9.3.1/../../../../arm-none-eabi/lib/thumb/v7e-m+fp/hard/crt0.o
LOAD Core/Src/main.o
LOAD Core/Src/stm32f7xx_hal_msp.o
LOAD Core/Src/stm32f7xx_it.o
LOAD Core/Src/syscalls.o
LOAD Core/Src/sysmem.o
LOAD Core/Src/system_stm32f7xx.o
LOAD Core/Startup/startup_stm32f746nghx.o
LOAD Drivers/STM32F7xx_HAL_Driver/Src/stm32f7xx_hal.o
LOAD Drivers/STM32F7xx_HAL_Driver/Src/stm32f7xx_hal_adc.o
LOAD Drivers/STM32F7xx_HAL_Driver/Src/stm32f7xx_hal_adc_ex.o
LOAD Drivers/STM32F7xx_HAL_Driver/Src/stm32f7xx_hal_cortex.o
LOAD Drivers/STM32F7xx_HAL_Driver/Src/stm32f7xx_hal_dma.o
LOAD Drivers/STM32F7xx_HAL_Driver/Src/stm32f7xx_hal_dma_ex.o
LOAD Drivers/STM32F7xx_HAL_Driver/Src/stm32f7xx_hal_exti.o
LOAD Drivers/STM32F7xx_HAL_Driver/Src/stm32f7xx_hal_flash.o
LOAD Drivers/STM32F7xx_HAL_Driver/Src/stm32f7xx_hal_flash_ex.o
LOAD Drivers/STM32F7xx_HAL_Driver/Src/stm32f7xx_hal_gpio.o
LOAD Drivers/STM32F7xx_HAL_Driver/Src/stm32f7xx_hal_i2c.o
LOAD Drivers/STM32F7xx_HAL_Driver/Src/stm32f7xx_hal_i2c_ex.o
LOAD Drivers/STM32F7xx_HAL_Driver/Src/stm32f7xx_hal_pwr.o
LOAD Drivers/STM32F7xx_HAL_Driver/Src/stm32f7xx_hal_pwr_ex.o
LOAD Drivers/STM32F7xx_HAL_Driver/Src/stm32f7xx_hal_rcc.o
LOAD Drivers/STM32F7xx_HAL_Driver/Src/stm32f7xx_hal_rcc_ex.o
LOAD Drivers/STM32F7xx_HAL_Driver/Src/stm32f7xx_hal_sd.o
LOAD Drivers/STM32F7xx_HAL_Driver/Src/stm32f7xx_hal_tim.o
LOAD Drivers/STM32F7xx_HAL_Driver/Src/stm32f7xx_hal_tim_ex.o
LOAD Drivers/STM32F7xx_HAL_Driver/Src/stm32f7xx_hal_uart.o
LOAD Drivers/STM32F7xx_HAL_Driver/Src/stm32f7xx_hal_uart_ex.o
LOAD Drivers/STM32F7xx_HAL_Driver/Src/stm32f7xx_ll_sdmmc.o
LOAD FATFS/App/fatfs.o
LOAD FATFS/Target/bsp_driver_sd.o
LOAD FATFS/Target/sd_diskio.o
LOAD Middlewares/Third_Party/FatFs/src/diskio.o
LOAD Middlewares/Third_Party/FatFs/src/ff.o
LOAD Middlewares/Third_Party/FatFs/src/ff_gen_drv.o
LOAD Middlewares/Third_Party/FatFs/src/option/syscall.o
START GROUP
LOAD c:/st/stm32cubeide_1.6.1/stm32cubeide/plugins/com.st.stm32cube.ide.mcu.externaltools.gnu-tools-for-stm32.9-2020-q2-update.win32_1.5.0.202011040924/tools/bin/../lib/gcc/arm-none-eabi/9.3.1/../../../../arm-none-eabi/lib/thumb/v7e-m+fp/hard\libc_nano.a
LOAD c:/st/stm32cubeide_1.6.1/stm32cubeide/plugins/com.st.stm32cube.ide.mcu.externaltools.gnu-tools-for-stm32.9-2020-q2-update.win32_1.5.0.202011040924/tools/bin/../lib/gcc/arm-none-eabi/9.3.1/../../../../arm-none-eabi/lib/thumb/v7e-m+fp/hard\libm.a
END GROUP
START GROUP
LOAD c:/st/stm32cubeide_1.6.1/stm32cubeide/plugins/com.st.stm32cube.ide.mcu.externaltools.gnu-tools-for-stm32.9-2020-q2-update.win32_1.5.0.202011040924/tools/bin/../lib/gcc/arm-none-eabi/9.3.1/thumb/v7e-m+fp/hard\libgcc.a
LOAD c:/st/stm32cubeide_1.6.1/stm32cubeide/plugins/com.st.stm32cube.ide.mcu.externaltools.gnu-tools-for-stm32.9-2020-q2-update.win32_1.5.0.202011040924/tools/bin/../lib/gcc/arm-none-eabi/9.3.1/../../../../arm-none-eabi/lib/thumb/v7e-m+fp/hard\libc_nano.a
END GROUP
START GROUP
LOAD c:/st/stm32cubeide_1.6.1/stm32cubeide/plugins/com.st.stm32cube.ide.mcu.externaltools.gnu-tools-for-stm32.9-2020-q2-update.win32_1.5.0.202011040924/tools/bin/../lib/gcc/arm-none-eabi/9.3.1/thumb/v7e-m+fp/hard\libgcc.a
LOAD c:/st/stm32cubeide_1.6.1/stm32cubeide/plugins/com.st.stm32cube.ide.mcu.externaltools.gnu-tools-for-stm32.9-2020-q2-update.win32_1.5.0.202011040924/tools/bin/../lib/gcc/arm-none-eabi/9.3.1/../../../../arm-none-eabi/lib/thumb/v7e-m+fp/hard\libc_nano.a
LOAD c:/st/stm32cubeide_1.6.1/stm32cubeide/plugins/com.st.stm32cube.ide.mcu.externaltools.gnu-tools-for-stm32.9-2020-q2-update.win32_1.5.0.202011040924/tools/bin/../lib/gcc/arm-none-eabi/9.3.1/../../../../arm-none-eabi/lib/thumb/v7e-m+fp/hard\libnosys.a
END GROUP
START GROUP
LOAD c:/st/stm32cubeide_1.6.1/stm32cubeide/plugins/com.st.stm32cube.ide.mcu.externaltools.gnu-tools-for-stm32.9-2020-q2-update.win32_1.5.0.202011040924/tools/bin/../lib/gcc/arm-none-eabi/9.3.1/thumb/v7e-m+fp/hard\libgcc.a
LOAD c:/st/stm32cubeide_1.6.1/stm32cubeide/plugins/com.st.stm32cube.ide.mcu.externaltools.gnu-tools-for-stm32.9-2020-q2-update.win32_1.5.0.202011040924/tools/bin/../lib/gcc/arm-none-eabi/9.3.1/../../../../arm-none-eabi/lib/thumb/v7e-m+fp/hard\libc_nano.a
LOAD c:/st/stm32cubeide_1.6.1/stm32cubeide/plugins/com.st.stm32cube.ide.mcu.externaltools.gnu-tools-for-stm32.9-2020-q2-update.win32_1.5.0.202011040924/tools/bin/../lib/gcc/arm-none-eabi/9.3.1/../../../../arm-none-eabi/lib/thumb/v7e-m+fp/hard\libnosys.a
END GROUP
LOAD c:/st/stm32cubeide_1.6.1/stm32cubeide/plugins/com.st.stm32cube.ide.mcu.externaltools.gnu-tools-for-stm32.9-2020-q2-update.win32_1.5.0.202011040924/tools/bin/../lib/gcc/arm-none-eabi/9.3.1/thumb/v7e-m+fp/hard/crtend.o
LOAD c:/st/stm32cubeide_1.6.1/stm32cubeide/plugins/com.st.stm32cube.ide.mcu.externaltools.gnu-tools-for-stm32.9-2020-q2-update.win32_1.5.0.202011040924/tools/bin/../lib/gcc/arm-none-eabi/9.3.1/thumb/v7e-m+fp/hard/crtn.o
                0x0000000020050000                _estack = (ORIGIN (RAM) + LENGTH (RAM))
                0x0000000000000200                _Min_Heap_Size = 0x200
                0x0000000000000400                _Min_Stack_Size = 0x400

.isr_vector     0x0000000008000000      0x1c8
                0x0000000008000000                . = ALIGN (0x4)
 *(.isr_vector)
 .isr_vector    0x0000000008000000      0x1c8 Core/Startup/startup_stm32f746nghx.o
                0x0000000008000000                g_pfnVectors
                0x00000000080001c8                . = ALIGN (0x4)

.text           0x00000000080001c8     0x8244
                0x00000000080001c8                . = ALIGN (0x4)
 *(.text)
 .text          0x00000000080001c8       0x40 c:/st/stm32cubeide_1.6.1/stm32cubeide/plugins/com.st.stm32cube.ide.mcu.externaltools.gnu-tools-for-stm32.9-2020-q2-update.win32_1.5.0.202011040924/tools/bin/../lib/gcc/arm-none-eabi/9.3.1/thumb/v7e-m+fp/hard/crtbegin.o
 .text          0x0000000008000208       0x30 c:/st/stm32cubeide_1.6.1/stm32cubeide/plugins/com.st.stm32cube.ide.mcu.externaltools.gnu-tools-for-stm32.9-2020-q2-update.win32_1.5.0.202011040924/tools/bin/../lib/gcc/arm-none-eabi/9.3.1/thumb/v7e-m+fp/hard\libgcc.a(_aeabi_uldivmod.o)
                0x0000000008000208                __aeabi_uldivmod
 .text          0x0000000008000238      0x2c4 c:/st/stm32cubeide_1.6.1/stm32cubeide/plugins/com.st.stm32cube.ide.mcu.externaltools.gnu-tools-for-stm32.9-2020-q2-update.win32_1.5.0.202011040924/tools/bin/../lib/gcc/arm-none-eabi/9.3.1/thumb/v7e-m+fp/hard\libgcc.a(_udivmoddi4.o)
                0x0000000008000238                __udivmoddi4
 .text          0x00000000080004fc        0x4 c:/st/stm32cubeide_1.6.1/stm32cubeide/plugins/com.st.stm32cube.ide.mcu.externaltools.gnu-tools-for-stm32.9-2020-q2-update.win32_1.5.0.202011040924/tools/bin/../lib/gcc/arm-none-eabi/9.3.1/thumb/v7e-m+fp/hard\libgcc.a(_dvmd_tls.o)
                0x00000000080004fc                __aeabi_idiv0
                0x00000000080004fc                __aeabi_ldiv0
 *(.text*)
 .text.SCB_EnableICache
                0x0000000008000500       0x4c Core/Src/main.o
 .text.SCB_EnableDCache
                0x000000000800054c       0x88 Core/Src/main.o
 .text.tochar   0x00000000080005d4       0xb8 Core/Src/main.o
                0x00000000080005d4                tochar
 .text.main     0x000000000800068c      0x1fc Core/Src/main.o
                0x000000000800068c                main
 .text.SystemClock_Config
                0x0000000008000888      0x14c Core/Src/main.o
                0x0000000008000888                SystemClock_Config
 .text.MX_ADC1_Init
                0x00000000080009d4       0xa4 Core/Src/main.o
 .text.MX_SDMMC1_SD_Init
                0x0000000008000a78       0x40 Core/Src/main.o
 .text.MX_USART1_UART_Init
                0x0000000008000ab8       0x60 Core/Src/main.o
 .text.MX_GPIO_Init
                0x0000000008000b18       0x78 Core/Src/main.o
 .text.Error_Handler
                0x0000000008000b90        0xa Core/Src/main.o
                0x0000000008000b90                Error_Handler
 *fill*         0x0000000008000b9a        0x2 
 .text.HAL_MspInit
                0x0000000008000b9c       0x54 Core/Src/stm32f7xx_hal_msp.o
                0x0000000008000b9c                HAL_MspInit
 .text.HAL_ADC_MspInit
                0x0000000008000bf0       0x80 Core/Src/stm32f7xx_hal_msp.o
                0x0000000008000bf0                HAL_ADC_MspInit
 .text.HAL_SD_MspInit
                0x0000000008000c70       0xc4 Core/Src/stm32f7xx_hal_msp.o
                0x0000000008000c70                HAL_SD_MspInit
 .text.HAL_UART_MspInit
                0x0000000008000d34       0xc4 Core/Src/stm32f7xx_hal_msp.o
                0x0000000008000d34                HAL_UART_MspInit
 .text.NMI_Handler
                0x0000000008000df8        0x6 Core/Src/stm32f7xx_it.o
                0x0000000008000df8                NMI_Handler
 .text.HardFault_Handler
                0x0000000008000dfe        0x6 Core/Src/stm32f7xx_it.o
                0x0000000008000dfe                HardFault_Handler
 .text.MemManage_Handler
                0x0000000008000e04        0x6 Core/Src/stm32f7xx_it.o
                0x0000000008000e04                MemManage_Handler
 .text.BusFault_Handler
                0x0000000008000e0a        0x6 Core/Src/stm32f7xx_it.o
                0x0000000008000e0a                BusFault_Handler
 .text.UsageFault_Handler
                0x0000000008000e10        0x6 Core/Src/stm32f7xx_it.o
                0x0000000008000e10                UsageFault_Handler
 .text.SVC_Handler
                0x0000000008000e16        0xe Core/Src/stm32f7xx_it.o
                0x0000000008000e16                SVC_Handler
 .text.DebugMon_Handler
                0x0000000008000e24        0xe Core/Src/stm32f7xx_it.o
                0x0000000008000e24                DebugMon_Handler
 .text.PendSV_Handler
                0x0000000008000e32        0xe Core/Src/stm32f7xx_it.o
                0x0000000008000e32                PendSV_Handler
 .text.SysTick_Handler
                0x0000000008000e40        0xc Core/Src/stm32f7xx_it.o
                0x0000000008000e40                SysTick_Handler
 .text.RCC_IRQHandler
                0x0000000008000e4c        0xe Core/Src/stm32f7xx_it.o
                0x0000000008000e4c                RCC_IRQHandler
 *fill*         0x0000000008000e5a        0x2 
 .text.SystemInit
                0x0000000008000e5c       0x24 Core/Src/system_stm32f7xx.o
                0x0000000008000e5c                SystemInit
 .text.Reset_Handler
                0x0000000008000e80       0x50 Core/Startup/startup_stm32f746nghx.o
                0x0000000008000e80                Reset_Handler
 .text.Default_Handler
                0x0000000008000ed0        0x2 Core/Startup/startup_stm32f746nghx.o
                0x0000000008000ed0                RTC_Alarm_IRQHandler
                0x0000000008000ed0                EXTI2_IRQHandler
                0x0000000008000ed0                TIM8_CC_IRQHandler
                0x0000000008000ed0                UART8_IRQHandler
                0x0000000008000ed0                SPI4_IRQHandler
                0x0000000008000ed0                TIM1_CC_IRQHandler
                0x0000000008000ed0                DMA2_Stream5_IRQHandler
                0x0000000008000ed0                DMA1_Stream5_IRQHandler
                0x0000000008000ed0                PVD_IRQHandler
                0x0000000008000ed0                TAMP_STAMP_IRQHandler
                0x0000000008000ed0                CAN2_RX1_IRQHandler
                0x0000000008000ed0                EXTI3_IRQHandler
                0x0000000008000ed0                TIM8_TRG_COM_TIM14_IRQHandler
                0x0000000008000ed0                TIM1_UP_TIM10_IRQHandler
                0x0000000008000ed0                TIM8_UP_TIM13_IRQHandler
                0x0000000008000ed0                I2C3_ER_IRQHandler
                0x0000000008000ed0                EXTI0_IRQHandler
                0x0000000008000ed0                I2C2_EV_IRQHandler
                0x0000000008000ed0                DMA1_Stream2_IRQHandler
                0x0000000008000ed0                CAN1_RX0_IRQHandler
                0x0000000008000ed0                FPU_IRQHandler
                0x0000000008000ed0                OTG_HS_WKUP_IRQHandler
                0x0000000008000ed0                LTDC_ER_IRQHandler
                0x0000000008000ed0                CAN2_SCE_IRQHandler
                0x0000000008000ed0                DMA2_Stream2_IRQHandler
                0x0000000008000ed0                SPI1_IRQHandler
                0x0000000008000ed0                TIM6_DAC_IRQHandler
                0x0000000008000ed0                TIM1_BRK_TIM9_IRQHandler
                0x0000000008000ed0                DCMI_IRQHandler
                0x0000000008000ed0                CAN2_RX0_IRQHandler
                0x0000000008000ed0                DMA2_Stream3_IRQHandler
                0x0000000008000ed0                SAI2_IRQHandler
                0x0000000008000ed0                USART6_IRQHandler
                0x0000000008000ed0                USART3_IRQHandler
                0x0000000008000ed0                CAN1_RX1_IRQHandler
                0x0000000008000ed0                UART5_IRQHandler
                0x0000000008000ed0                DMA2_Stream0_IRQHandler
                0x0000000008000ed0                TIM4_IRQHandler
                0x0000000008000ed0                QUADSPI_IRQHandler
                0x0000000008000ed0                I2C1_EV_IRQHandler
                0x0000000008000ed0                DMA1_Stream6_IRQHandler
                0x0000000008000ed0                DMA1_Stream1_IRQHandler
                0x0000000008000ed0                UART4_IRQHandler
                0x0000000008000ed0                TIM3_IRQHandler
                0x0000000008000ed0                TIM8_BRK_TIM12_IRQHandler
                0x0000000008000ed0                Default_Handler
                0x0000000008000ed0                CEC_IRQHandler
                0x0000000008000ed0                EXTI15_10_IRQHandler
                0x0000000008000ed0                ADC_IRQHandler
                0x0000000008000ed0                DMA1_Stream7_IRQHandler
                0x0000000008000ed0                SPI5_IRQHandler
                0x0000000008000ed0                TIM7_IRQHandler
                0x0000000008000ed0                SDMMC1_IRQHandler
                0x0000000008000ed0                CAN2_TX_IRQHandler
                0x0000000008000ed0                TIM5_IRQHandler
                0x0000000008000ed0                DMA2_Stream7_IRQHandler
                0x0000000008000ed0                I2C3_EV_IRQHandler
                0x0000000008000ed0                EXTI9_5_IRQHandler
                0x0000000008000ed0                RTC_WKUP_IRQHandler
                0x0000000008000ed0                LTDC_IRQHandler
                0x0000000008000ed0                ETH_WKUP_IRQHandler
                0x0000000008000ed0                SPDIF_RX_IRQHandler
                0x0000000008000ed0                SPI2_IRQHandler
                0x0000000008000ed0                OTG_HS_EP1_IN_IRQHandler
                0x0000000008000ed0                DMA1_Stream0_IRQHandler
                0x0000000008000ed0                CAN1_TX_IRQHandler
                0x0000000008000ed0                EXTI4_IRQHandler
                0x0000000008000ed0                RNG_IRQHandler
                0x0000000008000ed0                ETH_IRQHandler
                0x0000000008000ed0                OTG_HS_EP1_OUT_IRQHandler
                0x0000000008000ed0                WWDG_IRQHandler
                0x0000000008000ed0                SPI6_IRQHandler
                0x0000000008000ed0                I2C4_EV_IRQHandler
                0x0000000008000ed0                TIM2_IRQHandler
                0x0000000008000ed0                OTG_FS_WKUP_IRQHandler
                0x0000000008000ed0                TIM1_TRG_COM_TIM11_IRQHandler
                0x0000000008000ed0                OTG_HS_IRQHandler
                0x0000000008000ed0                DMA2D_IRQHandler
                0x0000000008000ed0                EXTI1_IRQHandler
                0x0000000008000ed0                UART7_IRQHandler
                0x0000000008000ed0                USART2_IRQHandler
                0x0000000008000ed0                I2C2_ER_IRQHandler
                0x0000000008000ed0                DMA2_Stream1_IRQHandler
                0x0000000008000ed0                CAN1_SCE_IRQHandler
                0x0000000008000ed0                FLASH_IRQHandler
                0x0000000008000ed0                DMA2_Stream4_IRQHandler
                0x0000000008000ed0                USART1_IRQHandler
                0x0000000008000ed0                OTG_FS_IRQHandler
                0x0000000008000ed0                SPI3_IRQHandler
                0x0000000008000ed0                DMA1_Stream4_IRQHandler
                0x0000000008000ed0                I2C1_ER_IRQHandler
                0x0000000008000ed0                FMC_IRQHandler
                0x0000000008000ed0                LPTIM1_IRQHandler
                0x0000000008000ed0                I2C4_ER_IRQHandler
                0x0000000008000ed0                DMA2_Stream6_IRQHandler
                0x0000000008000ed0                SAI1_IRQHandler
                0x0000000008000ed0                DMA1_Stream3_IRQHandler
 *fill*         0x0000000008000ed2        0x2 
 .text.HAL_Init
                0x0000000008000ed4       0x38 Drivers/STM32F7xx_HAL_Driver/Src/stm32f7xx_hal.o
                0x0000000008000ed4                HAL_Init
 .text.HAL_InitTick
                0x0000000008000f0c       0x60 Drivers/STM32F7xx_HAL_Driver/Src/stm32f7xx_hal.o
                0x0000000008000f0c                HAL_InitTick
 .text.HAL_IncTick
                0x0000000008000f6c       0x28 Drivers/STM32F7xx_HAL_Driver/Src/stm32f7xx_hal.o
                0x0000000008000f6c                HAL_IncTick
 .text.HAL_GetTick
                0x0000000008000f94       0x18 Drivers/STM32F7xx_HAL_Driver/Src/stm32f7xx_hal.o
                0x0000000008000f94                HAL_GetTick
 .text.HAL_Delay
                0x0000000008000fac       0x48 Drivers/STM32F7xx_HAL_Driver/Src/stm32f7xx_hal.o
                0x0000000008000fac                HAL_Delay
 .text.HAL_ADC_Init
                0x0000000008000ff4       0x88 Drivers/STM32F7xx_HAL_Driver/Src/stm32f7xx_hal_adc.o
                0x0000000008000ff4                HAL_ADC_Init
 .text.HAL_ADC_Start
                0x000000000800107c      0x19c Drivers/STM32F7xx_HAL_Driver/Src/stm32f7xx_hal_adc.o
                0x000000000800107c                HAL_ADC_Start
 .text.HAL_ADC_PollForConversion
                0x0000000008001218      0x116 Drivers/STM32F7xx_HAL_Driver/Src/stm32f7xx_hal_adc.o
                0x0000000008001218                HAL_ADC_PollForConversion
 .text.HAL_ADC_GetValue
                0x000000000800132e       0x1a Drivers/STM32F7xx_HAL_Driver/Src/stm32f7xx_hal_adc.o
                0x000000000800132e                HAL_ADC_GetValue
 .text.HAL_ADC_ConfigChannel
                0x0000000008001348      0x294 Drivers/STM32F7xx_HAL_Driver/Src/stm32f7xx_hal_adc.o
                0x0000000008001348                HAL_ADC_ConfigChannel
 .text.ADC_Init
                0x00000000080015dc      0x1f4 Drivers/STM32F7xx_HAL_Driver/Src/stm32f7xx_hal_adc.o
 .text.__NVIC_SetPriorityGrouping
                0x00000000080017d0       0x48 Drivers/STM32F7xx_HAL_Driver/Src/stm32f7xx_hal_cortex.o
 .text.__NVIC_GetPriorityGrouping
                0x0000000008001818       0x1c Drivers/STM32F7xx_HAL_Driver/Src/stm32f7xx_hal_cortex.o
 .text.__NVIC_EnableIRQ
                0x0000000008001834       0x3c Drivers/STM32F7xx_HAL_Driver/Src/stm32f7xx_hal_cortex.o
 .text.__NVIC_SetPriority
                0x0000000008001870       0x54 Drivers/STM32F7xx_HAL_Driver/Src/stm32f7xx_hal_cortex.o
 .text.NVIC_EncodePriority
                0x00000000080018c4       0x66 Drivers/STM32F7xx_HAL_Driver/Src/stm32f7xx_hal_cortex.o
 *fill*         0x000000000800192a        0x2 
 .text.SysTick_Config
                0x000000000800192c       0x44 Drivers/STM32F7xx_HAL_Driver/Src/stm32f7xx_hal_cortex.o
 .text.HAL_NVIC_SetPriorityGrouping
                0x0000000008001970       0x16 Drivers/STM32F7xx_HAL_Driver/Src/stm32f7xx_hal_cortex.o
                0x0000000008001970                HAL_NVIC_SetPriorityGrouping
 .text.HAL_NVIC_SetPriority
                0x0000000008001986       0x38 Drivers/STM32F7xx_HAL_Driver/Src/stm32f7xx_hal_cortex.o
                0x0000000008001986                HAL_NVIC_SetPriority
 .text.HAL_NVIC_EnableIRQ
                0x00000000080019be       0x1c Drivers/STM32F7xx_HAL_Driver/Src/stm32f7xx_hal_cortex.o
                0x00000000080019be                HAL_NVIC_EnableIRQ
 .text.HAL_SYSTICK_Config
                0x00000000080019da       0x18 Drivers/STM32F7xx_HAL_Driver/Src/stm32f7xx_hal_cortex.o
                0x00000000080019da                HAL_SYSTICK_Config
 *fill*         0x00000000080019f2        0x2 
 .text.HAL_GPIO_Init
                0x00000000080019f4      0x358 Drivers/STM32F7xx_HAL_Driver/Src/stm32f7xx_hal_gpio.o
                0x00000000080019f4                HAL_GPIO_Init
 .text.HAL_PWREx_EnableOverDrive
                0x0000000008001d4c       0xa0 Drivers/STM32F7xx_HAL_Driver/Src/stm32f7xx_hal_pwr_ex.o
                0x0000000008001d4c                HAL_PWREx_EnableOverDrive
 .text.HAL_RCC_OscConfig
                0x0000000008001dec      0x548 Drivers/STM32F7xx_HAL_Driver/Src/stm32f7xx_hal_rcc.o
                0x0000000008001dec                HAL_RCC_OscConfig
 .text.HAL_RCC_ClockConfig
                0x0000000008002334      0x1d8 Drivers/STM32F7xx_HAL_Driver/Src/stm32f7xx_hal_rcc.o
                0x0000000008002334                HAL_RCC_ClockConfig
 .text.HAL_RCC_GetSysClockFreq
                0x000000000800250c      0x16c Drivers/STM32F7xx_HAL_Driver/Src/stm32f7xx_hal_rcc.o
                0x000000000800250c                HAL_RCC_GetSysClockFreq
 .text.HAL_RCC_GetHCLKFreq
                0x0000000008002678       0x18 Drivers/STM32F7xx_HAL_Driver/Src/stm32f7xx_hal_rcc.o
                0x0000000008002678                HAL_RCC_GetHCLKFreq
 .text.HAL_RCC_GetPCLK1Freq
                0x0000000008002690       0x28 Drivers/STM32F7xx_HAL_Driver/Src/stm32f7xx_hal_rcc.o
                0x0000000008002690                HAL_RCC_GetPCLK1Freq
 .text.HAL_RCC_GetPCLK2Freq
                0x00000000080026b8       0x28 Drivers/STM32F7xx_HAL_Driver/Src/stm32f7xx_hal_rcc.o
                0x00000000080026b8                HAL_RCC_GetPCLK2Freq
 .text.HAL_RCCEx_PeriphCLKConfig
                0x00000000080026e0      0x7e0 Drivers/STM32F7xx_HAL_Driver/Src/stm32f7xx_hal_rcc_ex.o
                0x00000000080026e0                HAL_RCCEx_PeriphCLKConfig
 .text.HAL_SD_Init
                0x0000000008002ec0       0x60 Drivers/STM32F7xx_HAL_Driver/Src/stm32f7xx_hal_sd.o
                0x0000000008002ec0                HAL_SD_Init
 .text.HAL_SD_InitCard
                0x0000000008002f20      0x10c Drivers/STM32F7xx_HAL_Driver/Src/stm32f7xx_hal_sd.o
                0x0000000008002f20                HAL_SD_InitCard
 .text.HAL_SD_ReadBlocks
                0x000000000800302c      0x3bc Drivers/STM32F7xx_HAL_Driver/Src/stm32f7xx_hal_sd.o
                0x000000000800302c                HAL_SD_ReadBlocks
 .text.HAL_SD_WriteBlocks
                0x00000000080033e8      0x30c Drivers/STM32F7xx_HAL_Driver/Src/stm32f7xx_hal_sd.o
                0x00000000080033e8                HAL_SD_WriteBlocks
 .text.HAL_SD_GetCardCSD
                0x00000000080036f4      0x348 Drivers/STM32F7xx_HAL_Driver/Src/stm32f7xx_hal_sd.o
                0x00000000080036f4                HAL_SD_GetCardCSD
 .text.HAL_SD_GetCardInfo
                0x0000000008003a3c       0x58 Drivers/STM32F7xx_HAL_Driver/Src/stm32f7xx_hal_sd.o
                0x0000000008003a3c                HAL_SD_GetCardInfo
 .text.HAL_SD_GetCardState
                0x0000000008003a94       0x40 Drivers/STM32F7xx_HAL_Driver/Src/stm32f7xx_hal_sd.o
                0x0000000008003a94                HAL_SD_GetCardState
 .text.SD_InitCard
                0x0000000008003ad4      0x198 Drivers/STM32F7xx_HAL_Driver/Src/stm32f7xx_hal_sd.o
 .text.SD_PowerON
                0x0000000008003c6c      0x11c Drivers/STM32F7xx_HAL_Driver/Src/stm32f7xx_hal_sd.o
 .text.SD_SendStatus
                0x0000000008003d88       0x50 Drivers/STM32F7xx_HAL_Driver/Src/stm32f7xx_hal_sd.o
 .text.HAL_UART_Init
                0x0000000008003dd8       0x9c Drivers/STM32F7xx_HAL_Driver/Src/stm32f7xx_hal_uart.o
                0x0000000008003dd8                HAL_UART_Init
 .text.HAL_UART_Transmit
                0x0000000008003e74      0x126 Drivers/STM32F7xx_HAL_Driver/Src/stm32f7xx_hal_uart.o
                0x0000000008003e74                HAL_UART_Transmit
 *fill*         0x0000000008003f9a        0x2 
 .text.UART_SetConfig
                0x0000000008003f9c      0x4c4 Drivers/STM32F7xx_HAL_Driver/Src/stm32f7xx_hal_uart.o
                0x0000000008003f9c                UART_SetConfig
 .text.UART_AdvFeatureConfig
                0x0000000008004460      0x144 Drivers/STM32F7xx_HAL_Driver/Src/stm32f7xx_hal_uart.o
                0x0000000008004460                UART_AdvFeatureConfig
 .text.UART_CheckIdleState
                0x00000000080045a4       0x66 Drivers/STM32F7xx_HAL_Driver/Src/stm32f7xx_hal_uart.o
                0x00000000080045a4                UART_CheckIdleState
 .text.UART_WaitOnFlagUntilTimeout
                0x000000000800460a       0xf8 Drivers/STM32F7xx_HAL_Driver/Src/stm32f7xx_hal_uart.o
                0x000000000800460a                UART_WaitOnFlagUntilTimeout
 *fill*         0x0000000008004702        0x2 
 .text.SDMMC_Init
                0x0000000008004704       0x58 Drivers/STM32F7xx_HAL_Driver/Src/stm32f7xx_ll_sdmmc.o
                0x0000000008004704                SDMMC_Init
 .text.SDMMC_ReadFIFO
                0x000000000800475c       0x1a Drivers/STM32F7xx_HAL_Driver/Src/stm32f7xx_ll_sdmmc.o
                0x000000000800475c                SDMMC_ReadFIFO
 .text.SDMMC_WriteFIFO
                0x0000000008004776       0x22 Drivers/STM32F7xx_HAL_Driver/Src/stm32f7xx_ll_sdmmc.o
                0x0000000008004776                SDMMC_WriteFIFO
 .text.SDMMC_PowerState_ON
                0x0000000008004798       0x1e Drivers/STM32F7xx_HAL_Driver/Src/stm32f7xx_ll_sdmmc.o
                0x0000000008004798                SDMMC_PowerState_ON
 .text.SDMMC_GetPowerState
                0x00000000080047b6       0x1c Drivers/STM32F7xx_HAL_Driver/Src/stm32f7xx_ll_sdmmc.o
                0x00000000080047b6                SDMMC_GetPowerState
 *fill*         0x00000000080047d2        0x2 
 .text.SDMMC_SendCommand
                0x00000000080047d4       0x54 Drivers/STM32F7xx_HAL_Driver/Src/stm32f7xx_ll_sdmmc.o
                0x00000000080047d4                SDMMC_SendCommand
 .text.SDMMC_GetCommandResponse
                0x0000000008004828       0x1a Drivers/STM32F7xx_HAL_Driver/Src/stm32f7xx_ll_sdmmc.o
                0x0000000008004828                SDMMC_GetCommandResponse
 .text.SDMMC_GetResponse
                0x0000000008004842       0x26 Drivers/STM32F7xx_HAL_Driver/Src/stm32f7xx_ll_sdmmc.o
                0x0000000008004842                SDMMC_GetResponse
 .text.SDMMC_ConfigData
                0x0000000008004868       0x58 Drivers/STM32F7xx_HAL_Driver/Src/stm32f7xx_ll_sdmmc.o
                0x0000000008004868                SDMMC_ConfigData
 .text.SDMMC_CmdBlockLength
                0x00000000080048c0       0x44 Drivers/STM32F7xx_HAL_Driver/Src/stm32f7xx_ll_sdmmc.o
                0x00000000080048c0                SDMMC_CmdBlockLength
 .text.SDMMC_CmdReadSingleBlock
                0x0000000008004904       0x44 Drivers/STM32F7xx_HAL_Driver/Src/stm32f7xx_ll_sdmmc.o
                0x0000000008004904                SDMMC_CmdReadSingleBlock
 .text.SDMMC_CmdReadMultiBlock
                0x0000000008004948       0x44 Drivers/STM32F7xx_HAL_Driver/Src/stm32f7xx_ll_sdmmc.o
                0x0000000008004948                SDMMC_CmdReadMultiBlock
 .text.SDMMC_CmdWriteSingleBlock
                0x000000000800498c       0x44 Drivers/STM32F7xx_HAL_Driver/Src/stm32f7xx_ll_sdmmc.o
                0x000000000800498c                SDMMC_CmdWriteSingleBlock
 .text.SDMMC_CmdWriteMultiBlock
                0x00000000080049d0       0x44 Drivers/STM32F7xx_HAL_Driver/Src/stm32f7xx_ll_sdmmc.o
                0x00000000080049d0                SDMMC_CmdWriteMultiBlock
 .text.SDMMC_CmdStopTransfer
                0x0000000008004a14       0x44 Drivers/STM32F7xx_HAL_Driver/Src/stm32f7xx_ll_sdmmc.o
                0x0000000008004a14                SDMMC_CmdStopTransfer
 .text.SDMMC_CmdSelDesel
                0x0000000008004a58       0x46 Drivers/STM32F7xx_HAL_Driver/Src/stm32f7xx_ll_sdmmc.o
                0x0000000008004a58                SDMMC_CmdSelDesel
 .text.SDMMC_CmdGoIdleState
                0x0000000008004a9e       0x3c Drivers/STM32F7xx_HAL_Driver/Src/stm32f7xx_ll_sdmmc.o
                0x0000000008004a9e                SDMMC_CmdGoIdleState
 .text.SDMMC_CmdOperCond
                0x0000000008004ada       0x3e Drivers/STM32F7xx_HAL_Driver/Src/stm32f7xx_ll_sdmmc.o
                0x0000000008004ada                SDMMC_CmdOperCond
 .text.SDMMC_CmdAppCommand
                0x0000000008004b18       0x44 Drivers/STM32F7xx_HAL_Driver/Src/stm32f7xx_ll_sdmmc.o
                0x0000000008004b18                SDMMC_CmdAppCommand
 .text.SDMMC_CmdAppOperCommand
                0x0000000008004b5c       0x48 Drivers/STM32F7xx_HAL_Driver/Src/stm32f7xx_ll_sdmmc.o
                0x0000000008004b5c                SDMMC_CmdAppOperCommand
 .text.SDMMC_CmdSendCID
                0x0000000008004ba4       0x3c Drivers/STM32F7xx_HAL_Driver/Src/stm32f7xx_ll_sdmmc.o
                0x0000000008004ba4                SDMMC_CmdSendCID
 .text.SDMMC_CmdSendCSD
                0x0000000008004be0       0x3e Drivers/STM32F7xx_HAL_Driver/Src/stm32f7xx_ll_sdmmc.o
                0x0000000008004be0                SDMMC_CmdSendCSD
 .text.SDMMC_CmdSetRelAdd
                0x0000000008004c1e       0x42 Drivers/STM32F7xx_HAL_Driver/Src/stm32f7xx_ll_sdmmc.o
                0x0000000008004c1e                SDMMC_CmdSetRelAdd
 .text.SDMMC_CmdSendStatus
                0x0000000008004c60       0x44 Drivers/STM32F7xx_HAL_Driver/Src/stm32f7xx_ll_sdmmc.o
                0x0000000008004c60                SDMMC_CmdSendStatus
 .text.SDMMC_GetCmdError
                0x0000000008004ca4       0x58 Drivers/STM32F7xx_HAL_Driver/Src/stm32f7xx_ll_sdmmc.o
 .text.SDMMC_GetCmdResp1
                0x0000000008004cfc      0x1dc Drivers/STM32F7xx_HAL_Driver/Src/stm32f7xx_ll_sdmmc.o
 .text.SDMMC_GetCmdResp2
                0x0000000008004ed8       0x90 Drivers/STM32F7xx_HAL_Driver/Src/stm32f7xx_ll_sdmmc.o
 .text.SDMMC_GetCmdResp3
                0x0000000008004f68       0x7c Drivers/STM32F7xx_HAL_Driver/Src/stm32f7xx_ll_sdmmc.o
 .text.SDMMC_GetCmdResp6
                0x0000000008004fe4       0xec Drivers/STM32F7xx_HAL_Driver/Src/stm32f7xx_ll_sdmmc.o
 .text.SDMMC_GetCmdResp7
                0x00000000080050d0       0x9c Drivers/STM32F7xx_HAL_Driver/Src/stm32f7xx_ll_sdmmc.o
 .text.MX_FATFS_Init
                0x000000000800516c       0x24 FATFS/App/fatfs.o
                0x000000000800516c                MX_FATFS_Init
 .text.get_fattime
                0x0000000008005190       0x10 FATFS/App/fatfs.o
                0x0000000008005190                get_fattime
 .text.BSP_SD_Init
                0x00000000080051a0       0x30 FATFS/Target/bsp_driver_sd.o
                0x00000000080051a0                BSP_SD_Init
 .text.BSP_SD_ReadBlocks
                0x00000000080051d0       0x3c FATFS/Target/bsp_driver_sd.o
                0x00000000080051d0                BSP_SD_ReadBlocks
 .text.BSP_SD_WriteBlocks
                0x000000000800520c       0x3c FATFS/Target/bsp_driver_sd.o
                0x000000000800520c                BSP_SD_WriteBlocks
 .text.BSP_SD_GetCardState
                0x0000000008005248       0x20 FATFS/Target/bsp_driver_sd.o
                0x0000000008005248                BSP_SD_GetCardState
 .text.BSP_SD_GetCardInfo
                0x0000000008005268       0x1c FATFS/Target/bsp_driver_sd.o
                0x0000000008005268                BSP_SD_GetCardInfo
 .text.BSP_SD_IsDetected
                0x0000000008005284       0x1a FATFS/Target/bsp_driver_sd.o
                0x0000000008005284                BSP_SD_IsDetected
 *fill*         0x000000000800529e        0x2 
 .text.SD_CheckStatus
                0x00000000080052a0       0x3c FATFS/Target/sd_diskio.o
 .text.SD_initialize
                0x00000000080052dc       0x3c FATFS/Target/sd_diskio.o
                0x00000000080052dc                SD_initialize
 .text.SD_status
                0x0000000008005318       0x1c FATFS/Target/sd_diskio.o
                0x0000000008005318                SD_status
 .text.SD_read  0x0000000008005334       0x42 FATFS/Target/sd_diskio.o
                0x0000000008005334                SD_read
 .text.SD_write
                0x0000000008005376       0x42 FATFS/Target/sd_diskio.o
                0x0000000008005376                SD_write
 .text.SD_ioctl
                0x00000000080053b8       0xb0 FATFS/Target/sd_diskio.o
                0x00000000080053b8                SD_ioctl
 .text.disk_status
                0x0000000008005468       0x34 Middlewares/Third_Party/FatFs/src/diskio.o
                0x0000000008005468                disk_status
 .text.disk_initialize
                0x000000000800549c       0x4c Middlewares/Third_Party/FatFs/src/diskio.o
                0x000000000800549c                disk_initialize
 .text.disk_read
                0x00000000080054e8       0x40 Middlewares/Third_Party/FatFs/src/diskio.o
                0x00000000080054e8                disk_read
 .text.disk_write
                0x0000000008005528       0x40 Middlewares/Third_Party/FatFs/src/diskio.o
                0x0000000008005528                disk_write
 .text.disk_ioctl
                0x0000000008005568       0x3c Middlewares/Third_Party/FatFs/src/diskio.o
                0x0000000008005568                disk_ioctl
 .text.ld_word  0x00000000080055a4       0x30 Middlewares/Third_Party/FatFs/src/ff.o
 .text.ld_dword
                0x00000000080055d4       0x46 Middlewares/Third_Party/FatFs/src/ff.o
 .text.st_word  0x000000000800561a       0x36 Middlewares/Third_Party/FatFs/src/ff.o
 .text.st_dword
                0x0000000008005650       0x58 Middlewares/Third_Party/FatFs/src/ff.o
 .text.mem_cpy  0x00000000080056a8       0x42 Middlewares/Third_Party/FatFs/src/ff.o
 .text.mem_set  0x00000000080056ea       0x36 Middlewares/Third_Party/FatFs/src/ff.o
 .text.mem_cmp  0x0000000008005720       0x4e Middlewares/Third_Party/FatFs/src/ff.o
 .text.chk_chr  0x000000000800576e       0x36 Middlewares/Third_Party/FatFs/src/ff.o
 .text.chk_lock
                0x00000000080057a4       0xb8 Middlewares/Third_Party/FatFs/src/ff.o
 .text.enq_lock
                0x000000000800585c       0x44 Middlewares/Third_Party/FatFs/src/ff.o
 .text.inc_lock
                0x00000000080058a0      0x11c Middlewares/Third_Party/FatFs/src/ff.o
 .text.dec_lock
                0x00000000080059bc       0x78 Middlewares/Third_Party/FatFs/src/ff.o
 .text.clear_lock
                0x0000000008005a34       0x48 Middlewares/Third_Party/FatFs/src/ff.o
 .text.sync_window
                0x0000000008005a7c       0x88 Middlewares/Third_Party/FatFs/src/ff.o
 .text.move_window
                0x0000000008005b04       0x5a Middlewares/Third_Party/FatFs/src/ff.o
 *fill*         0x0000000008005b5e        0x2 
 .text.sync_fs  0x0000000008005b60       0xdc Middlewares/Third_Party/FatFs/src/ff.o
 .text.clust2sect
                0x0000000008005c3c       0x3e Middlewares/Third_Party/FatFs/src/ff.o
 .text.get_fat  0x0000000008005c7a      0x150 Middlewares/Third_Party/FatFs/src/ff.o
 .text.put_fat  0x0000000008005dca      0x1d8 Middlewares/Third_Party/FatFs/src/ff.o
 .text.remove_chain
                0x0000000008005fa2       0xca Middlewares/Third_Party/FatFs/src/ff.o
 .text.create_chain
                0x000000000800606c      0x130 Middlewares/Third_Party/FatFs/src/ff.o
 .text.clmt_clust
                0x000000000800619c       0x68 Middlewares/Third_Party/FatFs/src/ff.o
 .text.dir_sdi  0x0000000008006204       0xf6 Middlewares/Third_Party/FatFs/src/ff.o
 .text.dir_next
                0x00000000080062fa      0x18a Middlewares/Third_Party/FatFs/src/ff.o
 .text.dir_alloc
                0x0000000008006484       0x8e Middlewares/Third_Party/FatFs/src/ff.o
 .text.ld_clust
                0x0000000008006512       0x3e Middlewares/Third_Party/FatFs/src/ff.o
 .text.st_clust
                0x0000000008006550       0x40 Middlewares/Third_Party/FatFs/src/ff.o
 .text.dir_find
                0x0000000008006590       0xaa Middlewares/Third_Party/FatFs/src/ff.o
 .text.dir_register
                0x000000000800663a       0x64 Middlewares/Third_Party/FatFs/src/ff.o
 *fill*         0x000000000800669e        0x2 
 .text.create_name
                0x00000000080066a0      0x128 Middlewares/Third_Party/FatFs/src/ff.o
 .text.follow_path
                0x00000000080067c8       0xe2 Middlewares/Third_Party/FatFs/src/ff.o
 .text.get_ldnumber
                0x00000000080068aa       0x88 Middlewares/Third_Party/FatFs/src/ff.o
 *fill*         0x0000000008006932        0x2 
 .text.check_fs
                0x0000000008006934       0xac Middlewares/Third_Party/FatFs/src/ff.o
 .text.find_volume
                0x00000000080069e0      0x498 Middlewares/Third_Party/FatFs/src/ff.o
 .text.validate
                0x0000000008006e78       0x6a Middlewares/Third_Party/FatFs/src/ff.o
 *fill*         0x0000000008006ee2        0x2 
 .text.f_mount  0x0000000008006ee4       0x8c Middlewares/Third_Party/FatFs/src/ff.o
                0x0000000008006ee4                f_mount
 .text.f_open   0x0000000008006f70      0x37c Middlewares/Third_Party/FatFs/src/ff.o
                0x0000000008006f70                f_open
 .text.f_read   0x00000000080072ec      0x27e Middlewares/Third_Party/FatFs/src/ff.o
                0x00000000080072ec                f_read
 .text.f_write  0x000000000800756a      0x2ea Middlewares/Third_Party/FatFs/src/ff.o
                0x000000000800756a                f_write
 .text.f_sync   0x0000000008007854       0xfc Middlewares/Third_Party/FatFs/src/ff.o
                0x0000000008007854                f_sync
 .text.f_close  0x0000000008007950       0x54 Middlewares/Third_Party/FatFs/src/ff.o
                0x0000000008007950                f_close
 .text.f_lseek  0x00000000080079a4      0x412 Middlewares/Third_Party/FatFs/src/ff.o
                0x00000000080079a4                f_lseek
 .text.putc_bfd
                0x0000000008007db6       0x7a Middlewares/Third_Party/FatFs/src/ff.o
 .text.putc_flush
                0x0000000008007e30       0x4a Middlewares/Third_Party/FatFs/src/ff.o
 .text.putc_init
                0x0000000008007e7a       0x2a Middlewares/Third_Party/FatFs/src/ff.o
 .text.f_printf
                0x0000000008007ea4      0x440 Middlewares/Third_Party/FatFs/src/ff.o
                0x0000000008007ea4                f_printf
 .text.FATFS_LinkDriverEx
                0x00000000080082e4       0x98 Middlewares/Third_Party/FatFs/src/ff_gen_drv.o
                0x00000000080082e4                FATFS_LinkDriverEx
 .text.FATFS_LinkDriver
                0x000000000800837c       0x1e Middlewares/Third_Party/FatFs/src/ff_gen_drv.o
                0x000000000800837c                FATFS_LinkDriver
 *fill*         0x000000000800839a        0x2 
 .text.__libc_init_array
                0x000000000800839c       0x48 c:/st/stm32cubeide_1.6.1/stm32cubeide/plugins/com.st.stm32cube.ide.mcu.externaltools.gnu-tools-for-stm32.9-2020-q2-update.win32_1.5.0.202011040924/tools/bin/../lib/gcc/arm-none-eabi/9.3.1/../../../../arm-none-eabi/lib/thumb/v7e-m+fp/hard\libc_nano.a(lib_a-init.o)
                0x000000000800839c                __libc_init_array
 .text.memset   0x00000000080083e4       0x10 c:/st/stm32cubeide_1.6.1/stm32cubeide/plugins/com.st.stm32cube.ide.mcu.externaltools.gnu-tools-for-stm32.9-2020-q2-update.win32_1.5.0.202011040924/tools/bin/../lib/gcc/arm-none-eabi/9.3.1/../../../../arm-none-eabi/lib/thumb/v7e-m+fp/hard\libc_nano.a(lib_a-memset.o)
                0x00000000080083e4                memset
 *(.glue_7)
 .glue_7        0x00000000080083f4        0x0 linker stubs
 *(.glue_7t)
 .glue_7t       0x00000000080083f4        0x0 linker stubs
 *(.eh_frame)
 .eh_frame      0x00000000080083f4        0x0 c:/st/stm32cubeide_1.6.1/stm32cubeide/plugins/com.st.stm32cube.ide.mcu.externaltools.gnu-tools-for-stm32.9-2020-q2-update.win32_1.5.0.202011040924/tools/bin/../lib/gcc/arm-none-eabi/9.3.1/thumb/v7e-m+fp/hard/crtbegin.o
 *(.init)
 .init          0x00000000080083f4        0x4 c:/st/stm32cubeide_1.6.1/stm32cubeide/plugins/com.st.stm32cube.ide.mcu.externaltools.gnu-tools-for-stm32.9-2020-q2-update.win32_1.5.0.202011040924/tools/bin/../lib/gcc/arm-none-eabi/9.3.1/thumb/v7e-m+fp/hard/crti.o
                0x00000000080083f4                _init
 .init          0x00000000080083f8        0x8 c:/st/stm32cubeide_1.6.1/stm32cubeide/plugins/com.st.stm32cube.ide.mcu.externaltools.gnu-tools-for-stm32.9-2020-q2-update.win32_1.5.0.202011040924/tools/bin/../lib/gcc/arm-none-eabi/9.3.1/thumb/v7e-m+fp/hard/crtn.o
 *(.fini)
 .fini          0x0000000008008400        0x4 c:/st/stm32cubeide_1.6.1/stm32cubeide/plugins/com.st.stm32cube.ide.mcu.externaltools.gnu-tools-for-stm32.9-2020-q2-update.win32_1.5.0.202011040924/tools/bin/../lib/gcc/arm-none-eabi/9.3.1/thumb/v7e-m+fp/hard/crti.o
                0x0000000008008400                _fini
 .fini          0x0000000008008404        0x8 c:/st/stm32cubeide_1.6.1/stm32cubeide/plugins/com.st.stm32cube.ide.mcu.externaltools.gnu-tools-for-stm32.9-2020-q2-update.win32_1.5.0.202011040924/tools/bin/../lib/gcc/arm-none-eabi/9.3.1/thumb/v7e-m+fp/hard/crtn.o
                0x000000000800840c                . = ALIGN (0x4)
                0x000000000800840c                _etext = .

.vfp11_veneer   0x000000000800840c        0x0
 .vfp11_veneer  0x000000000800840c        0x0 linker stubs

.v4_bx          0x000000000800840c        0x0
 .v4_bx         0x000000000800840c        0x0 linker stubs

.iplt           0x000000000800840c        0x0
 .iplt          0x000000000800840c        0x0 c:/st/stm32cubeide_1.6.1/stm32cubeide/plugins/com.st.stm32cube.ide.mcu.externaltools.gnu-tools-for-stm32.9-2020-q2-update.win32_1.5.0.202011040924/tools/bin/../lib/gcc/arm-none-eabi/9.3.1/thumb/v7e-m+fp/hard/crtbegin.o

.rodata         0x000000000800840c      0x104
                0x000000000800840c                . = ALIGN (0x4)
 *(.rodata)
 .rodata        0x000000000800840c       0x13 Core/Src/main.o
 *fill*         0x000000000800841f        0x1 
 .rodata        0x0000000008008420       0x44 Middlewares/Third_Party/FatFs/src/ff.o
 *(.rodata*)
 .rodata.AHBPrescTable
                0x0000000008008464       0x10 Core/Src/system_stm32f7xx.o
                0x0000000008008464                AHBPrescTable
 .rodata.APBPrescTable
                0x0000000008008474        0x8 Core/Src/system_stm32f7xx.o
                0x0000000008008474                APBPrescTable
 .rodata.SD_Driver
                0x000000000800847c       0x14 FATFS/Target/sd_diskio.o
                0x000000000800847c                SD_Driver
 .rodata.ExCvt  0x0000000008008490       0x80 Middlewares/Third_Party/FatFs/src/ff.o
                0x0000000008008510                . = ALIGN (0x4)

.ARM.extab      0x0000000008008510        0x0
                0x0000000008008510                . = ALIGN (0x4)
 *(.ARM.extab* .gnu.linkonce.armextab.*)
                0x0000000008008510                . = ALIGN (0x4)

.ARM            0x0000000008008510        0x8
                0x0000000008008510                . = ALIGN (0x4)
                0x0000000008008510                __exidx_start = .
 *(.ARM.exidx*)
 .ARM.exidx     0x0000000008008510        0x8 c:/st/stm32cubeide_1.6.1/stm32cubeide/plugins/com.st.stm32cube.ide.mcu.externaltools.gnu-tools-for-stm32.9-2020-q2-update.win32_1.5.0.202011040924/tools/bin/../lib/gcc/arm-none-eabi/9.3.1/thumb/v7e-m+fp/hard\libgcc.a(_udivmoddi4.o)
                0x0000000008008518                __exidx_end = .
                0x0000000008008518                . = ALIGN (0x4)

.rel.dyn        0x0000000008008518        0x0
 .rel.iplt      0x0000000008008518        0x0 c:/st/stm32cubeide_1.6.1/stm32cubeide/plugins/com.st.stm32cube.ide.mcu.externaltools.gnu-tools-for-stm32.9-2020-q2-update.win32_1.5.0.202011040924/tools/bin/../lib/gcc/arm-none-eabi/9.3.1/thumb/v7e-m+fp/hard/crtbegin.o

.preinit_array  0x0000000008008518        0x0
                0x0000000008008518                . = ALIGN (0x4)
                0x0000000008008518                PROVIDE (__preinit_array_start = .)
 *(.preinit_array*)
                0x0000000008008518                PROVIDE (__preinit_array_end = .)
                0x0000000008008518                . = ALIGN (0x4)

.init_array     0x0000000008008518        0x4
                0x0000000008008518                . = ALIGN (0x4)
                0x0000000008008518                PROVIDE (__init_array_start = .)
 *(SORT_BY_NAME(.init_array.*))
 *(.init_array*)
 .init_array    0x0000000008008518        0x4 c:/st/stm32cubeide_1.6.1/stm32cubeide/plugins/com.st.stm32cube.ide.mcu.externaltools.gnu-tools-for-stm32.9-2020-q2-update.win32_1.5.0.202011040924/tools/bin/../lib/gcc/arm-none-eabi/9.3.1/thumb/v7e-m+fp/hard/crtbegin.o
                0x000000000800851c                PROVIDE (__init_array_end = .)
                0x000000000800851c                . = ALIGN (0x4)

.fini_array     0x000000000800851c        0x4
                0x000000000800851c                . = ALIGN (0x4)
                [!provide]                        PROVIDE (__fini_array_start = .)
 *(SORT_BY_NAME(.fini_array.*))
 *(.fini_array*)
 .fini_array    0x000000000800851c        0x4 c:/st/stm32cubeide_1.6.1/stm32cubeide/plugins/com.st.stm32cube.ide.mcu.externaltools.gnu-tools-for-stm32.9-2020-q2-update.win32_1.5.0.202011040924/tools/bin/../lib/gcc/arm-none-eabi/9.3.1/thumb/v7e-m+fp/hard/crtbegin.o
                [!provide]                        PROVIDE (__fini_array_end = .)
                0x0000000008008520                . = ALIGN (0x4)
                0x0000000008008520                _sidata = LOADADDR (.data)

.data           0x0000000020000000      0x1c0 load address 0x0000000008008520
                0x0000000020000000                . = ALIGN (0x4)
                0x0000000020000000                _sdata = .
 *(.data)
 *(.data*)
 .data.h        0x0000000020000000      0x194 Core/Src/main.o
                0x0000000020000000                h
 .data.buff_w   0x0000000020000194       0x1e Core/Src/main.o
                0x0000000020000194                buff_w
 *fill*         0x00000000200001b2        0x2 
 .data.SystemCoreClock
                0x00000000200001b4        0x4 Core/Src/system_stm32f7xx.o
                0x00000000200001b4                SystemCoreClock
 .data.uwTickPrio
                0x00000000200001b8        0x4 Drivers/STM32F7xx_HAL_Driver/Src/stm32f7xx_hal.o
                0x00000000200001b8                uwTickPrio
 .data.uwTickFreq
                0x00000000200001bc        0x1 Drivers/STM32F7xx_HAL_Driver/Src/stm32f7xx_hal.o
                0x00000000200001bc                uwTickFreq
 .data.Stat     0x00000000200001bd        0x1 FATFS/Target/sd_diskio.o
 *(.RamFunc)
 *(.RamFunc*)
                0x00000000200001c0                . = ALIGN (0x4)
 *fill*         0x00000000200001be        0x2 
                0x00000000200001c0                _edata = .

.igot.plt       0x00000000200001c0        0x0 load address 0x00000000080086e0
 .igot.plt      0x00000000200001c0        0x0 c:/st/stm32cubeide_1.6.1/stm32cubeide/plugins/com.st.stm32cube.ide.mcu.externaltools.gnu-tools-for-stm32.9-2020-q2-update.win32_1.5.0.202011040924/tools/bin/../lib/gcc/arm-none-eabi/9.3.1/thumb/v7e-m+fp/hard/crtbegin.o
                0x00000000200001c0                . = ALIGN (0x4)

.bss            0x00000000200001c0      0xc44 load address 0x00000000080086e0
                0x00000000200001c0                _sbss = .
                0x00000000200001c0                __bss_start__ = _sbss
 *(.bss)
 .bss           0x00000000200001c0       0x1c c:/st/stm32cubeide_1.6.1/stm32cubeide/plugins/com.st.stm32cube.ide.mcu.externaltools.gnu-tools-for-stm32.9-2020-q2-update.win32_1.5.0.202011040924/tools/bin/../lib/gcc/arm-none-eabi/9.3.1/thumb/v7e-m+fp/hard/crtbegin.o
 *(.bss*)
 .bss.FatFs     0x00000000200001dc        0x4 Middlewares/Third_Party/FatFs/src/ff.o
 .bss.Fsid      0x00000000200001e0        0x2 Middlewares/Third_Party/FatFs/src/ff.o
 *fill*         0x00000000200001e2        0x2 
 .bss.Files     0x00000000200001e4       0x20 Middlewares/Third_Party/FatFs/src/ff.o
 .bss.disk      0x0000000020000204        0xc Middlewares/Third_Party/FatFs/src/ff_gen_drv.o
                0x0000000020000204                disk
 *(COMMON)
 COMMON         0x0000000020000210      0x785 Core/Src/main.o
                0x0000000020000210                Path
                0x000000002000021c                x
                0x00000000200003b0                myFile
                0x00000000200005e0                bytesWritten
                0x00000000200005e4                bytesRead
                0x00000000200005e8                hsd1
                0x000000002000066c                buff_r
                0x000000002000068c                adc_value
                0x0000000020000690                hadc1
                0x00000000200006d8                huart1
                0x000000002000075c                SDFatFs
                0x000000002000098c                data
                0x0000000020000994                res
 *fill*         0x0000000020000995        0x3 
 COMMON         0x0000000020000998        0x4 Drivers/STM32F7xx_HAL_Driver/Src/stm32f7xx_hal.o
                0x0000000020000998                uwTick
 COMMON         0x000000002000099c      0x468 FATFS/App/fatfs.o
                0x000000002000099c                retSD
                0x00000000200009a0                SDPath
                0x00000000200009a4                SDFile
                0x0000000020000bd4                SDFatFS
                0x0000000020000e04                . = ALIGN (0x4)
                0x0000000020000e04                _ebss = .
                0x0000000020000e04                __bss_end__ = _ebss

._user_heap_stack
                0x0000000020000e04      0x604 load address 0x00000000080086e0
                0x0000000020000e08                . = ALIGN (0x8)
 *fill*         0x0000000020000e04        0x4 
                [!provide]                        PROVIDE (end = .)
                0x0000000020000e08                PROVIDE (_end = .)
                0x0000000020001008                . = (. + _Min_Heap_Size)
 *fill*         0x0000000020000e08      0x200 
                0x0000000020001408                . = (. + _Min_Stack_Size)
 *fill*         0x0000000020001008      0x400 
                0x0000000020001408                . = ALIGN (0x8)

/DISCARD/
 libc.a(*)
 libm.a(*)
 libgcc.a(*)

.ARM.attributes
                0x0000000000000000       0x30
 *(.ARM.attributes)
 .ARM.attributes
                0x0000000000000000       0x1e c:/st/stm32cubeide_1.6.1/stm32cubeide/plugins/com.st.stm32cube.ide.mcu.externaltools.gnu-tools-for-stm32.9-2020-q2-update.win32_1.5.0.202011040924/tools/bin/../lib/gcc/arm-none-eabi/9.3.1/thumb/v7e-m+fp/hard/crti.o
 .ARM.attributes
                0x000000000000001e       0x34 c:/st/stm32cubeide_1.6.1/stm32cubeide/plugins/com.st.stm32cube.ide.mcu.externaltools.gnu-tools-for-stm32.9-2020-q2-update.win32_1.5.0.202011040924/tools/bin/../lib/gcc/arm-none-eabi/9.3.1/thumb/v7e-m+fp/hard/crtbegin.o
 .ARM.attributes
                0x0000000000000052       0x34 Core/Src/main.o
 .ARM.attributes
                0x0000000000000086       0x34 Core/Src/stm32f7xx_hal_msp.o
 .ARM.attributes
                0x00000000000000ba       0x34 Core/Src/stm32f7xx_it.o
 .ARM.attributes
                0x00000000000000ee       0x34 Core/Src/system_stm32f7xx.o
 .ARM.attributes
                0x0000000000000122       0x21 Core/Startup/startup_stm32f746nghx.o
 .ARM.attributes
                0x0000000000000143       0x34 Drivers/STM32F7xx_HAL_Driver/Src/stm32f7xx_hal.o
 .ARM.attributes
                0x0000000000000177       0x34 Drivers/STM32F7xx_HAL_Driver/Src/stm32f7xx_hal_adc.o
 .ARM.attributes
                0x00000000000001ab       0x34 Drivers/STM32F7xx_HAL_Driver/Src/stm32f7xx_hal_cortex.o
 .ARM.attributes
                0x00000000000001df       0x34 Drivers/STM32F7xx_HAL_Driver/Src/stm32f7xx_hal_gpio.o
 .ARM.attributes
                0x0000000000000213       0x34 Drivers/STM32F7xx_HAL_Driver/Src/stm32f7xx_hal_pwr_ex.o
 .ARM.attributes
                0x0000000000000247       0x34 Drivers/STM32F7xx_HAL_Driver/Src/stm32f7xx_hal_rcc.o
 .ARM.attributes
                0x000000000000027b       0x34 Drivers/STM32F7xx_HAL_Driver/Src/stm32f7xx_hal_rcc_ex.o
 .ARM.attributes
                0x00000000000002af       0x34 Drivers/STM32F7xx_HAL_Driver/Src/stm32f7xx_hal_sd.o
 .ARM.attributes
                0x00000000000002e3       0x34 Drivers/STM32F7xx_HAL_Driver/Src/stm32f7xx_hal_uart.o
 .ARM.attributes
                0x0000000000000317       0x34 Drivers/STM32F7xx_HAL_Driver/Src/stm32f7xx_ll_sdmmc.o
 .ARM.attributes
                0x000000000000034b       0x34 FATFS/App/fatfs.o
 .ARM.attributes
                0x000000000000037f       0x34 FATFS/Target/bsp_driver_sd.o
 .ARM.attributes
                0x00000000000003b3       0x34 FATFS/Target/sd_diskio.o
 .ARM.attributes
                0x00000000000003e7       0x34 Middlewares/Third_Party/FatFs/src/diskio.o
 .ARM.attributes
                0x000000000000041b       0x34 Middlewares/Third_Party/FatFs/src/ff.o
 .ARM.attributes
                0x000000000000044f       0x34 Middlewares/Third_Party/FatFs/src/ff_gen_drv.o
 .ARM.attributes
                0x0000000000000483       0x34 c:/st/stm32cubeide_1.6.1/stm32cubeide/plugins/com.st.stm32cube.ide.mcu.externaltools.gnu-tools-for-stm32.9-2020-q2-update.win32_1.5.0.202011040924/tools/bin/../lib/gcc/arm-none-eabi/9.3.1/../../../../arm-none-eabi/lib/thumb/v7e-m+fp/hard\libc_nano.a(lib_a-init.o)
 .ARM.attributes
                0x00000000000004b7       0x34 c:/st/stm32cubeide_1.6.1/stm32cubeide/plugins/com.st.stm32cube.ide.mcu.externaltools.gnu-tools-for-stm32.9-2020-q2-update.win32_1.5.0.202011040924/tools/bin/../lib/gcc/arm-none-eabi/9.3.1/../../../../arm-none-eabi/lib/thumb/v7e-m+fp/hard\libc_nano.a(lib_a-memset.o)
 .ARM.attributes
                0x00000000000004eb       0x1e c:/st/stm32cubeide_1.6.1/stm32cubeide/plugins/com.st.stm32cube.ide.mcu.externaltools.gnu-tools-for-stm32.9-2020-q2-update.win32_1.5.0.202011040924/tools/bin/../lib/gcc/arm-none-eabi/9.3.1/thumb/v7e-m+fp/hard\libgcc.a(_aeabi_uldivmod.o)
 .ARM.attributes
                0x0000000000000509       0x34 c:/st/stm32cubeide_1.6.1/stm32cubeide/plugins/com.st.stm32cube.ide.mcu.externaltools.gnu-tools-for-stm32.9-2020-q2-update.win32_1.5.0.202011040924/tools/bin/../lib/gcc/arm-none-eabi/9.3.1/thumb/v7e-m+fp/hard\libgcc.a(_udivmoddi4.o)
 .ARM.attributes
                0x000000000000053d       0x1e c:/st/stm32cubeide_1.6.1/stm32cubeide/plugins/com.st.stm32cube.ide.mcu.externaltools.gnu-tools-for-stm32.9-2020-q2-update.win32_1.5.0.202011040924/tools/bin/../lib/gcc/arm-none-eabi/9.3.1/thumb/v7e-m+fp/hard\libgcc.a(_dvmd_tls.o)
 .ARM.attributes
                0x000000000000055b       0x1e c:/st/stm32cubeide_1.6.1/stm32cubeide/plugins/com.st.stm32cube.ide.mcu.externaltools.gnu-tools-for-stm32.9-2020-q2-update.win32_1.5.0.202011040924/tools/bin/../lib/gcc/arm-none-eabi/9.3.1/thumb/v7e-m+fp/hard/crtn.o
OUTPUT(STM32F746_DISCO_test_1.elf elf32-littlearm)
LOAD linker stubs
LOAD c:/st/stm32cubeide_1.6.1/stm32cubeide/plugins/com.st.stm32cube.ide.mcu.externaltools.gnu-tools-for-stm32.9-2020-q2-update.win32_1.5.0.202011040924/tools/bin/../lib/gcc/arm-none-eabi/9.3.1/../../../../arm-none-eabi/lib/thumb/v7e-m+fp/hard\libc.a
LOAD c:/st/stm32cubeide_1.6.1/stm32cubeide/plugins/com.st.stm32cube.ide.mcu.externaltools.gnu-tools-for-stm32.9-2020-q2-update.win32_1.5.0.202011040924/tools/bin/../lib/gcc/arm-none-eabi/9.3.1/../../../../arm-none-eabi/lib/thumb/v7e-m+fp/hard\libm.a
LOAD c:/st/stm32cubeide_1.6.1/stm32cubeide/plugins/com.st.stm32cube.ide.mcu.externaltools.gnu-tools-for-stm32.9-2020-q2-update.win32_1.5.0.202011040924/tools/bin/../lib/gcc/arm-none-eabi/9.3.1/thumb/v7e-m+fp/hard\libgcc.a

.debug_info     0x0000000000000000    0x1499e
 .debug_info    0x0000000000000000     0x286b Core/Src/main.o
 .debug_info    0x000000000000286b     0x14cd Core/Src/stm32f7xx_hal_msp.o
 .debug_info    0x0000000000003d38      0x234 Core/Src/stm32f7xx_it.o
 .debug_info    0x0000000000003f6c      0x7ad Core/Src/system_stm32f7xx.o
 .debug_info    0x0000000000004719       0x22 Core/Startup/startup_stm32f746nghx.o
 .debug_info    0x000000000000473b      0xaba Drivers/STM32F7xx_HAL_Driver/Src/stm32f7xx_hal.o
 .debug_info    0x00000000000051f5      0xd66 Drivers/STM32F7xx_HAL_Driver/Src/stm32f7xx_hal_adc.o
 .debug_info    0x0000000000005f5b     0x1116 Drivers/STM32F7xx_HAL_Driver/Src/stm32f7xx_hal_cortex.o
 .debug_info    0x0000000000007071      0x868 Drivers/STM32F7xx_HAL_Driver/Src/stm32f7xx_hal_gpio.o
 .debug_info    0x00000000000078d9      0x9f6 Drivers/STM32F7xx_HAL_Driver/Src/stm32f7xx_hal_pwr_ex.o
 .debug_info    0x00000000000082cf      0x9cc Drivers/STM32F7xx_HAL_Driver/Src/stm32f7xx_hal_rcc.o
 .debug_info    0x0000000000008c9b      0x82c Drivers/STM32F7xx_HAL_Driver/Src/stm32f7xx_hal_rcc_ex.o
 .debug_info    0x00000000000094c7     0x1a4b Drivers/STM32F7xx_HAL_Driver/Src/stm32f7xx_hal_sd.o
 .debug_info    0x000000000000af12     0x194c Drivers/STM32F7xx_HAL_Driver/Src/stm32f7xx_hal_uart.o
 .debug_info    0x000000000000c85e     0x1249 Drivers/STM32F7xx_HAL_Driver/Src/stm32f7xx_ll_sdmmc.o
 .debug_info    0x000000000000daa7      0xe69 FATFS/App/fatfs.o
 .debug_info    0x000000000000e910      0xad4 FATFS/Target/bsp_driver_sd.o
 .debug_info    0x000000000000f3e4      0xde7 FATFS/Target/sd_diskio.o
 .debug_info    0x00000000000101cb      0xda8 Middlewares/Third_Party/FatFs/src/diskio.o
 .debug_info    0x0000000000010f73     0x2cf2 Middlewares/Third_Party/FatFs/src/ff.o
 .debug_info    0x0000000000013c65      0xd39 Middlewares/Third_Party/FatFs/src/ff_gen_drv.o

.debug_abbrev   0x0000000000000000     0x2b94
 .debug_abbrev  0x0000000000000000      0x37a Core/Src/main.o
 .debug_abbrev  0x000000000000037a      0x1f3 Core/Src/stm32f7xx_hal_msp.o
 .debug_abbrev  0x000000000000056d       0xd2 Core/Src/stm32f7xx_it.o
 .debug_abbrev  0x000000000000063f      0x165 Core/Src/system_stm32f7xx.o
 .debug_abbrev  0x00000000000007a4       0x12 Core/Startup/startup_stm32f746nghx.o
 .debug_abbrev  0x00000000000007b6      0x1ed Drivers/STM32F7xx_HAL_Driver/Src/stm32f7xx_hal.o
 .debug_abbrev  0x00000000000009a3      0x22f Drivers/STM32F7xx_HAL_Driver/Src/stm32f7xx_hal_adc.o
 .debug_abbrev  0x0000000000000bd2      0x33c Drivers/STM32F7xx_HAL_Driver/Src/stm32f7xx_hal_cortex.o
 .debug_abbrev  0x0000000000000f0e      0x1f1 Drivers/STM32F7xx_HAL_Driver/Src/stm32f7xx_hal_gpio.o
 .debug_abbrev  0x00000000000010ff      0x1dc Drivers/STM32F7xx_HAL_Driver/Src/stm32f7xx_hal_pwr_ex.o
 .debug_abbrev  0x00000000000012db      0x246 Drivers/STM32F7xx_HAL_Driver/Src/stm32f7xx_hal_rcc.o
 .debug_abbrev  0x0000000000001521      0x1d1 Drivers/STM32F7xx_HAL_Driver/Src/stm32f7xx_hal_rcc_ex.o
 .debug_abbrev  0x00000000000016f2      0x26d Drivers/STM32F7xx_HAL_Driver/Src/stm32f7xx_hal_sd.o
 .debug_abbrev  0x000000000000195f      0x23f Drivers/STM32F7xx_HAL_Driver/Src/stm32f7xx_hal_uart.o
 .debug_abbrev  0x0000000000001b9e      0x1ec Drivers/STM32F7xx_HAL_Driver/Src/stm32f7xx_ll_sdmmc.o
 .debug_abbrev  0x0000000000001d8a      0x209 FATFS/App/fatfs.o
 .debug_abbrev  0x0000000000001f93      0x24a FATFS/Target/bsp_driver_sd.o
 .debug_abbrev  0x00000000000021dd      0x228 FATFS/Target/sd_diskio.o
 .debug_abbrev  0x0000000000002405      0x237 Middlewares/Third_Party/FatFs/src/diskio.o
 .debug_abbrev  0x000000000000263c      0x2f0 Middlewares/Third_Party/FatFs/src/ff.o
 .debug_abbrev  0x000000000000292c      0x268 Middlewares/Third_Party/FatFs/src/ff_gen_drv.o

.debug_aranges  0x0000000000000000      0xec8
 .debug_aranges
                0x0000000000000000       0x68 Core/Src/main.o
 .debug_aranges
                0x0000000000000068       0x50 Core/Src/stm32f7xx_hal_msp.o
 .debug_aranges
                0x00000000000000b8       0x68 Core/Src/stm32f7xx_it.o
 .debug_aranges
                0x0000000000000120       0x28 Core/Src/system_stm32f7xx.o
 .debug_aranges
                0x0000000000000148       0x28 Core/Startup/startup_stm32f746nghx.o
 .debug_aranges
                0x0000000000000170      0x100 Drivers/STM32F7xx_HAL_Driver/Src/stm32f7xx_hal.o
 .debug_aranges
                0x0000000000000270       0xe8 Drivers/STM32F7xx_HAL_Driver/Src/stm32f7xx_hal_adc.o
 .debug_aranges
                0x0000000000000358      0x118 Drivers/STM32F7xx_HAL_Driver/Src/stm32f7xx_hal_cortex.o
 .debug_aranges
                0x0000000000000470       0x58 Drivers/STM32F7xx_HAL_Driver/Src/stm32f7xx_hal_gpio.o
 .debug_aranges
                0x00000000000004c8       0x80 Drivers/STM32F7xx_HAL_Driver/Src/stm32f7xx_hal_pwr_ex.o
 .debug_aranges
                0x0000000000000548       0x88 Drivers/STM32F7xx_HAL_Driver/Src/stm32f7xx_hal_rcc.o
 .debug_aranges
                0x00000000000005d0       0x50 Drivers/STM32F7xx_HAL_Driver/Src/stm32f7xx_hal_rcc_ex.o
 .debug_aranges
                0x0000000000000620      0x168 Drivers/STM32F7xx_HAL_Driver/Src/stm32f7xx_hal_sd.o
 .debug_aranges
                0x0000000000000788      0x228 Drivers/STM32F7xx_HAL_Driver/Src/stm32f7xx_hal_uart.o
 .debug_aranges
                0x00000000000009b0      0x180 Drivers/STM32F7xx_HAL_Driver/Src/stm32f7xx_ll_sdmmc.o
 .debug_aranges
                0x0000000000000b30       0x28 FATFS/App/fatfs.o
 .debug_aranges
                0x0000000000000b58       0x98 FATFS/Target/bsp_driver_sd.o
 .debug_aranges
                0x0000000000000bf0       0x48 FATFS/Target/sd_diskio.o
 .debug_aranges
                0x0000000000000c38       0x48 Middlewares/Third_Party/FatFs/src/diskio.o
 .debug_aranges
                0x0000000000000c80      0x208 Middlewares/Third_Party/FatFs/src/ff.o
 .debug_aranges
                0x0000000000000e88       0x40 Middlewares/Third_Party/FatFs/src/ff_gen_drv.o

.debug_ranges   0x0000000000000000      0xdb0
 .debug_ranges  0x0000000000000000       0x58 Core/Src/main.o
 .debug_ranges  0x0000000000000058       0x40 Core/Src/stm32f7xx_hal_msp.o
 .debug_ranges  0x0000000000000098       0x58 Core/Src/stm32f7xx_it.o
 .debug_ranges  0x00000000000000f0       0x18 Core/Src/system_stm32f7xx.o
 .debug_ranges  0x0000000000000108       0x20 Core/Startup/startup_stm32f746nghx.o
 .debug_ranges  0x0000000000000128       0xf0 Drivers/STM32F7xx_HAL_Driver/Src/stm32f7xx_hal.o
 .debug_ranges  0x0000000000000218       0xd8 Drivers/STM32F7xx_HAL_Driver/Src/stm32f7xx_hal_adc.o
 .debug_ranges  0x00000000000002f0      0x108 Drivers/STM32F7xx_HAL_Driver/Src/stm32f7xx_hal_cortex.o
 .debug_ranges  0x00000000000003f8       0x48 Drivers/STM32F7xx_HAL_Driver/Src/stm32f7xx_hal_gpio.o
 .debug_ranges  0x0000000000000440       0x70 Drivers/STM32F7xx_HAL_Driver/Src/stm32f7xx_hal_pwr_ex.o
 .debug_ranges  0x00000000000004b0       0x78 Drivers/STM32F7xx_HAL_Driver/Src/stm32f7xx_hal_rcc.o
 .debug_ranges  0x0000000000000528       0x40 Drivers/STM32F7xx_HAL_Driver/Src/stm32f7xx_hal_rcc_ex.o
 .debug_ranges  0x0000000000000568      0x158 Drivers/STM32F7xx_HAL_Driver/Src/stm32f7xx_hal_sd.o
 .debug_ranges  0x00000000000006c0      0x248 Drivers/STM32F7xx_HAL_Driver/Src/stm32f7xx_hal_uart.o
 .debug_ranges  0x0000000000000908      0x170 Drivers/STM32F7xx_HAL_Driver/Src/stm32f7xx_ll_sdmmc.o
 .debug_ranges  0x0000000000000a78       0x18 FATFS/App/fatfs.o
 .debug_ranges  0x0000000000000a90       0x88 FATFS/Target/bsp_driver_sd.o
 .debug_ranges  0x0000000000000b18       0x38 FATFS/Target/sd_diskio.o
 .debug_ranges  0x0000000000000b50       0x38 Middlewares/Third_Party/FatFs/src/diskio.o
 .debug_ranges  0x0000000000000b88      0x1f8 Middlewares/Third_Party/FatFs/src/ff.o
 .debug_ranges  0x0000000000000d80       0x30 Middlewares/Third_Party/FatFs/src/ff_gen_drv.o

.debug_macro    0x0000000000000000    0x27a45
 .debug_macro   0x0000000000000000      0x345 Core/Src/main.o
 .debug_macro   0x0000000000000345      0xaa8 Core/Src/main.o
 .debug_macro   0x0000000000000ded      0x299 Core/Src/main.o
 .debug_macro   0x0000000000001086       0x2e Core/Src/main.o
 .debug_macro   0x00000000000010b4       0x3b Core/Src/main.o
 .debug_macro   0x00000000000010ef       0x22 Core/Src/main.o
 .debug_macro   0x0000000000001111       0x8e Core/Src/main.o
 .debug_macro   0x000000000000119f       0x51 Core/Src/main.o
 .debug_macro   0x00000000000011f0      0x103 Core/Src/main.o
 .debug_macro   0x00000000000012f3       0x6a Core/Src/main.o
 .debug_macro   0x000000000000135d      0x1df Core/Src/main.o
 .debug_macro   0x000000000000153c       0x1c Core/Src/main.o
 .debug_macro   0x0000000000001558       0x22 Core/Src/main.o
 .debug_macro   0x000000000000157a       0xdf Core/Src/main.o
 .debug_macro   0x0000000000001659     0x12cd Core/Src/main.o
 .debug_macro   0x0000000000002926      0x11f Core/Src/main.o
 .debug_macro   0x0000000000002a45       0x19 Core/Src/main.o
 .debug_macro   0x0000000000002a5e    0x191cb Core/Src/main.o
 .debug_macro   0x000000000001bc29       0x43 Core/Src/main.o
 .debug_macro   0x000000000001bc6c     0x36c9 Core/Src/main.o
 .debug_macro   0x000000000001f335      0x174 Core/Src/main.o
 .debug_macro   0x000000000001f4a9       0x63 Core/Src/main.o
 .debug_macro   0x000000000001f50c     0x18ad Core/Src/main.o
 .debug_macro   0x0000000000020db9      0x6c4 Core/Src/main.o
 .debug_macro   0x000000000002147d      0x185 Core/Src/main.o
 .debug_macro   0x0000000000021602      0x117 Core/Src/main.o
 .debug_macro   0x0000000000021719      0x1fe Core/Src/main.o
 .debug_macro   0x0000000000021917       0x27 Core/Src/main.o
 .debug_macro   0x000000000002193e      0x24f Core/Src/main.o
 .debug_macro   0x0000000000021b8d       0x41 Core/Src/main.o
 .debug_macro   0x0000000000021bce       0x58 Core/Src/main.o
 .debug_macro   0x0000000000021c26      0x236 Core/Src/main.o
 .debug_macro   0x0000000000021e5c      0x416 Core/Src/main.o
 .debug_macro   0x0000000000022272      0x153 Core/Src/main.o
 .debug_macro   0x00000000000223c5      0x107 Core/Src/main.o
 .debug_macro   0x00000000000224cc      0x14f Core/Src/main.o
 .debug_macro   0x000000000002261b      0x25b Core/Src/main.o
 .debug_macro   0x0000000000022876       0x12 Core/Src/main.o
 .debug_macro   0x0000000000022888      0x22c Core/Src/main.o
 .debug_macro   0x0000000000022ab4       0x61 Core/Src/main.o
 .debug_macro   0x0000000000022b15       0xa5 Core/Src/main.o
 .debug_macro   0x0000000000022bba      0x12f Core/Src/main.o
 .debug_macro   0x0000000000022ce9      0x108 Core/Src/main.o
 .debug_macro   0x0000000000022df1       0x35 Core/Src/main.o
 .debug_macro   0x0000000000022e26      0x773 Core/Src/main.o
 .debug_macro   0x0000000000023599      0x1d5 Core/Src/main.o
 .debug_macro   0x000000000002376e      0x558 Core/Src/main.o
 .debug_macro   0x0000000000023cc6       0x44 Core/Src/main.o
 .debug_macro   0x0000000000023d0a      0x14e Core/Src/main.o
 .debug_macro   0x0000000000023e58       0x40 Core/Src/main.o
 .debug_macro   0x0000000000023e98       0xe5 Core/Src/main.o
 .debug_macro   0x0000000000023f7d       0x18 Core/Src/main.o
 .debug_macro   0x0000000000023f95       0x52 Core/Src/main.o
 .debug_macro   0x0000000000023fe7       0x3c Core/Src/main.o
 .debug_macro   0x0000000000024023       0x34 Core/Src/main.o
 .debug_macro   0x0000000000024057       0x16 Core/Src/main.o
 .debug_macro   0x000000000002406d       0x35 Core/Src/main.o
 .debug_macro   0x00000000000240a2       0x16 Core/Src/main.o
 .debug_macro   0x00000000000240b8       0x43 Core/Src/main.o
 .debug_macro   0x00000000000240fb       0x34 Core/Src/main.o
 .debug_macro   0x000000000002412f       0x10 Core/Src/main.o
 .debug_macro   0x000000000002413f       0x58 Core/Src/main.o
 .debug_macro   0x0000000000024197       0x71 Core/Src/main.o
 .debug_macro   0x0000000000024208       0x1c Core/Src/main.o
 .debug_macro   0x0000000000024224      0x12a Core/Src/main.o
 .debug_macro   0x000000000002434e      0x333 Core/Src/main.o
 .debug_macro   0x0000000000024681       0x16 Core/Src/main.o
 .debug_macro   0x0000000000024697       0x29 Core/Src/main.o
 .debug_macro   0x00000000000246c0       0x12 Core/Src/main.o
 .debug_macro   0x00000000000246d2       0xe2 Core/Src/main.o
 .debug_macro   0x00000000000247b4       0x8e Core/Src/main.o
 .debug_macro   0x0000000000024842      0x20b Core/Src/stm32f7xx_hal_msp.o
 .debug_macro   0x0000000000024a4d      0x215 Core/Src/stm32f7xx_it.o
 .debug_macro   0x0000000000024c62      0x201 Core/Src/system_stm32f7xx.o
 .debug_macro   0x0000000000024e63      0x225 Drivers/STM32F7xx_HAL_Driver/Src/stm32f7xx_hal.o
 .debug_macro   0x0000000000025088      0x202 Drivers/STM32F7xx_HAL_Driver/Src/stm32f7xx_hal_adc.o
 .debug_macro   0x000000000002528a      0x201 Drivers/STM32F7xx_HAL_Driver/Src/stm32f7xx_hal_cortex.o
 .debug_macro   0x000000000002548b      0x237 Drivers/STM32F7xx_HAL_Driver/Src/stm32f7xx_hal_gpio.o
 .debug_macro   0x00000000000256c2      0x219 Drivers/STM32F7xx_HAL_Driver/Src/stm32f7xx_hal_pwr_ex.o
 .debug_macro   0x00000000000258db      0x225 Drivers/STM32F7xx_HAL_Driver/Src/stm32f7xx_hal_rcc.o
 .debug_macro   0x0000000000025b00      0x201 Drivers/STM32F7xx_HAL_Driver/Src/stm32f7xx_hal_rcc_ex.o
 .debug_macro   0x0000000000025d01      0x202 Drivers/STM32F7xx_HAL_Driver/Src/stm32f7xx_hal_sd.o
 .debug_macro   0x0000000000025f03      0x21e Drivers/STM32F7xx_HAL_Driver/Src/stm32f7xx_hal_uart.o
 .debug_macro   0x0000000000026121      0x202 Drivers/STM32F7xx_HAL_Driver/Src/stm32f7xx_ll_sdmmc.o
 .debug_macro   0x0000000000026323      0x339 FATFS/App/fatfs.o
 .debug_macro   0x000000000002665c      0x210 FATFS/Target/bsp_driver_sd.o
 .debug_macro   0x000000000002686c       0x3a FATFS/Target/bsp_driver_sd.o
 .debug_macro   0x00000000000268a6      0x33c FATFS/Target/sd_diskio.o
 .debug_macro   0x0000000000026be2       0x16 FATFS/Target/sd_diskio.o
 .debug_macro   0x0000000000026bf8       0x7c FATFS/Target/sd_diskio.o
 .debug_macro   0x0000000000026c74      0x326 Middlewares/Third_Party/FatFs/src/diskio.o
 .debug_macro   0x0000000000026f9a      0x72d Middlewares/Third_Party/FatFs/src/ff.o
 .debug_macro   0x00000000000276c7       0x58 Middlewares/Third_Party/FatFs/src/ff.o
 .debug_macro   0x000000000002771f      0x326 Middlewares/Third_Party/FatFs/src/ff_gen_drv.o

.debug_line     0x0000000000000000    0x12f04
 .debug_line    0x0000000000000000      0xd39 Core/Src/main.o
 .debug_line    0x0000000000000d39      0x827 Core/Src/stm32f7xx_hal_msp.o
 .debug_line    0x0000000000001560      0x7f5 Core/Src/stm32f7xx_it.o
 .debug_line    0x0000000000001d55      0x79f Core/Src/system_stm32f7xx.o
 .debug_line    0x00000000000024f4       0x88 Core/Startup/startup_stm32f746nghx.o
 .debug_line    0x000000000000257c      0xa32 Drivers/STM32F7xx_HAL_Driver/Src/stm32f7xx_hal.o
 .debug_line    0x0000000000002fae     0x127a Drivers/STM32F7xx_HAL_Driver/Src/stm32f7xx_hal_adc.o
 .debug_line    0x0000000000004228      0xcb6 Drivers/STM32F7xx_HAL_Driver/Src/stm32f7xx_hal_cortex.o
 .debug_line    0x0000000000004ede      0xbb2 Drivers/STM32F7xx_HAL_Driver/Src/stm32f7xx_hal_gpio.o
 .debug_line    0x0000000000005a90      0x9a5 Drivers/STM32F7xx_HAL_Driver/Src/stm32f7xx_hal_pwr_ex.o
 .debug_line    0x0000000000006435      0xe71 Drivers/STM32F7xx_HAL_Driver/Src/stm32f7xx_hal_rcc.o
 .debug_line    0x00000000000072a6      0xe2c Drivers/STM32F7xx_HAL_Driver/Src/stm32f7xx_hal_rcc_ex.o
 .debug_line    0x00000000000080d2     0x1e26 Drivers/STM32F7xx_HAL_Driver/Src/stm32f7xx_hal_sd.o
 .debug_line    0x0000000000009ef8     0x1d16 Drivers/STM32F7xx_HAL_Driver/Src/stm32f7xx_hal_uart.o
 .debug_line    0x000000000000bc0e      0xf72 Drivers/STM32F7xx_HAL_Driver/Src/stm32f7xx_ll_sdmmc.o
 .debug_line    0x000000000000cb80      0x91e FATFS/App/fatfs.o
 .debug_line    0x000000000000d49e      0x8d1 FATFS/Target/bsp_driver_sd.o
 .debug_line    0x000000000000dd6f      0xa02 FATFS/Target/sd_diskio.o
 .debug_line    0x000000000000e771      0x98f Middlewares/Third_Party/FatFs/src/diskio.o
 .debug_line    0x000000000000f100     0x3457 Middlewares/Third_Party/FatFs/src/ff.o
 .debug_line    0x0000000000012557      0x9ad Middlewares/Third_Party/FatFs/src/ff_gen_drv.o

.debug_str      0x0000000000000000    0xf07de
 .debug_str     0x0000000000000000    0xec718 Core/Src/main.o
                                      0xecff5 (size before relaxing)
 .debug_str     0x00000000000ec718      0x693 Core/Src/stm32f7xx_hal_msp.o
                                      0xe93bb (size before relaxing)
 .debug_str     0x00000000000ecdab       0xcc Core/Src/stm32f7xx_it.o
                                      0xe84d4 (size before relaxing)
 .debug_str     0x00000000000ece77       0x5b Core/Src/system_stm32f7xx.o
                                      0xe868f (size before relaxing)
 .debug_str     0x00000000000eced2       0x36 Core/Startup/startup_stm32f746nghx.o
                                         0x58 (size before relaxing)
 .debug_str     0x00000000000ecf08      0x3af Drivers/STM32F7xx_HAL_Driver/Src/stm32f7xx_hal.o
                                      0xe8f7e (size before relaxing)
 .debug_str     0x00000000000ed2b7      0x294 Drivers/STM32F7xx_HAL_Driver/Src/stm32f7xx_hal_adc.o
                                      0xe8b47 (size before relaxing)
 .debug_str     0x00000000000ed54b      0x37c Drivers/STM32F7xx_HAL_Driver/Src/stm32f7xx_hal_cortex.o
                                      0xe8ffd (size before relaxing)
 .debug_str     0x00000000000ed8c7      0x260 Drivers/STM32F7xx_HAL_Driver/Src/stm32f7xx_hal_gpio.o
                                      0xe887a (size before relaxing)
 .debug_str     0x00000000000edb27      0x1d1 Drivers/STM32F7xx_HAL_Driver/Src/stm32f7xx_hal_pwr_ex.o
                                      0xe891e (size before relaxing)
 .debug_str     0x00000000000edcf8      0x255 Drivers/STM32F7xx_HAL_Driver/Src/stm32f7xx_hal_rcc.o
                                      0xe89bf (size before relaxing)
 .debug_str     0x00000000000edf4d      0x161 Drivers/STM32F7xx_HAL_Driver/Src/stm32f7xx_hal_rcc_ex.o
                                      0xe8949 (size before relaxing)
 .debug_str     0x00000000000ee0ae      0x6e7 Drivers/STM32F7xx_HAL_Driver/Src/stm32f7xx_hal_sd.o
                                      0xe909e (size before relaxing)
 .debug_str     0x00000000000ee795      0x85b Drivers/STM32F7xx_HAL_Driver/Src/stm32f7xx_hal_uart.o
                                      0xe928f (size before relaxing)
 .debug_str     0x00000000000eeff0      0x45a Drivers/STM32F7xx_HAL_Driver/Src/stm32f7xx_ll_sdmmc.o
                                      0xe8a49 (size before relaxing)
 .debug_str     0x00000000000ef44a       0x2f FATFS/App/fatfs.o
                                      0xebf9f (size before relaxing)
 .debug_str     0x00000000000ef479      0x154 FATFS/Target/bsp_driver_sd.o
                                      0xe8baa (size before relaxing)
 .debug_str     0x00000000000ef5cd       0xa0 FATFS/Target/sd_diskio.o
                                      0xebf8c (size before relaxing)
 .debug_str     0x00000000000ef66d       0x57 Middlewares/Third_Party/FatFs/src/diskio.o
                                      0xebecb (size before relaxing)
 .debug_str     0x00000000000ef6c4     0x1078 Middlewares/Third_Party/FatFs/src/ff.o
                                      0xed0f0 (size before relaxing)
 .debug_str     0x00000000000f073c       0xa2 Middlewares/Third_Party/FatFs/src/ff_gen_drv.o
                                      0xebf1c (size before relaxing)

.comment        0x0000000000000000       0x53
 .comment       0x0000000000000000       0x53 Core/Src/main.o
                                         0x54 (size before relaxing)
 .comment       0x0000000000000053       0x54 Core/Src/stm32f7xx_hal_msp.o
 .comment       0x0000000000000053       0x54 Core/Src/stm32f7xx_it.o
 .comment       0x0000000000000053       0x54 Core/Src/system_stm32f7xx.o
 .comment       0x0000000000000053       0x54 Drivers/STM32F7xx_HAL_Driver/Src/stm32f7xx_hal.o
 .comment       0x0000000000000053       0x54 Drivers/STM32F7xx_HAL_Driver/Src/stm32f7xx_hal_adc.o
 .comment       0x0000000000000053       0x54 Drivers/STM32F7xx_HAL_Driver/Src/stm32f7xx_hal_cortex.o
 .comment       0x0000000000000053       0x54 Drivers/STM32F7xx_HAL_Driver/Src/stm32f7xx_hal_gpio.o
 .comment       0x0000000000000053       0x54 Drivers/STM32F7xx_HAL_Driver/Src/stm32f7xx_hal_pwr_ex.o
 .comment       0x0000000000000053       0x54 Drivers/STM32F7xx_HAL_Driver/Src/stm32f7xx_hal_rcc.o
 .comment       0x0000000000000053       0x54 Drivers/STM32F7xx_HAL_Driver/Src/stm32f7xx_hal_rcc_ex.o
 .comment       0x0000000000000053       0x54 Drivers/STM32F7xx_HAL_Driver/Src/stm32f7xx_hal_sd.o
 .comment       0x0000000000000053       0x54 Drivers/STM32F7xx_HAL_Driver/Src/stm32f7xx_hal_uart.o
 .comment       0x0000000000000053       0x54 Drivers/STM32F7xx_HAL_Driver/Src/stm32f7xx_ll_sdmmc.o
 .comment       0x0000000000000053       0x54 FATFS/App/fatfs.o
 .comment       0x0000000000000053       0x54 FATFS/Target/bsp_driver_sd.o
 .comment       0x0000000000000053       0x54 FATFS/Target/sd_diskio.o
 .comment       0x0000000000000053       0x54 Middlewares/Third_Party/FatFs/src/diskio.o
 .comment       0x0000000000000053       0x54 Middlewares/Third_Party/FatFs/src/ff.o
 .comment       0x0000000000000053       0x54 Middlewares/Third_Party/FatFs/src/ff_gen_drv.o

.debug_frame    0x0000000000000000     0x3c44
 .debug_frame   0x0000000000000000      0x168 Core/Src/main.o
 .debug_frame   0x0000000000000168      0x10c Core/Src/stm32f7xx_hal_msp.o
 .debug_frame   0x0000000000000274      0x124 Core/Src/stm32f7xx_it.o
 .debug_frame   0x0000000000000398       0x58 Core/Src/system_stm32f7xx.o
 .debug_frame   0x00000000000003f0      0x3b4 Drivers/STM32F7xx_HAL_Driver/Src/stm32f7xx_hal.o
 .debug_frame   0x00000000000007a4      0x3fc Drivers/STM32F7xx_HAL_Driver/Src/stm32f7xx_hal_adc.o
 .debug_frame   0x0000000000000ba0      0x498 Drivers/STM32F7xx_HAL_Driver/Src/stm32f7xx_hal_cortex.o
 .debug_frame   0x0000000000001038      0x14c Drivers/STM32F7xx_HAL_Driver/Src/stm32f7xx_hal_gpio.o
 .debug_frame   0x0000000000001184      0x1c8 Drivers/STM32F7xx_HAL_Driver/Src/stm32f7xx_hal_pwr_ex.o
 .debug_frame   0x000000000000134c      0x1f0 Drivers/STM32F7xx_HAL_Driver/Src/stm32f7xx_hal_rcc.o
 .debug_frame   0x000000000000153c      0x118 Drivers/STM32F7xx_HAL_Driver/Src/stm32f7xx_hal_rcc_ex.o
 .debug_frame   0x0000000000001654      0x650 Drivers/STM32F7xx_HAL_Driver/Src/stm32f7xx_hal_sd.o
 .debug_frame   0x0000000000001ca4      0x9dc Drivers/STM32F7xx_HAL_Driver/Src/stm32f7xx_hal_uart.o
 .debug_frame   0x0000000000002680      0x6a8 Drivers/STM32F7xx_HAL_Driver/Src/stm32f7xx_ll_sdmmc.o
 .debug_frame   0x0000000000002d28       0x4c FATFS/App/fatfs.o
 .debug_frame   0x0000000000002d74      0x23c FATFS/Target/bsp_driver_sd.o
 .debug_frame   0x0000000000002fb0       0xe8 FATFS/Target/sd_diskio.o
 .debug_frame   0x0000000000003098       0xec Middlewares/Third_Party/FatFs/src/diskio.o
 .debug_frame   0x0000000000003184      0x94c Middlewares/Third_Party/FatFs/src/ff.o
 .debug_frame   0x0000000000003ad0       0xc8 Middlewares/Third_Party/FatFs/src/ff_gen_drv.o
 .debug_frame   0x0000000000003b98       0x2c c:/st/stm32cubeide_1.6.1/stm32cubeide/plugins/com.st.stm32cube.ide.mcu.externaltools.gnu-tools-for-stm32.9-2020-q2-update.win32_1.5.0.202011040924/tools/bin/../lib/gcc/arm-none-eabi/9.3.1/../../../../arm-none-eabi/lib/thumb/v7e-m+fp/hard\libc_nano.a(lib_a-init.o)
 .debug_frame   0x0000000000003bc4       0x20 c:/st/stm32cubeide_1.6.1/stm32cubeide/plugins/com.st.stm32cube.ide.mcu.externaltools.gnu-tools-for-stm32.9-2020-q2-update.win32_1.5.0.202011040924/tools/bin/../lib/gcc/arm-none-eabi/9.3.1/../../../../arm-none-eabi/lib/thumb/v7e-m+fp/hard\libc_nano.a(lib_a-memset.o)
 .debug_frame   0x0000000000003be4       0x2c c:/st/stm32cubeide_1.6.1/stm32cubeide/plugins/com.st.stm32cube.ide.mcu.externaltools.gnu-tools-for-stm32.9-2020-q2-update.win32_1.5.0.202011040924/tools/bin/../lib/gcc/arm-none-eabi/9.3.1/thumb/v7e-m+fp/hard\libgcc.a(_aeabi_uldivmod.o)
 .debug_frame   0x0000000000003c10       0x34 c:/st/stm32cubeide_1.6.1/stm32cubeide/plugins/com.st.stm32cube.ide.mcu.externaltools.gnu-tools-for-stm32.9-2020-q2-update.win32_1.5.0.202011040924/tools/bin/../lib/gcc/arm-none-eabi/9.3.1/thumb/v7e-m+fp/hard\libgcc.a(_udivmoddi4.o)
