Archive member included to satisfy reference by file (symbol)

c:/st/stm32cubeide_1.6.1/stm32cubeide/plugins/com.st.stm32cube.ide.mcu.externaltools.gnu-tools-for-stm32.9-2020-q2-update.win32_1.5.0.202011040924/tools/bin/../lib/gcc/arm-none-eabi/9.3.1/../../../../arm-none-eabi/lib/thumb/v7e-m+fp/hard\libc_nano.a(lib_a-errno.o)
                              Core/Src/syscalls.o (__errno)
c:/st/stm32cubeide_1.6.1/stm32cubeide/plugins/com.st.stm32cube.ide.mcu.externaltools.gnu-tools-for-stm32.9-2020-q2-update.win32_1.5.0.202011040924/tools/bin/../lib/gcc/arm-none-eabi/9.3.1/../../../../arm-none-eabi/lib/thumb/v7e-m+fp/hard\libc_nano.a(lib_a-exit.o)
                              c:/st/stm32cubeide_1.6.1/stm32cubeide/plugins/com.st.stm32cube.ide.mcu.externaltools.gnu-tools-for-stm32.9-2020-q2-update.win32_1.5.0.202011040924/tools/bin/../lib/gcc/arm-none-eabi/9.3.1/../../../../arm-none-eabi/lib/thumb/v7e-m+fp/hard/crt0.o (exit)
c:/st/stm32cubeide_1.6.1/stm32cubeide/plugins/com.st.stm32cube.ide.mcu.externaltools.gnu-tools-for-stm32.9-2020-q2-update.win32_1.5.0.202011040924/tools/bin/../lib/gcc/arm-none-eabi/9.3.1/../../../../arm-none-eabi/lib/thumb/v7e-m+fp/hard\libc_nano.a(lib_a-impure.o)
                              c:/st/stm32cubeide_1.6.1/stm32cubeide/plugins/com.st.stm32cube.ide.mcu.externaltools.gnu-tools-for-stm32.9-2020-q2-update.win32_1.5.0.202011040924/tools/bin/../lib/gcc/arm-none-eabi/9.3.1/../../../../arm-none-eabi/lib/thumb/v7e-m+fp/hard\libc_nano.a(lib_a-exit.o) (_global_impure_ptr)
c:/st/stm32cubeide_1.6.1/stm32cubeide/plugins/com.st.stm32cube.ide.mcu.externaltools.gnu-tools-for-stm32.9-2020-q2-update.win32_1.5.0.202011040924/tools/bin/../lib/gcc/arm-none-eabi/9.3.1/../../../../arm-none-eabi/lib/thumb/v7e-m+fp/hard\libc_nano.a(lib_a-init.o)
                              c:/st/stm32cubeide_1.6.1/stm32cubeide/plugins/com.st.stm32cube.ide.mcu.externaltools.gnu-tools-for-stm32.9-2020-q2-update.win32_1.5.0.202011040924/tools/bin/../lib/gcc/arm-none-eabi/9.3.1/../../../../arm-none-eabi/lib/thumb/v7e-m+fp/hard/crt0.o (__libc_init_array)
c:/st/stm32cubeide_1.6.1/stm32cubeide/plugins/com.st.stm32cube.ide.mcu.externaltools.gnu-tools-for-stm32.9-2020-q2-update.win32_1.5.0.202011040924/tools/bin/../lib/gcc/arm-none-eabi/9.3.1/../../../../arm-none-eabi/lib/thumb/v7e-m+fp/hard\libc_nano.a(lib_a-memset.o)
                              c:/st/stm32cubeide_1.6.1/stm32cubeide/plugins/com.st.stm32cube.ide.mcu.externaltools.gnu-tools-for-stm32.9-2020-q2-update.win32_1.5.0.202011040924/tools/bin/../lib/gcc/arm-none-eabi/9.3.1/../../../../arm-none-eabi/lib/thumb/v7e-m+fp/hard/crt0.o (memset)
c:/st/stm32cubeide_1.6.1/stm32cubeide/plugins/com.st.stm32cube.ide.mcu.externaltools.gnu-tools-for-stm32.9-2020-q2-update.win32_1.5.0.202011040924/tools/bin/../lib/gcc/arm-none-eabi/9.3.1/../../../../arm-none-eabi/lib/thumb/v7e-m+fp/hard\libm.a(lib_a-s_sin.o)
                              Core/Src/main.o (sin)
c:/st/stm32cubeide_1.6.1/stm32cubeide/plugins/com.st.stm32cube.ide.mcu.externaltools.gnu-tools-for-stm32.9-2020-q2-update.win32_1.5.0.202011040924/tools/bin/../lib/gcc/arm-none-eabi/9.3.1/../../../../arm-none-eabi/lib/thumb/v7e-m+fp/hard\libm.a(lib_a-e_rem_pio2.o)
                              c:/st/stm32cubeide_1.6.1/stm32cubeide/plugins/com.st.stm32cube.ide.mcu.externaltools.gnu-tools-for-stm32.9-2020-q2-update.win32_1.5.0.202011040924/tools/bin/../lib/gcc/arm-none-eabi/9.3.1/../../../../arm-none-eabi/lib/thumb/v7e-m+fp/hard\libm.a(lib_a-s_sin.o) (__ieee754_rem_pio2)
c:/st/stm32cubeide_1.6.1/stm32cubeide/plugins/com.st.stm32cube.ide.mcu.externaltools.gnu-tools-for-stm32.9-2020-q2-update.win32_1.5.0.202011040924/tools/bin/../lib/gcc/arm-none-eabi/9.3.1/../../../../arm-none-eabi/lib/thumb/v7e-m+fp/hard\libm.a(lib_a-k_cos.o)
                              c:/st/stm32cubeide_1.6.1/stm32cubeide/plugins/com.st.stm32cube.ide.mcu.externaltools.gnu-tools-for-stm32.9-2020-q2-update.win32_1.5.0.202011040924/tools/bin/../lib/gcc/arm-none-eabi/9.3.1/../../../../arm-none-eabi/lib/thumb/v7e-m+fp/hard\libm.a(lib_a-s_sin.o) (__kernel_cos)
c:/st/stm32cubeide_1.6.1/stm32cubeide/plugins/com.st.stm32cube.ide.mcu.externaltools.gnu-tools-for-stm32.9-2020-q2-update.win32_1.5.0.202011040924/tools/bin/../lib/gcc/arm-none-eabi/9.3.1/../../../../arm-none-eabi/lib/thumb/v7e-m+fp/hard\libm.a(lib_a-k_rem_pio2.o)
                              c:/st/stm32cubeide_1.6.1/stm32cubeide/plugins/com.st.stm32cube.ide.mcu.externaltools.gnu-tools-for-stm32.9-2020-q2-update.win32_1.5.0.202011040924/tools/bin/../lib/gcc/arm-none-eabi/9.3.1/../../../../arm-none-eabi/lib/thumb/v7e-m+fp/hard\libm.a(lib_a-e_rem_pio2.o) (__kernel_rem_pio2)
c:/st/stm32cubeide_1.6.1/stm32cubeide/plugins/com.st.stm32cube.ide.mcu.externaltools.gnu-tools-for-stm32.9-2020-q2-update.win32_1.5.0.202011040924/tools/bin/../lib/gcc/arm-none-eabi/9.3.1/../../../../arm-none-eabi/lib/thumb/v7e-m+fp/hard\libm.a(lib_a-k_sin.o)
[...]
Memory Configuration

Name             Origin             Length             Attributes
RAM              0x0000000020000000 0x0000000000050000 xrw
FLASH            0x0000000008000000 0x0000000000100000 xr
*default*        0x0000000000000000 0xffffffffffffffff

Linker script and memory map

LOAD c:/st/stm32cubeide_1.6.1/stm32cubeide/plugins/com.st.stm32cube.ide.mcu.externaltools.gnu-tools-for-stm32.9-2020-q2-update.win32_1.5.0.202011040924/tools/bin/../lib/gcc/arm-none-eabi/9.3.1/thumb/v7e-m+fp/hard/crti.o
LOAD c:/st/stm32cubeide_1.6.1/stm32cubeide/plugins/com.st.stm32cube.ide.mcu.externaltools.gnu-tools-for-stm32.9-2020-q2-update.win32_1.5.0.202011040924/tools/bin/../lib/gcc/arm-none-eabi/9.3.1/thumb/v7e-m+fp/hard/crtbegin.o
LOAD c:/st/stm32cubeide_1.6.1/stm32cubeide/plugins/com.st.stm32cube.ide.mcu.externaltools.gnu-tools-for-stm32.9-2020-q2-update.win32_1.5.0.202011040924/tools/bin/../lib/gcc/arm-none-eabi/9.3.1/../../../../arm-none-eabi/lib/thumb/v7e-m+fp/hard/crt0.o
LOAD Core/Src/main.o
LOAD Core/Src/stm32f7xx_hal_msp.o
LOAD Core/Src/stm32f7xx_it.o
LOAD Core/Src/syscalls.o
LOAD Core/Src/sysmem.o
LOAD Core/Src/system_stm32f7xx.o
LOAD Core/Startup/startup_stm32f746nghx.o
LOAD Drivers/STM32F7xx_HAL_Driver/Src/stm32f7xx_hal.o
LOAD Drivers/STM32F7xx_HAL_Driver/Src/stm32f7xx_hal_cortex.o
LOAD Drivers/STM32F7xx_HAL_Driver/Src/stm32f7xx_hal_dma.o
LOAD Drivers/STM32F7xx_HAL_Driver/Src/stm32f7xx_hal_dma_ex.o
LOAD Drivers/STM32F7xx_HAL_Driver/Src/stm32f7xx_hal_exti.o
LOAD Drivers/STM32F7xx_HAL_Driver/Src/stm32f7xx_hal_flash.o
LOAD Drivers/STM32F7xx_HAL_Driver/Src/stm32f7xx_hal_flash_ex.o
LOAD Drivers/STM32F7xx_HAL_Driver/Src/stm32f7xx_hal_gpio.o
LOAD Drivers/STM32F7xx_HAL_Driver/Src/stm32f7xx_hal_i2c.o
LOAD Drivers/STM32F7xx_HAL_Driver/Src/stm32f7xx_hal_i2c_ex.o
LOAD Drivers/STM32F7xx_HAL_Driver/Src/stm32f7xx_hal_pwr.o
LOAD Drivers/STM32F7xx_HAL_Driver/Src/stm32f7xx_hal_pwr_ex.o
LOAD Drivers/STM32F7xx_HAL_Driver/Src/stm32f7xx_hal_rcc.o
LOAD Drivers/STM32F7xx_HAL_Driver/Src/stm32f7xx_hal_rcc_ex.o
LOAD Drivers/STM32F7xx_HAL_Driver/Src/stm32f7xx_hal_sd.o
LOAD Drivers/STM32F7xx_HAL_Driver/Src/stm32f7xx_hal_tim.o
LOAD Drivers/STM32F7xx_HAL_Driver/Src/stm32f7xx_hal_tim_ex.o
LOAD Drivers/STM32F7xx_HAL_Driver/Src/stm32f7xx_hal_uart.o
LOAD Drivers/STM32F7xx_HAL_Driver/Src/stm32f7xx_hal_uart_ex.o
LOAD Drivers/STM32F7xx_HAL_Driver/Src/stm32f7xx_ll_sdmmc.o
LOAD FATFS/App/fatfs.o
LOAD FATFS/Target/bsp_driver_sd.o
LOAD FATFS/Target/fatfs_platform.o
LOAD FATFS/Target/sd_diskio.o
LOAD Middlewares/Third_Party/FatFs/src/diskio.o
LOAD Middlewares/Third_Party/FatFs/src/ff.o
LOAD Middlewares/Third_Party/FatFs/src/ff_gen_drv.o
LOAD Middlewares/Third_Party/FatFs/src/option/ccsbcs.o
LOAD Middlewares/Third_Party/FatFs/src/option/syscall.o
START GROUP
LOAD c:/st/stm32cubeide_1.6.1/stm32cubeide/plugins/com.st.stm32cube.ide.mcu.externaltools.gnu-tools-for-stm32.9-2020-q2-update.win32_1.5.0.202011040924/tools/bin/../lib/gcc/arm-none-eabi/9.3.1/../../../../arm-none-eabi/lib/thumb/v7e-m+fp/hard\libc_nano.a
LOAD c:/st/stm32cubeide_1.6.1/stm32cubeide/plugins/com.st.stm32cube.ide.mcu.externaltools.gnu-tools-for-stm32.9-2020-q2-update.win32_1.5.0.202011040924/tools/bin/../lib/gcc/arm-none-eabi/9.3.1/../../../../arm-none-eabi/lib/thumb/v7e-m+fp/hard\libm.a
END GROUP
START GROUP
LOAD c:/st/stm32cubeide_1.6.1/stm32cubeide/plugins/com.st.stm32cube.ide.mcu.externaltools.gnu-tools-for-stm32.9-2020-q2-update.win32_1.5.0.202011040924/tools/bin/../lib/gcc/arm-none-eabi/9.3.1/thumb/v7e-m+fp/hard\libgcc.a
LOAD c:/st/stm32cubeide_1.6.1/stm32cubeide/plugins/com.st.stm32cube.ide.mcu.externaltools.gnu-tools-for-stm32.9-2020-q2-update.win32_1.5.0.202011040924/tools/bin/../lib/gcc/arm-none-eabi/9.3.1/../../../../arm-none-eabi/lib/thumb/v7e-m+fp/hard\libc_nano.a
END GROUP
START GROUP
LOAD c:/st/stm32cubeide_1.6.1/stm32cubeide/plugins/com.st.stm32cube.ide.mcu.externaltools.gnu-tools-for-stm32.9-2020-q2-update.win32_1.5.0.202011040924/tools/bin/../lib/gcc/arm-none-eabi/9.3.1/thumb/v7e-m+fp/hard\libgcc.a
LOAD c:/st/stm32cubeide_1.6.1/stm32cubeide/plugins/com.st.stm32cube.ide.mcu.externaltools.gnu-tools-for-stm32.9-2020-q2-update.win32_1.5.0.202011040924/tools/bin/../lib/gcc/arm-none-eabi/9.3.1/../../../../arm-none-eabi/lib/thumb/v7e-m+fp/hard\libc_nano.a
LOAD c:/st/stm32cubeide_1.6.1/stm32cubeide/plugins/com.st.stm32cube.ide.mcu.externaltools.gnu-tools-for-stm32.9-2020-q2-update.win32_1.5.0.202011040924/tools/bin/../lib/gcc/arm-none-eabi/9.3.1/../../../../arm-none-eabi/lib/thumb/v7e-m+fp/hard\libnosys.a
END GROUP
START GROUP
LOAD c:/st/stm32cubeide_1.6.1/stm32cubeide/plugins/com.st.stm32cube.ide.mcu.externaltools.gnu-tools-for-stm32.9-2020-q2-update.win32_1.5.0.202011040924/tools/bin/../lib/gcc/arm-none-eabi/9.3.1/thumb/v7e-m+fp/hard\libgcc.a
LOAD c:/st/stm32cubeide_1.6.1/stm32cubeide/plugins/com.st.stm32cube.ide.mcu.externaltools.gnu-tools-for-stm32.9-2020-q2-update.win32_1.5.0.202011040924/tools/bin/../lib/gcc/arm-none-eabi/9.3.1/../../../../arm-none-eabi/lib/thumb/v7e-m+fp/hard\libc_nano.a
LOAD c:/st/stm32cubeide_1.6.1/stm32cubeide/plugins/com.st.stm32cube.ide.mcu.externaltools.gnu-tools-for-stm32.9-2020-q2-update.win32_1.5.0.202011040924/tools/bin/../lib/gcc/arm-none-eabi/9.3.1/../../../../arm-none-eabi/lib/thumb/v7e-m+fp/hard\libnosys.a
END GROUP
LOAD c:/st/stm32cubeide_1.6.1/stm32cubeide/plugins/com.st.stm32cube.ide.mcu.externaltools.gnu-tools-for-stm32.9-2020-q2-update.win32_1.5.0.202011040924/tools/bin/../lib/gcc/arm-none-eabi/9.3.1/thumb/v7e-m+fp/hard/crtend.o
LOAD c:/st/stm32cubeide_1.6.1/stm32cubeide/plugins/com.st.stm32cube.ide.mcu.externaltools.gnu-tools-for-stm32.9-2020-q2-update.win32_1.5.0.202011040924/tools/bin/../lib/gcc/arm-none-eabi/9.3.1/thumb/v7e-m+fp/hard/crtn.o
                0x0000000020050000                _estack = (ORIGIN (RAM) + LENGTH (RAM))
                0x0000000000000200                _Min_Heap_Size = 0x200
                0x0000000000000400                _Min_Stack_Size = 0x400

.isr_vector     0x0000000008000000      0x1c8
                0x0000000008000000                . = ALIGN (0x4)
 *(.isr_vector)
 .isr_vector    0x0000000008000000      0x1c8 Core/Startup/startup_stm32f746nghx.o
                0x0000000008000000                g_pfnVectors
                0x00000000080001c8                . = ALIGN (0x4)

.text           0x00000000080001c8     0x70ec
                0x00000000080001c8                . = ALIGN (0x4)
 *(.text)
 .text          0x00000000080001c8       0x40 c:/st/stm32cubeide_1.6.1/stm32cubeide/plugins/com.st.stm32cube.ide.mcu.externaltools.gnu-tools-for-stm32.9-2020-q2-update.win32_1.5.0.202011040924/tools/bin/../lib/gcc/arm-none-eabi/9.3.1/thumb/v7e-m+fp/hard/crtbegin.o
 .text          0x0000000008000208      0x378 c:/st/stm32cubeide_1.6.1/stm32cubeide/plugins/com.st.stm32cube.ide.mcu.externaltools.gnu-tools-for-stm32.9-2020-q2-update.win32_1.5.0.202011040924/tools/bin/../lib/gcc/arm-none-eabi/9.3.1/thumb/v7e-m+fp/hard\libgcc.a(_arm_addsubdf3.o)
                0x0000000008000208                __aeabi_drsub
                0x0000000008000210                __aeabi_dsub
                0x0000000008000210                __subdf3
                0x0000000008000214                __aeabi_dadd
                0x0000000008000214                __adddf3
                0x000000000800048c                __floatunsidf
                0x000000000800048c                __aeabi_ui2d
                0x00000000080004ac                __floatsidf
                0x00000000080004ac                __aeabi_i2d
                0x00000000080004d0                __aeabi_f2d
                0x00000000080004d0                __extendsfdf2
                0x0000000008000514                __floatundidf
                0x0000000008000514                __aeabi_ul2d
                0x0000000008000524                __floatdidf
                0x0000000008000524                __aeabi_l2d
 .text          0x0000000008000580      0x424 c:/st/stm32cubeide_1.6.1/stm32cubeide/plugins/com.st.stm32cube.ide.mcu.externaltools.gnu-tools-for-stm32.9-2020-q2-update.win32_1.5.0.202011040924/tools/bin/../lib/gcc/arm-none-eabi/9.3.1/thumb/v7e-m+fp/hard\libgcc.a(_arm_muldivdf3.o)
                0x0000000008000580                __aeabi_dmul
                0x0000000008000580                __muldf3
                0x00000000080007d4                __divdf3
                0x00000000080007d4                __aeabi_ddiv
 .text          0x00000000080009a4      0x110 c:/st/stm32cubeide_1.6.1/stm32cubeide/plugins/com.st.stm32cube.ide.mcu.externaltools.gnu-tools-for-stm32.9-2020-q2-update.win32_1.5.0.202011040924/tools/bin/../lib/gcc/arm-none-eabi/9.3.1/thumb/v7e-m+fp/hard\libgcc.a(_arm_cmpdf2.o)
                0x00000000080009a4                __gtdf2
                0x00000000080009a4                __gedf2
                0x00000000080009ac                __ltdf2
                0x00000000080009ac                __ledf2
                0x00000000080009b4                __nedf2
                0x00000000080009b4                __eqdf2
                0x00000000080009b4                __cmpdf2
                0x0000000008000a30                __aeabi_cdrcmple
                0x0000000008000a40                __aeabi_cdcmpeq
                0x0000000008000a40                __aeabi_cdcmple
                0x0000000008000a50                __aeabi_dcmpeq
                0x0000000008000a64                __aeabi_dcmplt
                0x0000000008000a78                __aeabi_dcmple
                0x0000000008000a8c                __aeabi_dcmpge
                0x0000000008000aa0                __aeabi_dcmpgt
 .text          0x0000000008000ab4       0x50 c:/st/stm32cubeide_1.6.1/stm32cubeide/plugins/com.st.stm32cube.ide.mcu.externaltools.gnu-tools-for-stm32.9-2020-q2-update.win32_1.5.0.202011040924/tools/bin/../lib/gcc/arm-none-eabi/9.3.1/thumb/v7e-m+fp/hard\libgcc.a(_arm_fixdfsi.o)
                0x0000000008000ab4                __aeabi_d2iz
                0x0000000008000ab4                __fixdfsi
 .text          0x0000000008000b04       0x40 c:/st/stm32cubeide_1.6.1/stm32cubeide/plugins/com.st.stm32cube.ide.mcu.externaltools.gnu-tools-for-stm32.9-2020-q2-update.win32_1.5.0.202011040924/tools/bin/../lib/gcc/arm-none-eabi/9.3.1/thumb/v7e-m+fp/hard\libgcc.a(_arm_fixunsdfsi.o)
                0x0000000008000b04                __aeabi_d2uiz
                0x0000000008000b04                __fixunsdfsi
 .text          0x0000000008000b44       0x30 c:/st/stm32cubeide_1.6.1/stm32cubeide/plugins/com.st.stm32cube.ide.mcu.externaltools.gnu-tools-for-stm32.9-2020-q2-update.win32_1.5.0.202011040924/tools/bin/../lib/gcc/arm-none-eabi/9.3.1/thumb/v7e-m+fp/hard\libgcc.a(_aeabi_uldivmod.o)
                0x0000000008000b44                __aeabi_uldivmod
 .text          0x0000000008000b74      0x2c4 c:/st/stm32cubeide_1.6.1/stm32cubeide/plugins/com.st.stm32cube.ide.mcu.externaltools.gnu-tools-for-stm32.9-2020-q2-update.win32_1.5.0.202011040924/tools/bin/../lib/gcc/arm-none-eabi/9.3.1/thumb/v7e-m+fp/hard\libgcc.a(_udivmoddi4.o)
                0x0000000008000b74                __udivmoddi4
 .text          0x0000000008000e38        0x4 c:/st/stm32cubeide_1.6.1/stm32cubeide/plugins/com.st.stm32cube.ide.mcu.externaltools.gnu-tools-for-stm32.9-2020-q2-update.win32_1.5.0.202011040924/tools/bin/../lib/gcc/arm-none-eabi/9.3.1/thumb/v7e-m+fp/hard\libgcc.a(_dvmd_tls.o)
                0x0000000008000e38                __aeabi_idiv0
                0x0000000008000e38                __aeabi_ldiv0
 *(.text*)
 .text.SCB_EnableICache
                0x0000000008000e3c       0x4c Core/Src/main.o
 .text.SCB_EnableDCache
                0x0000000008000e88       0x88 Core/Src/main.o
 .text.DAC_OUTPUT
                0x0000000008000f10       0xfc Core/Src/main.o
                0x0000000008000f10                DAC_OUTPUT
 .text.keyboard_update
                0x000000000800100c      0x174 Core/Src/main.o
                0x000000000800100c                keyboard_update
 .text.HAL_TIM_PeriodElapsedCallback
                0x0000000008001180      0x13c Core/Src/main.o
                0x0000000008001180                HAL_TIM_PeriodElapsedCallback
 .text.main     0x00000000080012bc       0x38 Core/Src/main.o
                0x00000000080012bc                main
 .text.SystemClock_Config
                0x00000000080012f4      0x148 Core/Src/main.o
                0x00000000080012f4                SystemClock_Config
 .text.MX_SDMMC1_SD_Init
                0x000000000800143c       0x40 Core/Src/main.o
 .text.MX_TIM2_Init
                0x000000000800147c       0x98 Core/Src/main.o
 .text.MX_USART1_UART_Init
                0x0000000008001514       0x60 Core/Src/main.o
 .text.MX_GPIO_Init
                0x0000000008001574      0x224 Core/Src/main.o
 .text.Error_Handler
                0x0000000008001798        0xa Core/Src/main.o
                0x0000000008001798                Error_Handler
 *fill*         0x00000000080017a2        0x2 
 .text.HAL_MspInit
                0x00000000080017a4       0x54 Core/Src/stm32f7xx_hal_msp.o
                0x00000000080017a4                HAL_MspInit
 .text.HAL_SD_MspInit
                0x00000000080017f8       0xc4 Core/Src/stm32f7xx_hal_msp.o
                0x00000000080017f8                HAL_SD_MspInit
 .text.HAL_TIM_Base_MspInit
                0x00000000080018bc       0x48 Core/Src/stm32f7xx_hal_msp.o
                0x00000000080018bc                HAL_TIM_Base_MspInit
 .text.HAL_UART_MspInit
                0x0000000008001904       0x88 Core/Src/stm32f7xx_hal_msp.o
                0x0000000008001904                HAL_UART_MspInit
 .text.NMI_Handler
                0x000000000800198c        0x6 Core/Src/stm32f7xx_it.o
                0x000000000800198c                NMI_Handler
 .text.HardFault_Handler
                0x0000000008001992        0x6 Core/Src/stm32f7xx_it.o
                0x0000000008001992                HardFault_Handler
 .text.MemManage_Handler
                0x0000000008001998        0x6 Core/Src/stm32f7xx_it.o
                0x0000000008001998                MemManage_Handler
 .text.BusFault_Handler
                0x000000000800199e        0x6 Core/Src/stm32f7xx_it.o
                0x000000000800199e                BusFault_Handler
 .text.UsageFault_Handler
                0x00000000080019a4        0x6 Core/Src/stm32f7xx_it.o
                0x00000000080019a4                UsageFault_Handler
 .text.SVC_Handler
                0x00000000080019aa        0xe Core/Src/stm32f7xx_it.o
                0x00000000080019aa                SVC_Handler
 .text.DebugMon_Handler
                0x00000000080019b8        0xe Core/Src/stm32f7xx_it.o
                0x00000000080019b8                DebugMon_Handler
 .text.PendSV_Handler
                0x00000000080019c6        0xe Core/Src/stm32f7xx_it.o
                0x00000000080019c6                PendSV_Handler
 .text.SysTick_Handler
                0x00000000080019d4        0xc Core/Src/stm32f7xx_it.o
                0x00000000080019d4                SysTick_Handler
 .text.RCC_IRQHandler
                0x00000000080019e0        0xe Core/Src/stm32f7xx_it.o
                0x00000000080019e0                RCC_IRQHandler
 *fill*         0x00000000080019ee        0x2 
 .text.TIM2_IRQHandler
                0x00000000080019f0       0x14 Core/Src/stm32f7xx_it.o
                0x00000000080019f0                TIM2_IRQHandler
 .text.SystemInit
                0x0000000008001a04       0x24 Core/Src/system_stm32f7xx.o
                0x0000000008001a04                SystemInit
 .text.Reset_Handler
                0x0000000008001a28       0x50 Core/Startup/startup_stm32f746nghx.o
                0x0000000008001a28                Reset_Handler
 .text.Default_Handler
                0x0000000008001a78        0x2 Core/Startup/startup_stm32f746nghx.o
                0x0000000008001a78                RTC_Alarm_IRQHandler
                0x0000000008001a78                EXTI2_IRQHandler
                0x0000000008001a78                TIM8_CC_IRQHandler
                0x0000000008001a78                UART8_IRQHandler
                0x0000000008001a78                SPI4_IRQHandler
                0x0000000008001a78                TIM1_CC_IRQHandler
                0x0000000008001a78                DMA2_Stream5_IRQHandler
                0x0000000008001a78                DMA1_Stream5_IRQHandler
                0x0000000008001a78                PVD_IRQHandler
                0x0000000008001a78                TAMP_STAMP_IRQHandler
                0x0000000008001a78                CAN2_RX1_IRQHandler
                0x0000000008001a78                EXTI3_IRQHandler
                0x0000000008001a78                TIM8_TRG_COM_TIM14_IRQHandler
                0x0000000008001a78                TIM1_UP_TIM10_IRQHandler
                0x0000000008001a78                TIM8_UP_TIM13_IRQHandler
                0x0000000008001a78                I2C3_ER_IRQHandler
                0x0000000008001a78                EXTI0_IRQHandler
                0x0000000008001a78                I2C2_EV_IRQHandler
                0x0000000008001a78                DMA1_Stream2_IRQHandler
                0x0000000008001a78                CAN1_RX0_IRQHandler
                0x0000000008001a78                FPU_IRQHandler
                0x0000000008001a78                OTG_HS_WKUP_IRQHandler
                0x0000000008001a78                LTDC_ER_IRQHandler
                0x0000000008001a78                CAN2_SCE_IRQHandler
                0x0000000008001a78                DMA2_Stream2_IRQHandler
                0x0000000008001a78                SPI1_IRQHandler
                0x0000000008001a78                TIM6_DAC_IRQHandler
                0x0000000008001a78                TIM1_BRK_TIM9_IRQHandler
                0x0000000008001a78                DCMI_IRQHandler
                0x0000000008001a78                CAN2_RX0_IRQHandler
                0x0000000008001a78                DMA2_Stream3_IRQHandler
                0x0000000008001a78                SAI2_IRQHandler
                0x0000000008001a78                USART6_IRQHandler
                0x0000000008001a78                USART3_IRQHandler
                0x0000000008001a78                CAN1_RX1_IRQHandler
                0x0000000008001a78                UART5_IRQHandler
                0x0000000008001a78                DMA2_Stream0_IRQHandler
                0x0000000008001a78                TIM4_IRQHandler
                0x0000000008001a78                QUADSPI_IRQHandler
                0x0000000008001a78                I2C1_EV_IRQHandler
                0x0000000008001a78                DMA1_Stream6_IRQHandler
                0x0000000008001a78                DMA1_Stream1_IRQHandler
                0x0000000008001a78                UART4_IRQHandler
                0x0000000008001a78                TIM3_IRQHandler
                0x0000000008001a78                TIM8_BRK_TIM12_IRQHandler
                0x0000000008001a78                Default_Handler
                0x0000000008001a78                CEC_IRQHandler
                0x0000000008001a78                EXTI15_10_IRQHandler
                0x0000000008001a78                ADC_IRQHandler
                0x0000000008001a78                DMA1_Stream7_IRQHandler
                0x0000000008001a78                SPI5_IRQHandler
                0x0000000008001a78                TIM7_IRQHandler
                0x0000000008001a78                SDMMC1_IRQHandler
                0x0000000008001a78                CAN2_TX_IRQHandler
                0x0000000008001a78                TIM5_IRQHandler
                0x0000000008001a78                DMA2_Stream7_IRQHandler
                0x0000000008001a78                I2C3_EV_IRQHandler
                0x0000000008001a78                EXTI9_5_IRQHandler
                0x0000000008001a78                RTC_WKUP_IRQHandler
                0x0000000008001a78                LTDC_IRQHandler
                0x0000000008001a78                ETH_WKUP_IRQHandler
                0x0000000008001a78                SPDIF_RX_IRQHandler
                0x0000000008001a78                SPI2_IRQHandler
                0x0000000008001a78                OTG_HS_EP1_IN_IRQHandler
                0x0000000008001a78                DMA1_Stream0_IRQHandler
                0x0000000008001a78                CAN1_TX_IRQHandler
                0x0000000008001a78                EXTI4_IRQHandler
                0x0000000008001a78                RNG_IRQHandler
                0x0000000008001a78                ETH_IRQHandler
                0x0000000008001a78                OTG_HS_EP1_OUT_IRQHandler
                0x0000000008001a78                WWDG_IRQHandler
                0x0000000008001a78                SPI6_IRQHandler
                0x0000000008001a78                I2C4_EV_IRQHandler
                0x0000000008001a78                OTG_FS_WKUP_IRQHandler
                0x0000000008001a78                TIM1_TRG_COM_TIM11_IRQHandler
                0x0000000008001a78                OTG_HS_IRQHandler
                0x0000000008001a78                DMA2D_IRQHandler
                0x0000000008001a78                EXTI1_IRQHandler
                0x0000000008001a78                UART7_IRQHandler
                0x0000000008001a78                USART2_IRQHandler
                0x0000000008001a78                I2C2_ER_IRQHandler
                0x0000000008001a78                DMA2_Stream1_IRQHandler
                0x0000000008001a78                CAN1_SCE_IRQHandler
                0x0000000008001a78                FLASH_IRQHandler
                0x0000000008001a78                DMA2_Stream4_IRQHandler
                0x0000000008001a78                USART1_IRQHandler
                0x0000000008001a78                OTG_FS_IRQHandler
                0x0000000008001a78                SPI3_IRQHandler
                0x0000000008001a78                DMA1_Stream4_IRQHandler
                0x0000000008001a78                I2C1_ER_IRQHandler
                0x0000000008001a78                FMC_IRQHandler
                0x0000000008001a78                LPTIM1_IRQHandler
                0x0000000008001a78                I2C4_ER_IRQHandler
                0x0000000008001a78                DMA2_Stream6_IRQHandler
                0x0000000008001a78                SAI1_IRQHandler
                0x0000000008001a78                DMA1_Stream3_IRQHandler
 *fill*         0x0000000008001a7a        0x2 
 .text.HAL_Init
                0x0000000008001a7c       0x38 Drivers/STM32F7xx_HAL_Driver/Src/stm32f7xx_hal.o
                0x0000000008001a7c                HAL_Init
 .text.HAL_InitTick
                0x0000000008001ab4       0x60 Drivers/STM32F7xx_HAL_Driver/Src/stm32f7xx_hal.o
                0x0000000008001ab4                HAL_InitTick
 .text.HAL_IncTick
                0x0000000008001b14       0x28 Drivers/STM32F7xx_HAL_Driver/Src/stm32f7xx_hal.o
                0x0000000008001b14                HAL_IncTick
 .text.HAL_GetTick
                0x0000000008001b3c       0x18 Drivers/STM32F7xx_HAL_Driver/Src/stm32f7xx_hal.o
                0x0000000008001b3c                HAL_GetTick
 .text.HAL_Delay
                0x0000000008001b54       0x48 Drivers/STM32F7xx_HAL_Driver/Src/stm32f7xx_hal.o
                0x0000000008001b54                HAL_Delay
 .text.__NVIC_SetPriorityGrouping
                0x0000000008001b9c       0x48 Drivers/STM32F7xx_HAL_Driver/Src/stm32f7xx_hal_cortex.o
 .text.__NVIC_GetPriorityGrouping
                0x0000000008001be4       0x1c Drivers/STM32F7xx_HAL_Driver/Src/stm32f7xx_hal_cortex.o
 .text.__NVIC_EnableIRQ
                0x0000000008001c00       0x3c Drivers/STM32F7xx_HAL_Driver/Src/stm32f7xx_hal_cortex.o
 .text.__NVIC_SetPriority
                0x0000000008001c3c       0x54 Drivers/STM32F7xx_HAL_Driver/Src/stm32f7xx_hal_cortex.o
 .text.NVIC_EncodePriority
                0x0000000008001c90       0x66 Drivers/STM32F7xx_HAL_Driver/Src/stm32f7xx_hal_cortex.o
 *fill*         0x0000000008001cf6        0x2 
 .text.SysTick_Config
                0x0000000008001cf8       0x44 Drivers/STM32F7xx_HAL_Driver/Src/stm32f7xx_hal_cortex.o
 .text.HAL_NVIC_SetPriorityGrouping
                0x0000000008001d3c       0x16 Drivers/STM32F7xx_HAL_Driver/Src/stm32f7xx_hal_cortex.o
                0x0000000008001d3c                HAL_NVIC_SetPriorityGrouping
 .text.HAL_NVIC_SetPriority
                0x0000000008001d52       0x38 Drivers/STM32F7xx_HAL_Driver/Src/stm32f7xx_hal_cortex.o
                0x0000000008001d52                HAL_NVIC_SetPriority
 .text.HAL_NVIC_EnableIRQ
                0x0000000008001d8a       0x1c Drivers/STM32F7xx_HAL_Driver/Src/stm32f7xx_hal_cortex.o
                0x0000000008001d8a                HAL_NVIC_EnableIRQ
 .text.HAL_SYSTICK_Config
                0x0000000008001da6       0x18 Drivers/STM32F7xx_HAL_Driver/Src/stm32f7xx_hal_cortex.o
                0x0000000008001da6                HAL_SYSTICK_Config
 *fill*         0x0000000008001dbe        0x2 
 .text.HAL_GPIO_Init
                0x0000000008001dc0      0x358 Drivers/STM32F7xx_HAL_Driver/Src/stm32f7xx_hal_gpio.o
                0x0000000008001dc0                HAL_GPIO_Init
 .text.HAL_GPIO_ReadPin
                0x0000000008002118       0x30 Drivers/STM32F7xx_HAL_Driver/Src/stm32f7xx_hal_gpio.o
                0x0000000008002118                HAL_GPIO_ReadPin
 .text.HAL_GPIO_WritePin
                0x0000000008002148       0x32 Drivers/STM32F7xx_HAL_Driver/Src/stm32f7xx_hal_gpio.o
                0x0000000008002148                HAL_GPIO_WritePin
 *fill*         0x000000000800217a        0x2 
 .text.HAL_PWREx_EnableOverDrive
                0x000000000800217c       0xa0 Drivers/STM32F7xx_HAL_Driver/Src/stm32f7xx_hal_pwr_ex.o
                0x000000000800217c                HAL_PWREx_EnableOverDrive
 .text.HAL_RCC_OscConfig
                0x000000000800221c      0x548 Drivers/STM32F7xx_HAL_Driver/Src/stm32f7xx_hal_rcc.o
                0x000000000800221c                HAL_RCC_OscConfig
 .text.HAL_RCC_ClockConfig
                0x0000000008002764      0x1d8 Drivers/STM32F7xx_HAL_Driver/Src/stm32f7xx_hal_rcc.o
                0x0000000008002764                HAL_RCC_ClockConfig
 .text.HAL_RCC_GetSysClockFreq
                0x000000000800293c      0x16c Drivers/STM32F7xx_HAL_Driver/Src/stm32f7xx_hal_rcc.o
                0x000000000800293c                HAL_RCC_GetSysClockFreq
 .text.HAL_RCC_GetHCLKFreq
                0x0000000008002aa8       0x18 Drivers/STM32F7xx_HAL_Driver/Src/stm32f7xx_hal_rcc.o
                0x0000000008002aa8                HAL_RCC_GetHCLKFreq
 .text.HAL_RCC_GetPCLK1Freq
                0x0000000008002ac0       0x28 Drivers/STM32F7xx_HAL_Driver/Src/stm32f7xx_hal_rcc.o
                0x0000000008002ac0                HAL_RCC_GetPCLK1Freq
 .text.HAL_RCC_GetPCLK2Freq
                0x0000000008002ae8       0x28 Drivers/STM32F7xx_HAL_Driver/Src/stm32f7xx_hal_rcc.o
                0x0000000008002ae8                HAL_RCC_GetPCLK2Freq
 .text.HAL_RCCEx_PeriphCLKConfig
                0x0000000008002b10      0x7e0 Drivers/STM32F7xx_HAL_Driver/Src/stm32f7xx_hal_rcc_ex.o
                0x0000000008002b10                HAL_RCCEx_PeriphCLKConfig
 .text.HAL_SD_Init
                0x00000000080032f0       0x60 Drivers/STM32F7xx_HAL_Driver/Src/stm32f7xx_hal_sd.o
                0x00000000080032f0                HAL_SD_Init
 .text.HAL_SD_InitCard
                0x0000000008003350      0x10c Drivers/STM32F7xx_HAL_Driver/Src/stm32f7xx_hal_sd.o
                0x0000000008003350                HAL_SD_InitCard
 .text.HAL_SD_ReadBlocks
                0x000000000800345c      0x3bc Drivers/STM32F7xx_HAL_Driver/Src/stm32f7xx_hal_sd.o
                0x000000000800345c                HAL_SD_ReadBlocks
 .text.HAL_SD_WriteBlocks
                0x0000000008003818      0x30c Drivers/STM32F7xx_HAL_Driver/Src/stm32f7xx_hal_sd.o
                0x0000000008003818                HAL_SD_WriteBlocks
 .text.HAL_SD_GetCardCSD
                0x0000000008003b24      0x348 Drivers/STM32F7xx_HAL_Driver/Src/stm32f7xx_hal_sd.o
                0x0000000008003b24                HAL_SD_GetCardCSD
 .text.HAL_SD_GetCardInfo
                0x0000000008003e6c       0x58 Drivers/STM32F7xx_HAL_Driver/Src/stm32f7xx_hal_sd.o
                0x0000000008003e6c                HAL_SD_GetCardInfo
 .text.HAL_SD_GetCardState
                0x0000000008003ec4       0x40 Drivers/STM32F7xx_HAL_Driver/Src/stm32f7xx_hal_sd.o
                0x0000000008003ec4                HAL_SD_GetCardState
 .text.SD_InitCard
                0x0000000008003f04      0x198 Drivers/STM32F7xx_HAL_Driver/Src/stm32f7xx_hal_sd.o
 .text.SD_PowerON
                0x000000000800409c      0x11c Drivers/STM32F7xx_HAL_Driver/Src/stm32f7xx_hal_sd.o
 .text.SD_SendStatus
                0x00000000080041b8       0x50 Drivers/STM32F7xx_HAL_Driver/Src/stm32f7xx_hal_sd.o
 .text.HAL_TIM_Base_Init
                0x0000000008004208       0xae Drivers/STM32F7xx_HAL_Driver/Src/stm32f7xx_hal_tim.o
                0x0000000008004208                HAL_TIM_Base_Init
 *fill*         0x00000000080042b6        0x2 
 .text.HAL_TIM_Base_Start_IT
                0x00000000080042b8       0xf0 Drivers/STM32F7xx_HAL_Driver/Src/stm32f7xx_hal_tim.o
                0x00000000080042b8                HAL_TIM_Base_Start_IT
 .text.HAL_TIM_IRQHandler
                0x00000000080043a8      0x23e Drivers/STM32F7xx_HAL_Driver/Src/stm32f7xx_hal_tim.o
                0x00000000080043a8                HAL_TIM_IRQHandler
 *fill*         0x00000000080045e6        0x2 
 .text.HAL_TIM_ConfigClockSource
                0x00000000080045e8      0x18c Drivers/STM32F7xx_HAL_Driver/Src/stm32f7xx_hal_tim.o
                0x00000000080045e8                HAL_TIM_ConfigClockSource
 .text.HAL_TIM_OC_DelayElapsedCallback
                0x0000000008004774       0x14 Drivers/STM32F7xx_HAL_Driver/Src/stm32f7xx_hal_tim.o
                0x0000000008004774                HAL_TIM_OC_DelayElapsedCallback
 .text.HAL_TIM_IC_CaptureCallback
                0x0000000008004788       0x14 Drivers/STM32F7xx_HAL_Driver/Src/stm32f7xx_hal_tim.o
                0x0000000008004788                HAL_TIM_IC_CaptureCallback
 .text.HAL_TIM_PWM_PulseFinishedCallback
                0x000000000800479c       0x14 Drivers/STM32F7xx_HAL_Driver/Src/stm32f7xx_hal_tim.o
                0x000000000800479c                HAL_TIM_PWM_PulseFinishedCallback
 .text.HAL_TIM_TriggerCallback
                0x00000000080047b0       0x14 Drivers/STM32F7xx_HAL_Driver/Src/stm32f7xx_hal_tim.o
                0x00000000080047b0                HAL_TIM_TriggerCallback
 .text.TIM_Base_SetConfig
                0x00000000080047c4      0x140 Drivers/STM32F7xx_HAL_Driver/Src/stm32f7xx_hal_tim.o
                0x00000000080047c4                TIM_Base_SetConfig
 .text.TIM_TI1_ConfigInputStage
                0x0000000008004904       0x5e Drivers/STM32F7xx_HAL_Driver/Src/stm32f7xx_hal_tim.o
 .text.TIM_TI2_ConfigInputStage
                0x0000000008004962       0x60 Drivers/STM32F7xx_HAL_Driver/Src/stm32f7xx_hal_tim.o
 .text.TIM_ITRx_SetConfig
                0x00000000080049c2       0x36 Drivers/STM32F7xx_HAL_Driver/Src/stm32f7xx_hal_tim.o
 .text.TIM_ETR_SetConfig
                0x00000000080049f8       0x40 Drivers/STM32F7xx_HAL_Driver/Src/stm32f7xx_hal_tim.o
                0x00000000080049f8                TIM_ETR_SetConfig
 .text.HAL_TIMEx_MasterConfigSynchronization
                0x0000000008004a38      0x11c Drivers/STM32F7xx_HAL_Driver/Src/stm32f7xx_hal_tim_ex.o
                0x0000000008004a38                HAL_TIMEx_MasterConfigSynchronization
 .text.HAL_TIMEx_CommutCallback
                0x0000000008004b54       0x14 Drivers/STM32F7xx_HAL_Driver/Src/stm32f7xx_hal_tim_ex.o
                0x0000000008004b54                HAL_TIMEx_CommutCallback
 .text.HAL_TIMEx_BreakCallback
                0x0000000008004b68       0x14 Drivers/STM32F7xx_HAL_Driver/Src/stm32f7xx_hal_tim_ex.o
                0x0000000008004b68                HAL_TIMEx_BreakCallback
 .text.HAL_TIMEx_Break2Callback
                0x0000000008004b7c       0x14 Drivers/STM32F7xx_HAL_Driver/Src/stm32f7xx_hal_tim_ex.o
                0x0000000008004b7c                HAL_TIMEx_Break2Callback
 .text.HAL_UART_Init
                0x0000000008004b90       0x9c Drivers/STM32F7xx_HAL_Driver/Src/stm32f7xx_hal_uart.o
                0x0000000008004b90                HAL_UART_Init
 .text.UART_SetConfig
                0x0000000008004c2c      0x4c4 Drivers/STM32F7xx_HAL_Driver/Src/stm32f7xx_hal_uart.o
                0x0000000008004c2c                UART_SetConfig
 .text.UART_AdvFeatureConfig
                0x00000000080050f0      0x144 Drivers/STM32F7xx_HAL_Driver/Src/stm32f7xx_hal_uart.o
                0x00000000080050f0                UART_AdvFeatureConfig
 .text.UART_CheckIdleState
                0x0000000008005234       0x66 Drivers/STM32F7xx_HAL_Driver/Src/stm32f7xx_hal_uart.o
                0x0000000008005234                UART_CheckIdleState
 .text.UART_WaitOnFlagUntilTimeout
                0x000000000800529a       0xf8 Drivers/STM32F7xx_HAL_Driver/Src/stm32f7xx_hal_uart.o
                0x000000000800529a                UART_WaitOnFlagUntilTimeout
 *fill*         0x0000000008005392        0x2 
 .text.SDMMC_Init
                0x0000000008005394       0x58 Drivers/STM32F7xx_HAL_Driver/Src/stm32f7xx_ll_sdmmc.o
                0x0000000008005394                SDMMC_Init
 .text.SDMMC_ReadFIFO
                0x00000000080053ec       0x1a Drivers/STM32F7xx_HAL_Driver/Src/stm32f7xx_ll_sdmmc.o
                0x00000000080053ec                SDMMC_ReadFIFO
 .text.SDMMC_WriteFIFO
                0x0000000008005406       0x22 Drivers/STM32F7xx_HAL_Driver/Src/stm32f7xx_ll_sdmmc.o
                0x0000000008005406                SDMMC_WriteFIFO
 .text.SDMMC_PowerState_ON
                0x0000000008005428       0x1e Drivers/STM32F7xx_HAL_Driver/Src/stm32f7xx_ll_sdmmc.o
                0x0000000008005428                SDMMC_PowerState_ON
 .text.SDMMC_GetPowerState
                0x0000000008005446       0x1c Drivers/STM32F7xx_HAL_Driver/Src/stm32f7xx_ll_sdmmc.o
                0x0000000008005446                SDMMC_GetPowerState
 *fill*         0x0000000008005462        0x2 
 .text.SDMMC_SendCommand
                0x0000000008005464       0x54 Drivers/STM32F7xx_HAL_Driver/Src/stm32f7xx_ll_sdmmc.o
                0x0000000008005464                SDMMC_SendCommand
 .text.SDMMC_GetCommandResponse
                0x00000000080054b8       0x1a Drivers/STM32F7xx_HAL_Driver/Src/stm32f7xx_ll_sdmmc.o
                0x00000000080054b8                SDMMC_GetCommandResponse
 .text.SDMMC_GetResponse
                0x00000000080054d2       0x26 Drivers/STM32F7xx_HAL_Driver/Src/stm32f7xx_ll_sdmmc.o
                0x00000000080054d2                SDMMC_GetResponse
 .text.SDMMC_ConfigData
                0x00000000080054f8       0x58 Drivers/STM32F7xx_HAL_Driver/Src/stm32f7xx_ll_sdmmc.o
                0x00000000080054f8                SDMMC_ConfigData
 .text.SDMMC_CmdBlockLength
                0x0000000008005550       0x44 Drivers/STM32F7xx_HAL_Driver/Src/stm32f7xx_ll_sdmmc.o
                0x0000000008005550                SDMMC_CmdBlockLength
 .text.SDMMC_CmdReadSingleBlock
                0x0000000008005594       0x44 Drivers/STM32F7xx_HAL_Driver/Src/stm32f7xx_ll_sdmmc.o
                0x0000000008005594                SDMMC_CmdReadSingleBlock
 .text.SDMMC_CmdReadMultiBlock
                0x00000000080055d8       0x44 Drivers/STM32F7xx_HAL_Driver/Src/stm32f7xx_ll_sdmmc.o
                0x00000000080055d8                SDMMC_CmdReadMultiBlock
 .text.SDMMC_CmdWriteSingleBlock
                0x000000000800561c       0x44 Drivers/STM32F7xx_HAL_Driver/Src/stm32f7xx_ll_sdmmc.o
                0x000000000800561c                SDMMC_CmdWriteSingleBlock
 .text.SDMMC_CmdWriteMultiBlock
                0x0000000008005660       0x44 Drivers/STM32F7xx_HAL_Driver/Src/stm32f7xx_ll_sdmmc.o
                0x0000000008005660                SDMMC_CmdWriteMultiBlock
 .text.SDMMC_CmdStopTransfer
                0x00000000080056a4       0x44 Drivers/STM32F7xx_HAL_Driver/Src/stm32f7xx_ll_sdmmc.o
                0x00000000080056a4                SDMMC_CmdStopTransfer
 .text.SDMMC_CmdSelDesel
                0x00000000080056e8       0x46 Drivers/STM32F7xx_HAL_Driver/Src/stm32f7xx_ll_sdmmc.o
                0x00000000080056e8                SDMMC_CmdSelDesel
 .text.SDMMC_CmdGoIdleState
                0x000000000800572e       0x3c Drivers/STM32F7xx_HAL_Driver/Src/stm32f7xx_ll_sdmmc.o
                0x000000000800572e                SDMMC_CmdGoIdleState
 .text.SDMMC_CmdOperCond
                0x000000000800576a       0x3e Drivers/STM32F7xx_HAL_Driver/Src/stm32f7xx_ll_sdmmc.o
                0x000000000800576a                SDMMC_CmdOperCond
 .text.SDMMC_CmdAppCommand
                0x00000000080057a8       0x44 Drivers/STM32F7xx_HAL_Driver/Src/stm32f7xx_ll_sdmmc.o
                0x00000000080057a8                SDMMC_CmdAppCommand
 .text.SDMMC_CmdAppOperCommand
                0x00000000080057ec       0x48 Drivers/STM32F7xx_HAL_Driver/Src/stm32f7xx_ll_sdmmc.o
                0x00000000080057ec                SDMMC_CmdAppOperCommand
 .text.SDMMC_CmdSendCID
                0x0000000008005834       0x3c Drivers/STM32F7xx_HAL_Driver/Src/stm32f7xx_ll_sdmmc.o
                0x0000000008005834                SDMMC_CmdSendCID
 .text.SDMMC_CmdSendCSD
                0x0000000008005870       0x3e Drivers/STM32F7xx_HAL_Driver/Src/stm32f7xx_ll_sdmmc.o
                0x0000000008005870                SDMMC_CmdSendCSD
 .text.SDMMC_CmdSetRelAdd
                0x00000000080058ae       0x42 Drivers/STM32F7xx_HAL_Driver/Src/stm32f7xx_ll_sdmmc.o
                0x00000000080058ae                SDMMC_CmdSetRelAdd
 .text.SDMMC_CmdSendStatus
                0x00000000080058f0       0x44 Drivers/STM32F7xx_HAL_Driver/Src/stm32f7xx_ll_sdmmc.o
                0x00000000080058f0                SDMMC_CmdSendStatus
 .text.SDMMC_GetCmdError
                0x0000000008005934       0x58 Drivers/STM32F7xx_HAL_Driver/Src/stm32f7xx_ll_sdmmc.o
 .text.SDMMC_GetCmdResp1
                0x000000000800598c      0x1dc Drivers/STM32F7xx_HAL_Driver/Src/stm32f7xx_ll_sdmmc.o
 .text.SDMMC_GetCmdResp2
                0x0000000008005b68       0x90 Drivers/STM32F7xx_HAL_Driver/Src/stm32f7xx_ll_sdmmc.o
 .text.SDMMC_GetCmdResp3
                0x0000000008005bf8       0x7c Drivers/STM32F7xx_HAL_Driver/Src/stm32f7xx_ll_sdmmc.o
 .text.SDMMC_GetCmdResp6
                0x0000000008005c74       0xec Drivers/STM32F7xx_HAL_Driver/Src/stm32f7xx_ll_sdmmc.o
 .text.SDMMC_GetCmdResp7
                0x0000000008005d60       0x9c Drivers/STM32F7xx_HAL_Driver/Src/stm32f7xx_ll_sdmmc.o
 .text.MX_FATFS_Init
                0x0000000008005dfc       0x24 FATFS/App/fatfs.o
                0x0000000008005dfc                MX_FATFS_Init
 .text.BSP_SD_Init
                0x0000000008005e20       0x30 FATFS/Target/bsp_driver_sd.o
                0x0000000008005e20                BSP_SD_Init
 .text.BSP_SD_ReadBlocks
                0x0000000008005e50       0x3c FATFS/Target/bsp_driver_sd.o
                0x0000000008005e50                BSP_SD_ReadBlocks
 .text.BSP_SD_WriteBlocks
                0x0000000008005e8c       0x3c FATFS/Target/bsp_driver_sd.o
                0x0000000008005e8c                BSP_SD_WriteBlocks
 .text.BSP_SD_GetCardState
                0x0000000008005ec8       0x20 FATFS/Target/bsp_driver_sd.o
                0x0000000008005ec8                BSP_SD_GetCardState
 .text.BSP_SD_GetCardInfo
                0x0000000008005ee8       0x1c FATFS/Target/bsp_driver_sd.o
                0x0000000008005ee8                BSP_SD_GetCardInfo
 .text.BSP_SD_IsDetected
                0x0000000008005f04       0x24 FATFS/Target/bsp_driver_sd.o
                0x0000000008005f04                BSP_SD_IsDetected
 .text.BSP_PlatformIsDetected
                0x0000000008005f28       0x2c FATFS/Target/fatfs_platform.o
                0x0000000008005f28                BSP_PlatformIsDetected
 .text.SD_CheckStatus
                0x0000000008005f54       0x3c FATFS/Target/sd_diskio.o
 .text.SD_initialize
                0x0000000008005f90       0x3c FATFS/Target/sd_diskio.o
                0x0000000008005f90                SD_initialize
 .text.SD_status
                0x0000000008005fcc       0x1c FATFS/Target/sd_diskio.o
                0x0000000008005fcc                SD_status
 .text.SD_read  0x0000000008005fe8       0x42 FATFS/Target/sd_diskio.o
                0x0000000008005fe8                SD_read
 .text.SD_write
                0x000000000800602a       0x42 FATFS/Target/sd_diskio.o
                0x000000000800602a                SD_write
 .text.SD_ioctl
                0x000000000800606c       0xb0 FATFS/Target/sd_diskio.o
                0x000000000800606c                SD_ioctl
 .text.FATFS_LinkDriverEx
                0x000000000800611c       0x98 Middlewares/Third_Party/FatFs/src/ff_gen_drv.o
                0x000000000800611c                FATFS_LinkDriverEx
 .text.FATFS_LinkDriver
                0x00000000080061b4       0x1e Middlewares/Third_Party/FatFs/src/ff_gen_drv.o
                0x00000000080061b4                FATFS_LinkDriver
 *fill*         0x00000000080061d2        0x2 
 .text.__libc_init_array
                0x00000000080061d4       0x48 c:/st/stm32cubeide_1.6.1/stm32cubeide/plugins/com.st.stm32cube.ide.mcu.externaltools.gnu-tools-for-stm32.9-2020-q2-update.win32_1.5.0.202011040924/tools/bin/../lib/gcc/arm-none-eabi/9.3.1/../../../../arm-none-eabi/lib/thumb/v7e-m+fp/hard\libc_nano.a(lib_a-init.o)
                0x00000000080061d4                __libc_init_array
 .text.memset   0x000000000800621c       0x10 c:/st/stm32cubeide_1.6.1/stm32cubeide/plugins/com.st.stm32cube.ide.mcu.externaltools.gnu-tools-for-stm32.9-2020-q2-update.win32_1.5.0.202011040924/tools/bin/../lib/gcc/arm-none-eabi/9.3.1/../../../../arm-none-eabi/lib/thumb/v7e-m+fp/hard\libc_nano.a(lib_a-memset.o)
                0x000000000800621c                memset
 *fill*         0x000000000800622c        0x4 
 .text.sin      0x0000000008006230       0xa8 c:/st/stm32cubeide_1.6.1/stm32cubeide/plugins/com.st.stm32cube.ide.mcu.externaltools.gnu-tools-for-stm32.9-2020-q2-update.win32_1.5.0.202011040924/tools/bin/../lib/gcc/arm-none-eabi/9.3.1/../../../../arm-none-eabi/lib/thumb/v7e-m+fp/hard\libm.a(lib_a-s_sin.o)
                0x0000000008006230                sin
 .text.__ieee754_rem_pio2
                0x00000000080062d8      0x414 c:/st/stm32cubeide_1.6.1/stm32cubeide/plugins/com.st.stm32cube.ide.mcu.externaltools.gnu-tools-for-stm32.9-2020-q2-update.win32_1.5.0.202011040924/tools/bin/../lib/gcc/arm-none-eabi/9.3.1/../../../../arm-none-eabi/lib/thumb/v7e-m+fp/hard\libm.a(lib_a-e_rem_pio2.o)
                0x00000000080062d8                __ieee754_rem_pio2
 *fill*         0x00000000080066ec        0x4 
 .text.__kernel_cos
                0x00000000080066f0      0x18c c:/st/stm32cubeide_1.6.1/stm32cubeide/plugins/com.st.stm32cube.ide.mcu.externaltools.gnu-tools-for-stm32.9-2020-q2-update.win32_1.5.0.202011040924/tools/bin/../lib/gcc/arm-none-eabi/9.3.1/../../../../arm-none-eabi/lib/thumb/v7e-m+fp/hard\libm.a(lib_a-k_cos.o)
                0x00000000080066f0                __kernel_cos
 *fill*         0x000000000800687c        0x4 
 .text.__kernel_rem_pio2
                0x0000000008006880      0x680 c:/st/stm32cubeide_1.6.1/stm32cubeide/plugins/com.st.stm32cube.ide.mcu.externaltools.gnu-tools-for-stm32.9-2020-q2-update.win32_1.5.0.202011040924/tools/bin/../lib/gcc/arm-none-eabi/9.3.1/../../../../arm-none-eabi/lib/thumb/v7e-m+fp/hard\libm.a(lib_a-k_rem_pio2.o)
                0x0000000008006880                __kernel_rem_pio2
 .text.__kernel_sin
                0x0000000008006f00      0x17c c:/st/stm32cubeide_1.6.1/stm32cubeide/plugins/com.st.stm32cube.ide.mcu.externaltools.gnu-tools-for-stm32.9-2020-q2-update.win32_1.5.0.202011040924/tools/bin/../lib/gcc/arm-none-eabi/9.3.1/../../../../arm-none-eabi/lib/thumb/v7e-m+fp/hard\libm.a(lib_a-k_sin.o)
                0x0000000008006f00                __kernel_sin
 .text.fabs     0x000000000800707c       0x12 c:/st/stm32cubeide_1.6.1/stm32cubeide/plugins/com.st.stm32cube.ide.mcu.externaltools.gnu-tools-for-stm32.9-2020-q2-update.win32_1.5.0.202011040924/tools/bin/../lib/gcc/arm-none-eabi/9.3.1/../../../../arm-none-eabi/lib/thumb/v7e-m+fp/hard\libm.a(lib_a-s_fabs.o)
                0x000000000800707c                fabs
 *fill*         0x000000000800708e        0x2 
 .text.floor    0x0000000008007090      0x100 c:/st/stm32cubeide_1.6.1/stm32cubeide/plugins/com.st.stm32cube.ide.mcu.externaltools.gnu-tools-for-stm32.9-2020-q2-update.win32_1.5.0.202011040924/tools/bin/../lib/gcc/arm-none-eabi/9.3.1/../../../../arm-none-eabi/lib/thumb/v7e-m+fp/hard\libm.a(lib_a-s_floor.o)
                0x0000000008007090                floor
 .text.scalbn   0x0000000008007190      0x10c c:/st/stm32cubeide_1.6.1/stm32cubeide/plugins/com.st.stm32cube.ide.mcu.externaltools.gnu-tools-for-stm32.9-2020-q2-update.win32_1.5.0.202011040924/tools/bin/../lib/gcc/arm-none-eabi/9.3.1/../../../../arm-none-eabi/lib/thumb/v7e-m+fp/hard\libm.a(lib_a-s_scalbn.o)
                0x0000000008007190                scalbn
 *(.glue_7)
 .glue_7        0x000000000800729c        0x0 linker stubs
 *(.glue_7t)
 .glue_7t       0x000000000800729c        0x0 linker stubs
 *(.eh_frame)
 .eh_frame      0x000000000800729c        0x0 c:/st/stm32cubeide_1.6.1/stm32cubeide/plugins/com.st.stm32cube.ide.mcu.externaltools.gnu-tools-for-stm32.9-2020-q2-update.win32_1.5.0.202011040924/tools/bin/../lib/gcc/arm-none-eabi/9.3.1/thumb/v7e-m+fp/hard/crtbegin.o
 *(.init)
 .init          0x000000000800729c        0x4 c:/st/stm32cubeide_1.6.1/stm32cubeide/plugins/com.st.stm32cube.ide.mcu.externaltools.gnu-tools-for-stm32.9-2020-q2-update.win32_1.5.0.202011040924/tools/bin/../lib/gcc/arm-none-eabi/9.3.1/thumb/v7e-m+fp/hard/crti.o
                0x000000000800729c                _init
 .init          0x00000000080072a0        0x8 c:/st/stm32cubeide_1.6.1/stm32cubeide/plugins/com.st.stm32cube.ide.mcu.externaltools.gnu-tools-for-stm32.9-2020-q2-update.win32_1.5.0.202011040924/tools/bin/../lib/gcc/arm-none-eabi/9.3.1/thumb/v7e-m+fp/hard/crtn.o
 *(.fini)
 .fini          0x00000000080072a8        0x4 c:/st/stm32cubeide_1.6.1/stm32cubeide/plugins/com.st.stm32cube.ide.mcu.externaltools.gnu-tools-for-stm32.9-2020-q2-update.win32_1.5.0.202011040924/tools/bin/../lib/gcc/arm-none-eabi/9.3.1/thumb/v7e-m+fp/hard/crti.o
                0x00000000080072a8                _fini
 .fini          0x00000000080072ac        0x8 c:/st/stm32cubeide_1.6.1/stm32cubeide/plugins/com.st.stm32cube.ide.mcu.externaltools.gnu-tools-for-stm32.9-2020-q2-update.win32_1.5.0.202011040924/tools/bin/../lib/gcc/arm-none-eabi/9.3.1/thumb/v7e-m+fp/hard/crtn.o
                0x00000000080072b4                . = ALIGN (0x4)
                0x00000000080072b4                _etext = .

.vfp11_veneer   0x00000000080072b4        0x0
 .vfp11_veneer  0x00000000080072b4        0x0 linker stubs

.v4_bx          0x00000000080072b4        0x0
 .v4_bx         0x00000000080072b4        0x0 linker stubs

.iplt           0x00000000080072b4        0x0
 .iplt          0x00000000080072b4        0x0 c:/st/stm32cubeide_1.6.1/stm32cubeide/plugins/com.st.stm32cube.ide.mcu.externaltools.gnu-tools-for-stm32.9-2020-q2-update.win32_1.5.0.202011040924/tools/bin/../lib/gcc/arm-none-eabi/9.3.1/thumb/v7e-m+fp/hard/crtbegin.o

.rodata         0x00000000080072b8      0x208
                0x00000000080072b8                . = ALIGN (0x4)
 *(.rodata)
 *(.rodata*)
 .rodata.AHBPrescTable
                0x00000000080072b8       0x10 Core/Src/system_stm32f7xx.o
                0x00000000080072b8                AHBPrescTable
 .rodata.APBPrescTable
                0x00000000080072c8        0x8 Core/Src/system_stm32f7xx.o
                0x00000000080072c8                APBPrescTable
 .rodata.SD_Driver
                0x00000000080072d0       0x14 FATFS/Target/sd_diskio.o
                0x00000000080072d0                SD_Driver
 .rodata.npio2_hw
                0x00000000080072e4       0x80 c:/st/stm32cubeide_1.6.1/stm32cubeide/plugins/com.st.stm32cube.ide.mcu.externaltools.gnu-tools-for-stm32.9-2020-q2-update.win32_1.5.0.202011040924/tools/bin/../lib/gcc/arm-none-eabi/9.3.1/../../../../arm-none-eabi/lib/thumb/v7e-m+fp/hard\libm.a(lib_a-e_rem_pio2.o)
 .rodata.two_over_pi
                0x0000000008007364      0x108 c:/st/stm32cubeide_1.6.1/stm32cubeide/plugins/com.st.stm32cube.ide.mcu.externaltools.gnu-tools-for-stm32.9-2020-q2-update.win32_1.5.0.202011040924/tools/bin/../lib/gcc/arm-none-eabi/9.3.1/../../../../arm-none-eabi/lib/thumb/v7e-m+fp/hard\libm.a(lib_a-e_rem_pio2.o)
 *fill*         0x000000000800746c        0x4 
 .rodata.PIo2   0x0000000008007470       0x40 c:/st/stm32cubeide_1.6.1/stm32cubeide/plugins/com.st.stm32cube.ide.mcu.externaltools.gnu-tools-for-stm32.9-2020-q2-update.win32_1.5.0.202011040924/tools/bin/../lib/gcc/arm-none-eabi/9.3.1/../../../../arm-none-eabi/lib/thumb/v7e-m+fp/hard\libm.a(lib_a-k_rem_pio2.o)
 .rodata.init_jk
                0x00000000080074b0       0x10 c:/st/stm32cubeide_1.6.1/stm32cubeide/plugins/com.st.stm32cube.ide.mcu.externaltools.gnu-tools-for-stm32.9-2020-q2-update.win32_1.5.0.202011040924/tools/bin/../lib/gcc/arm-none-eabi/9.3.1/../../../../arm-none-eabi/lib/thumb/v7e-m+fp/hard\libm.a(lib_a-k_rem_pio2.o)
                0x00000000080074c0                . = ALIGN (0x4)

.ARM.extab      0x00000000080074c0        0x0
                0x00000000080074c0                . = ALIGN (0x4)
 *(.ARM.extab* .gnu.linkonce.armextab.*)
                0x00000000080074c0                . = ALIGN (0x4)

.ARM            0x00000000080074c0        0x8
                0x00000000080074c0                . = ALIGN (0x4)
                0x00000000080074c0                __exidx_start = .
 *(.ARM.exidx*)
 .ARM.exidx     0x00000000080074c0        0x8 c:/st/stm32cubeide_1.6.1/stm32cubeide/plugins/com.st.stm32cube.ide.mcu.externaltools.gnu-tools-for-stm32.9-2020-q2-update.win32_1.5.0.202011040924/tools/bin/../lib/gcc/arm-none-eabi/9.3.1/thumb/v7e-m+fp/hard\libgcc.a(_udivmoddi4.o)
                0x00000000080074c8                __exidx_end = .
                0x00000000080074c8                . = ALIGN (0x4)

.rel.dyn        0x00000000080074c8        0x0
 .rel.iplt      0x00000000080074c8        0x0 c:/st/stm32cubeide_1.6.1/stm32cubeide/plugins/com.st.stm32cube.ide.mcu.externaltools.gnu-tools-for-stm32.9-2020-q2-update.win32_1.5.0.202011040924/tools/bin/../lib/gcc/arm-none-eabi/9.3.1/thumb/v7e-m+fp/hard/crtbegin.o

.preinit_array  0x00000000080074c8        0x0
                0x00000000080074c8                . = ALIGN (0x4)
                0x00000000080074c8                PROVIDE (__preinit_array_start = .)
 *(.preinit_array*)
                0x00000000080074c8                PROVIDE (__preinit_array_end = .)
                0x00000000080074c8                . = ALIGN (0x4)

.init_array     0x00000000080074c8        0x4
                0x00000000080074c8                . = ALIGN (0x4)
                0x00000000080074c8                PROVIDE (__init_array_start = .)
 *(SORT_BY_NAME(.init_array.*))
 *(.init_array*)
 .init_array    0x00000000080074c8        0x4 c:/st/stm32cubeide_1.6.1/stm32cubeide/plugins/com.st.stm32cube.ide.mcu.externaltools.gnu-tools-for-stm32.9-2020-q2-update.win32_1.5.0.202011040924/tools/bin/../lib/gcc/arm-none-eabi/9.3.1/thumb/v7e-m+fp/hard/crtbegin.o
                0x00000000080074cc                PROVIDE (__init_array_end = .)
                0x00000000080074cc                . = ALIGN (0x4)

.fini_array     0x00000000080074cc        0x4
                0x00000000080074cc                . = ALIGN (0x4)
                [!provide]                        PROVIDE (__fini_array_start = .)
 *(SORT_BY_NAME(.fini_array.*))
 *(.fini_array*)
 .fini_array    0x00000000080074cc        0x4 c:/st/stm32cubeide_1.6.1/stm32cubeide/plugins/com.st.stm32cube.ide.mcu.externaltools.gnu-tools-for-stm32.9-2020-q2-update.win32_1.5.0.202011040924/tools/bin/../lib/gcc/arm-none-eabi/9.3.1/thumb/v7e-m+fp/hard/crtbegin.o
                [!provide]                        PROVIDE (__fini_array_end = .)
                0x00000000080074d0                . = ALIGN (0x4)
                0x00000000080074d0                _sidata = LOADADDR (.data)

.data           0x0000000020000000       0xa0 load address 0x00000000080074d0
                0x0000000020000000                . = ALIGN (0x4)
                0x0000000020000000                _sdata = .
 *(.data)
 *(.data*)
 .data.Fs       0x0000000020000000        0x4 Core/Src/main.o
                0x0000000020000000                Fs
 .data.baseF    0x0000000020000004       0x90 Core/Src/main.o
                0x0000000020000004                baseF
 .data.SystemCoreClock
                0x0000000020000094        0x4 Core/Src/system_stm32f7xx.o
                0x0000000020000094                SystemCoreClock
 .data.uwTickPrio
                0x0000000020000098        0x4 Drivers/STM32F7xx_HAL_Driver/Src/stm32f7xx_hal.o
                0x0000000020000098                uwTickPrio
 .data.uwTickFreq
                0x000000002000009c        0x1 Drivers/STM32F7xx_HAL_Driver/Src/stm32f7xx_hal.o
                0x000000002000009c                uwTickFreq
 .data.Stat     0x000000002000009d        0x1 FATFS/Target/sd_diskio.o
 *(.RamFunc)
 *(.RamFunc*)
                0x00000000200000a0                . = ALIGN (0x4)
 *fill*         0x000000002000009e        0x2 
                0x00000000200000a0                _edata = .

.igot.plt       0x00000000200000a0        0x0 load address 0x0000000008007570
 .igot.plt      0x00000000200000a0        0x0 c:/st/stm32cubeide_1.6.1/stm32cubeide/plugins/com.st.stm32cube.ide.mcu.externaltools.gnu-tools-for-stm32.9-2020-q2-update.win32_1.5.0.202011040924/tools/bin/../lib/gcc/arm-none-eabi/9.3.1/thumb/v7e-m+fp/hard/crtbegin.o
                0x00000000200000a0                . = ALIGN (0x4)

.bss            0x00000000200000a0     0x4924 load address 0x0000000008007570
                0x00000000200000a0                _sbss = .
                0x00000000200000a0                __bss_start__ = _sbss
 *(.bss)
 .bss           0x00000000200000a0       0x1c c:/st/stm32cubeide_1.6.1/stm32cubeide/plugins/com.st.stm32cube.ide.mcu.externaltools.gnu-tools-for-stm32.9-2020-q2-update.win32_1.5.0.202011040924/tools/bin/../lib/gcc/arm-none-eabi/9.3.1/thumb/v7e-m+fp/hard/crtbegin.o
 *(.bss*)
 .bss.disk      0x00000000200000bc        0xc Middlewares/Third_Party/FatFs/src/ff_gen_drv.o
                0x00000000200000bc                disk
 *(COMMON)
 COMMON         0x00000000200000c8     0x448a Core/Src/main.o
                0x00000000200000c8                prev_key
                0x00000000200000cc                n
                0x00000000200000d0                bytesRead
                0x00000000200000d4                current_info
                0x00000000200000d8                hsd1
                0x000000002000015c                current_key
                0x000000002000015d                DAC_REG
                0x0000000020000160                BUFFER_POINTER
                0x0000000020000164                AUDIO_BUFFER
                0x0000000020003fe4                huart1
                0x0000000020004068                prev_info
                0x000000002000406c                key_info
                0x0000000020004074                SDFatFs
                0x00000000200042a8                keys_status
                0x00000000200042cc                htim2
                0x0000000020004318                res
                0x000000002000431c                myfile
                0x000000002000454c                key_ID
 *fill*         0x0000000020004552        0x2 
 COMMON         0x0000000020004554        0x4 Drivers/STM32F7xx_HAL_Driver/Src/stm32f7xx_hal.o
                0x0000000020004554                uwTick
 COMMON         0x0000000020004558      0x46c FATFS/App/fatfs.o
                0x0000000020004558                retSD
                0x000000002000455c                SDPath
                0x0000000020004560                SDFile
                0x0000000020004790                SDFatFS
                0x00000000200049c4                . = ALIGN (0x4)
                0x00000000200049c4                _ebss = .
                0x00000000200049c4                __bss_end__ = _ebss

._user_heap_stack
                0x00000000200049c4      0x604 load address 0x0000000008007570
                0x00000000200049c8                . = ALIGN (0x8)
 *fill*         0x00000000200049c4        0x4 
                [!provide]                        PROVIDE (end = .)
                0x00000000200049c8                PROVIDE (_end = .)
                0x0000000020004bc8                . = (. + _Min_Heap_Size)
 *fill*         0x00000000200049c8      0x200 
                0x0000000020004fc8                . = (. + _Min_Stack_Size)
 *fill*         0x0000000020004bc8      0x400 
                0x0000000020004fc8                . = ALIGN (0x8)

/DISCARD/
 libc.a(*)
 libm.a(*)
 libgcc.a(*)

.ARM.attributes
                0x0000000000000000       0x30
 *(.ARM.attributes)
 .ARM.attributes
                0x0000000000000000       0x1e c:/st/stm32cubeide_1.6.1/stm32cubeide/plugins/com.st.stm32cube.ide.mcu.externaltools.gnu-tools-for-stm32.9-2020-q2-update.win32_1.5.0.202011040924/tools/bin/../lib/gcc/arm-none-eabi/9.3.1/thumb/v7e-m+fp/hard/crti.o
 .ARM.attributes
                0x000000000000001e       0x34 c:/st/stm32cubeide_1.6.1/stm32cubeide/plugins/com.st.stm32cube.ide.mcu.externaltools.gnu-tools-for-stm32.9-2020-q2-update.win32_1.5.0.202011040924/tools/bin/../lib/gcc/arm-none-eabi/9.3.1/thumb/v7e-m+fp/hard/crtbegin.o
 .ARM.attributes
                0x0000000000000052       0x34 Core/Src/main.o
 .ARM.attributes
                0x0000000000000086       0x34 Core/Src/stm32f7xx_hal_msp.o
 .ARM.attributes
                0x00000000000000ba       0x34 Core/Src/stm32f7xx_it.o
 .ARM.attributes
                0x00000000000000ee       0x34 Core/Src/system_stm32f7xx.o
 .ARM.attributes
                0x0000000000000122       0x21 Core/Startup/startup_stm32f746nghx.o
 .ARM.attributes
                0x0000000000000143       0x34 Drivers/STM32F7xx_HAL_Driver/Src/stm32f7xx_hal.o
 .ARM.attributes
                0x0000000000000177       0x34 Drivers/STM32F7xx_HAL_Driver/Src/stm32f7xx_hal_cortex.o
 .ARM.attributes
                0x00000000000001ab       0x34 Drivers/STM32F7xx_HAL_Driver/Src/stm32f7xx_hal_gpio.o
 .ARM.attributes
                0x00000000000001df       0x34 Drivers/STM32F7xx_HAL_Driver/Src/stm32f7xx_hal_pwr_ex.o
 .ARM.attributes
                0x0000000000000213       0x34 Drivers/STM32F7xx_HAL_Driver/Src/stm32f7xx_hal_rcc.o
 .ARM.attributes
                0x0000000000000247       0x34 Drivers/STM32F7xx_HAL_Driver/Src/stm32f7xx_hal_rcc_ex.o
 .ARM.attributes
                0x000000000000027b       0x34 Drivers/STM32F7xx_HAL_Driver/Src/stm32f7xx_hal_sd.o
 .ARM.attributes
                0x00000000000002af       0x34 Drivers/STM32F7xx_HAL_Driver/Src/stm32f7xx_hal_tim.o
 .ARM.attributes
                0x00000000000002e3       0x34 Drivers/STM32F7xx_HAL_Driver/Src/stm32f7xx_hal_tim_ex.o
 .ARM.attributes
                0x0000000000000317       0x34 Drivers/STM32F7xx_HAL_Driver/Src/stm32f7xx_hal_uart.o
 .ARM.attributes
                0x000000000000034b       0x34 Drivers/STM32F7xx_HAL_Driver/Src/stm32f7xx_ll_sdmmc.o
 .ARM.attributes
                0x000000000000037f       0x34 FATFS/App/fatfs.o
 .ARM.attributes
                0x00000000000003b3       0x34 FATFS/Target/bsp_driver_sd.o
 .ARM.attributes
                0x00000000000003e7       0x34 FATFS/Target/fatfs_platform.o
 .ARM.attributes
                0x000000000000041b       0x34 FATFS/Target/sd_diskio.o
 .ARM.attributes
                0x000000000000044f       0x34 Middlewares/Third_Party/FatFs/src/ff_gen_drv.o
 .ARM.attributes
                0x0000000000000483       0x34 c:/st/stm32cubeide_1.6.1/stm32cubeide/plugins/com.st.stm32cube.ide.mcu.externaltools.gnu-tools-for-stm32.9-2020-q2-update.win32_1.5.0.202011040924/tools/bin/../lib/gcc/arm-none-eabi/9.3.1/../../../../arm-none-eabi/lib/thumb/v7e-m+fp/hard\libc_nano.a(lib_a-init.o)
 .ARM.attributes
                0x00000000000004b7       0x34 c:/st/stm32cubeide_1.6.1/stm32cubeide/plugins/com.st.stm32cube.ide.mcu.externaltools.gnu-tools-for-stm32.9-2020-q2-update.win32_1.5.0.202011040924/tools/bin/../lib/gcc/arm-none-eabi/9.3.1/../../../../arm-none-eabi/lib/thumb/v7e-m+fp/hard\libc_nano.a(lib_a-memset.o)
 .ARM.attributes
                0x00000000000004eb       0x34 c:/st/stm32cubeide_1.6.1/stm32cubeide/plugins/com.st.stm32cube.ide.mcu.externaltools.gnu-tools-for-stm32.9-2020-q2-update.win32_1.5.0.202011040924/tools/bin/../lib/gcc/arm-none-eabi/9.3.1/../../../../arm-none-eabi/lib/thumb/v7e-m+fp/hard\libm.a(lib_a-s_sin.o)
 .ARM.attributes
                0x000000000000051f       0x34 c:/st/stm32cubeide_1.6.1/stm32cubeide/plugins/com.st.stm32cube.ide.mcu.externaltools.gnu-tools-for-stm32.9-2020-q2-update.win32_1.5.0.202011040924/tools/bin/../lib/gcc/arm-none-eabi/9.3.1/../../../../arm-none-eabi/lib/thumb/v7e-m+fp/hard\libm.a(lib_a-e_rem_pio2.o)
 .ARM.attributes
                0x0000000000000553       0x34 c:/st/stm32cubeide_1.6.1/stm32cubeide/plugins/com.st.stm32cube.ide.mcu.externaltools.gnu-tools-for-stm32.9-2020-q2-update.win32_1.5.0.202011040924/tools/bin/../lib/gcc/arm-none-eabi/9.3.1/../../../../arm-none-eabi/lib/thumb/v7e-m+fp/hard\libm.a(lib_a-k_cos.o)
 .ARM.attributes
                0x0000000000000587       0x34 c:/st/stm32cubeide_1.6.1/stm32cubeide/plugins/com.st.stm32cube.ide.mcu.externaltools.gnu-tools-for-stm32.9-2020-q2-update.win32_1.5.0.202011040924/tools/bin/../lib/gcc/arm-none-eabi/9.3.1/../../../../arm-none-eabi/lib/thumb/v7e-m+fp/hard\libm.a(lib_a-k_rem_pio2.o)
 .ARM.attributes
                0x00000000000005bb       0x34 c:/st/stm32cubeide_1.6.1/stm32cubeide/plugins/com.st.stm32cube.ide.mcu.externaltools.gnu-tools-for-stm32.9-2020-q2-update.win32_1.5.0.202011040924/tools/bin/../lib/gcc/arm-none-eabi/9.3.1/../../../../arm-none-eabi/lib/thumb/v7e-m+fp/hard\libm.a(lib_a-k_sin.o)
 .ARM.attributes
                0x00000000000005ef       0x34 c:/st/stm32cubeide_1.6.1/stm32cubeide/plugins/com.st.stm32cube.ide.mcu.externaltools.gnu-tools-for-stm32.9-2020-q2-update.win32_1.5.0.202011040924/tools/bin/../lib/gcc/arm-none-eabi/9.3.1/../../../../arm-none-eabi/lib/thumb/v7e-m+fp/hard\libm.a(lib_a-s_fabs.o)
 .ARM.attributes
                0x0000000000000623       0x34 c:/st/stm32cubeide_1.6.1/stm32cubeide/plugins/com.st.stm32cube.ide.mcu.externaltools.gnu-tools-for-stm32.9-2020-q2-update.win32_1.5.0.202011040924/tools/bin/../lib/gcc/arm-none-eabi/9.3.1/../../../../arm-none-eabi/lib/thumb/v7e-m+fp/hard\libm.a(lib_a-s_floor.o)
 .ARM.attributes
                0x0000000000000657       0x34 c:/st/stm32cubeide_1.6.1/stm32cubeide/plugins/com.st.stm32cube.ide.mcu.externaltools.gnu-tools-for-stm32.9-2020-q2-update.win32_1.5.0.202011040924/tools/bin/../lib/gcc/arm-none-eabi/9.3.1/../../../../arm-none-eabi/lib/thumb/v7e-m+fp/hard\libm.a(lib_a-s_scalbn.o)
 .ARM.attributes
                0x000000000000068b       0x1e c:/st/stm32cubeide_1.6.1/stm32cubeide/plugins/com.st.stm32cube.ide.mcu.externaltools.gnu-tools-for-stm32.9-2020-q2-update.win32_1.5.0.202011040924/tools/bin/../lib/gcc/arm-none-eabi/9.3.1/thumb/v7e-m+fp/hard\libgcc.a(_arm_addsubdf3.o)
 .ARM.attributes
                0x00000000000006a9       0x1e c:/st/stm32cubeide_1.6.1/stm32cubeide/plugins/com.st.stm32cube.ide.mcu.externaltools.gnu-tools-for-stm32.9-2020-q2-update.win32_1.5.0.202011040924/tools/bin/../lib/gcc/arm-none-eabi/9.3.1/thumb/v7e-m+fp/hard\libgcc.a(_arm_muldivdf3.o)
 .ARM.attributes
                0x00000000000006c7       0x1e c:/st/stm32cubeide_1.6.1/stm32cubeide/plugins/com.st.stm32cube.ide.mcu.externaltools.gnu-tools-for-stm32.9-2020-q2-update.win32_1.5.0.202011040924/tools/bin/../lib/gcc/arm-none-eabi/9.3.1/thumb/v7e-m+fp/hard\libgcc.a(_arm_cmpdf2.o)
 .ARM.attributes
                0x00000000000006e5       0x1e c:/st/stm32cubeide_1.6.1/stm32cubeide/plugins/com.st.stm32cube.ide.mcu.externaltools.gnu-tools-for-stm32.9-2020-q2-update.win32_1.5.0.202011040924/tools/bin/../lib/gcc/arm-none-eabi/9.3.1/thumb/v7e-m+fp/hard\libgcc.a(_arm_fixdfsi.o)
 .ARM.attributes
                0x0000000000000703       0x1e c:/st/stm32cubeide_1.6.1/stm32cubeide/plugins/com.st.stm32cube.ide.mcu.externaltools.gnu-tools-for-stm32.9-2020-q2-update.win32_1.5.0.202011040924/tools/bin/../lib/gcc/arm-none-eabi/9.3.1/thumb/v7e-m+fp/hard\libgcc.a(_arm_fixunsdfsi.o)
 .ARM.attributes
                0x0000000000000721       0x1e c:/st/stm32cubeide_1.6.1/stm32cubeide/plugins/com.st.stm32cube.ide.mcu.externaltools.gnu-tools-for-stm32.9-2020-q2-update.win32_1.5.0.202011040924/tools/bin/../lib/gcc/arm-none-eabi/9.3.1/thumb/v7e-m+fp/hard\libgcc.a(_aeabi_uldivmod.o)
 .ARM.attributes
                0x000000000000073f       0x34 c:/st/stm32cubeide_1.6.1/stm32cubeide/plugins/com.st.stm32cube.ide.mcu.externaltools.gnu-tools-for-stm32.9-2020-q2-update.win32_1.5.0.202011040924/tools/bin/../lib/gcc/arm-none-eabi/9.3.1/thumb/v7e-m+fp/hard\libgcc.a(_udivmoddi4.o)
 .ARM.attributes
                0x0000000000000773       0x1e c:/st/stm32cubeide_1.6.1/stm32cubeide/plugins/com.st.stm32cube.ide.mcu.externaltools.gnu-tools-for-stm32.9-2020-q2-update.win32_1.5.0.202011040924/tools/bin/../lib/gcc/arm-none-eabi/9.3.1/thumb/v7e-m+fp/hard\libgcc.a(_dvmd_tls.o)
 .ARM.attributes
                0x0000000000000791       0x1e c:/st/stm32cubeide_1.6.1/stm32cubeide/plugins/com.st.stm32cube.ide.mcu.externaltools.gnu-tools-for-stm32.9-2020-q2-update.win32_1.5.0.202011040924/tools/bin/../lib/gcc/arm-none-eabi/9.3.1/thumb/v7e-m+fp/hard/crtn.o
OUTPUT(DAC_Custom.elf elf32-littlearm)
LOAD linker stubs
LOAD c:/st/stm32cubeide_1.6.1/stm32cubeide/plugins/com.st.stm32cube.ide.mcu.externaltools.gnu-tools-for-stm32.9-2020-q2-update.win32_1.5.0.202011040924/tools/bin/../lib/gcc/arm-none-eabi/9.3.1/../../../../arm-none-eabi/lib/thumb/v7e-m+fp/hard\libc.a
LOAD c:/st/stm32cubeide_1.6.1/stm32cubeide/plugins/com.st.stm32cube.ide.mcu.externaltools.gnu-tools-for-stm32.9-2020-q2-update.win32_1.5.0.202011040924/tools/bin/../lib/gcc/arm-none-eabi/9.3.1/../../../../arm-none-eabi/lib/thumb/v7e-m+fp/hard\libm.a
LOAD c:/st/stm32cubeide_1.6.1/stm32cubeide/plugins/com.st.stm32cube.ide.mcu.externaltools.gnu-tools-for-stm32.9-2020-q2-update.win32_1.5.0.202011040924/tools/bin/../lib/gcc/arm-none-eabi/9.3.1/thumb/v7e-m+fp/hard\libgcc.a

.debug_info     0x0000000000000000    0x15068
 .debug_info    0x0000000000000000     0x2bd7 Core/Src/main.o
 .debug_info    0x0000000000002bd7     0x15a9 Core/Src/stm32f7xx_hal_msp.o
 .debug_info    0x0000000000004180      0x85e Core/Src/stm32f7xx_it.o
 .debug_info    0x00000000000049de      0x7ad Core/Src/system_stm32f7xx.o
 .debug_info    0x000000000000518b       0x22 Core/Startup/startup_stm32f746nghx.o
 .debug_info    0x00000000000051ad      0xaba Drivers/STM32F7xx_HAL_Driver/Src/stm32f7xx_hal.o
 .debug_info    0x0000000000005c67     0x1116 Drivers/STM32F7xx_HAL_Driver/Src/stm32f7xx_hal_cortex.o
 .debug_info    0x0000000000006d7d      0x868 Drivers/STM32F7xx_HAL_Driver/Src/stm32f7xx_hal_gpio.o
 .debug_info    0x00000000000075e5      0x9f6 Drivers/STM32F7xx_HAL_Driver/Src/stm32f7xx_hal_pwr_ex.o
 .debug_info    0x0000000000007fdb      0x9cc Drivers/STM32F7xx_HAL_Driver/Src/stm32f7xx_hal_rcc.o
 .debug_info    0x00000000000089a7      0x82c Drivers/STM32F7xx_HAL_Driver/Src/stm32f7xx_hal_rcc_ex.o
 .debug_info    0x00000000000091d3     0x1a4b Drivers/STM32F7xx_HAL_Driver/Src/stm32f7xx_hal_sd.o
 .debug_info    0x000000000000ac1e     0x2bad Drivers/STM32F7xx_HAL_Driver/Src/stm32f7xx_hal_tim.o
 .debug_info    0x000000000000d7cb     0x1608 Drivers/STM32F7xx_HAL_Driver/Src/stm32f7xx_hal_tim_ex.o
 .debug_info    0x000000000000edd3     0x194c Drivers/STM32F7xx_HAL_Driver/Src/stm32f7xx_hal_uart.o
 .debug_info    0x000000000001071f     0x1249 Drivers/STM32F7xx_HAL_Driver/Src/stm32f7xx_ll_sdmmc.o
 .debug_info    0x0000000000011968      0xe88 FATFS/App/fatfs.o
 .debug_info    0x00000000000127f0      0xad4 FATFS/Target/bsp_driver_sd.o
 .debug_info    0x00000000000132c4      0x284 FATFS/Target/fatfs_platform.o
 .debug_info    0x0000000000013548      0xde7 FATFS/Target/sd_diskio.o
 .debug_info    0x000000000001432f      0xd39 Middlewares/Third_Party/FatFs/src/ff_gen_drv.o

.debug_abbrev   0x0000000000000000     0x2ac2
 .debug_abbrev  0x0000000000000000      0x3a5 Core/Src/main.o
 .debug_abbrev  0x00000000000003a5      0x1d9 Core/Src/stm32f7xx_hal_msp.o
 .debug_abbrev  0x000000000000057e      0x176 Core/Src/stm32f7xx_it.o
 .debug_abbrev  0x00000000000006f4      0x165 Core/Src/system_stm32f7xx.o
 .debug_abbrev  0x0000000000000859       0x12 Core/Startup/startup_stm32f746nghx.o
 .debug_abbrev  0x000000000000086b      0x1ed Drivers/STM32F7xx_HAL_Driver/Src/stm32f7xx_hal.o
 .debug_abbrev  0x0000000000000a58      0x33c Drivers/STM32F7xx_HAL_Driver/Src/stm32f7xx_hal_cortex.o
 .debug_abbrev  0x0000000000000d94      0x1f1 Drivers/STM32F7xx_HAL_Driver/Src/stm32f7xx_hal_gpio.o
 .debug_abbrev  0x0000000000000f85      0x1dc Drivers/STM32F7xx_HAL_Driver/Src/stm32f7xx_hal_pwr_ex.o
 .debug_abbrev  0x0000000000001161      0x246 Drivers/STM32F7xx_HAL_Driver/Src/stm32f7xx_hal_rcc.o
 .debug_abbrev  0x00000000000013a7      0x1d1 Drivers/STM32F7xx_HAL_Driver/Src/stm32f7xx_hal_rcc_ex.o
 .debug_abbrev  0x0000000000001578      0x26d Drivers/STM32F7xx_HAL_Driver/Src/stm32f7xx_hal_sd.o
 .debug_abbrev  0x00000000000017e5      0x25e Drivers/STM32F7xx_HAL_Driver/Src/stm32f7xx_hal_tim.o
 .debug_abbrev  0x0000000000001a43      0x266 Drivers/STM32F7xx_HAL_Driver/Src/stm32f7xx_hal_tim_ex.o
 .debug_abbrev  0x0000000000001ca9      0x23f Drivers/STM32F7xx_HAL_Driver/Src/stm32f7xx_hal_uart.o
 .debug_abbrev  0x0000000000001ee8      0x1ec Drivers/STM32F7xx_HAL_Driver/Src/stm32f7xx_ll_sdmmc.o
 .debug_abbrev  0x00000000000020d4      0x209 FATFS/App/fatfs.o
 .debug_abbrev  0x00000000000022dd      0x24a FATFS/Target/bsp_driver_sd.o
 .debug_abbrev  0x0000000000002527      0x10b FATFS/Target/fatfs_platform.o
 .debug_abbrev  0x0000000000002632      0x228 FATFS/Target/sd_diskio.o
 .debug_abbrev  0x000000000000285a      0x268 Middlewares/Third_Party/FatFs/src/ff_gen_drv.o

.debug_aranges  0x0000000000000000     0x1120
 .debug_aranges
                0x0000000000000000       0x78 Core/Src/main.o
 .debug_aranges
                0x0000000000000078       0x50 Core/Src/stm32f7xx_hal_msp.o
 .debug_aranges
                0x00000000000000c8       0x70 Core/Src/stm32f7xx_it.o
 .debug_aranges
                0x0000000000000138       0x28 Core/Src/system_stm32f7xx.o
 .debug_aranges
                0x0000000000000160       0x28 Core/Startup/startup_stm32f746nghx.o
 .debug_aranges
                0x0000000000000188      0x100 Drivers/STM32F7xx_HAL_Driver/Src/stm32f7xx_hal.o
 .debug_aranges
                0x0000000000000288      0x118 Drivers/STM32F7xx_HAL_Driver/Src/stm32f7xx_hal_cortex.o
 .debug_aranges
                0x00000000000003a0       0x58 Drivers/STM32F7xx_HAL_Driver/Src/stm32f7xx_hal_gpio.o
 .debug_aranges
                0x00000000000003f8       0x80 Drivers/STM32F7xx_HAL_Driver/Src/stm32f7xx_hal_pwr_ex.o
 .debug_aranges
                0x0000000000000478       0x88 Drivers/STM32F7xx_HAL_Driver/Src/stm32f7xx_hal_rcc.o
 .debug_aranges
                0x0000000000000500       0x50 Drivers/STM32F7xx_HAL_Driver/Src/stm32f7xx_hal_rcc_ex.o
 .debug_aranges
                0x0000000000000550      0x168 Drivers/STM32F7xx_HAL_Driver/Src/stm32f7xx_hal_sd.o
 .debug_aranges
                0x00000000000006b8      0x3e0 Drivers/STM32F7xx_HAL_Driver/Src/stm32f7xx_hal_tim.o
 .debug_aranges
                0x0000000000000a98      0x178 Drivers/STM32F7xx_HAL_Driver/Src/stm32f7xx_hal_tim_ex.o
 .debug_aranges
                0x0000000000000c10      0x228 Drivers/STM32F7xx_HAL_Driver/Src/stm32f7xx_hal_uart.o
 .debug_aranges
                0x0000000000000e38      0x180 Drivers/STM32F7xx_HAL_Driver/Src/stm32f7xx_ll_sdmmc.o
 .debug_aranges
                0x0000000000000fb8       0x28 FATFS/App/fatfs.o
 .debug_aranges
                0x0000000000000fe0       0x98 FATFS/Target/bsp_driver_sd.o
 .debug_aranges
                0x0000000000001078       0x20 FATFS/Target/fatfs_platform.o
 .debug_aranges
                0x0000000000001098       0x48 FATFS/Target/sd_diskio.o
 .debug_aranges
                0x00000000000010e0       0x40 Middlewares/Third_Party/FatFs/src/ff_gen_drv.o

.debug_ranges   0x0000000000000000     0x1008
 .debug_ranges  0x0000000000000000       0x68 Core/Src/main.o
 .debug_ranges  0x0000000000000068       0x40 Core/Src/stm32f7xx_hal_msp.o
 .debug_ranges  0x00000000000000a8       0x60 Core/Src/stm32f7xx_it.o
 .debug_ranges  0x0000000000000108       0x18 Core/Src/system_stm32f7xx.o
 .debug_ranges  0x0000000000000120       0x20 Core/Startup/startup_stm32f746nghx.o
 .debug_ranges  0x0000000000000140       0xf0 Drivers/STM32F7xx_HAL_Driver/Src/stm32f7xx_hal.o
 .debug_ranges  0x0000000000000230      0x108 Drivers/STM32F7xx_HAL_Driver/Src/stm32f7xx_hal_cortex.o
 .debug_ranges  0x0000000000000338       0x48 Drivers/STM32F7xx_HAL_Driver/Src/stm32f7xx_hal_gpio.o
 .debug_ranges  0x0000000000000380       0x70 Drivers/STM32F7xx_HAL_Driver/Src/stm32f7xx_hal_pwr_ex.o
 .debug_ranges  0x00000000000003f0       0x78 Drivers/STM32F7xx_HAL_Driver/Src/stm32f7xx_hal_rcc.o
 .debug_ranges  0x0000000000000468       0x40 Drivers/STM32F7xx_HAL_Driver/Src/stm32f7xx_hal_rcc_ex.o
 .debug_ranges  0x00000000000004a8      0x158 Drivers/STM32F7xx_HAL_Driver/Src/stm32f7xx_hal_sd.o
 .debug_ranges  0x0000000000000600      0x3d0 Drivers/STM32F7xx_HAL_Driver/Src/stm32f7xx_hal_tim.o
 .debug_ranges  0x00000000000009d0      0x168 Drivers/STM32F7xx_HAL_Driver/Src/stm32f7xx_hal_tim_ex.o
 .debug_ranges  0x0000000000000b38      0x248 Drivers/STM32F7xx_HAL_Driver/Src/stm32f7xx_hal_uart.o
 .debug_ranges  0x0000000000000d80      0x170 Drivers/STM32F7xx_HAL_Driver/Src/stm32f7xx_ll_sdmmc.o
 .debug_ranges  0x0000000000000ef0       0x18 FATFS/App/fatfs.o
 .debug_ranges  0x0000000000000f08       0x88 FATFS/Target/bsp_driver_sd.o
 .debug_ranges  0x0000000000000f90       0x10 FATFS/Target/fatfs_platform.o
 .debug_ranges  0x0000000000000fa0       0x38 FATFS/Target/sd_diskio.o
 .debug_ranges  0x0000000000000fd8       0x30 Middlewares/Third_Party/FatFs/src/ff_gen_drv.o

.debug_macro    0x0000000000000000    0x27967
 .debug_macro   0x0000000000000000      0x362 Core/Src/main.o
 .debug_macro   0x0000000000000362      0xaa8 Core/Src/main.o
 .debug_macro   0x0000000000000e0a      0x299 Core/Src/main.o
 .debug_macro   0x00000000000010a3       0x2e Core/Src/main.o
 .debug_macro   0x00000000000010d1       0x3b Core/Src/main.o
 .debug_macro   0x000000000000110c       0x22 Core/Src/main.o
 .debug_macro   0x000000000000112e       0x8e Core/Src/main.o
 .debug_macro   0x00000000000011bc       0x51 Core/Src/main.o
 .debug_macro   0x000000000000120d      0x103 Core/Src/main.o
 .debug_macro   0x0000000000001310       0x6a Core/Src/main.o
 .debug_macro   0x000000000000137a      0x1df Core/Src/main.o
 .debug_macro   0x0000000000001559       0x1c Core/Src/main.o
 .debug_macro   0x0000000000001575       0x22 Core/Src/main.o
 .debug_macro   0x0000000000001597       0xdf Core/Src/main.o
 .debug_macro   0x0000000000001676     0x12cd Core/Src/main.o
 .debug_macro   0x0000000000002943      0x11f Core/Src/main.o
 .debug_macro   0x0000000000002a62       0x19 Core/Src/main.o
 .debug_macro   0x0000000000002a7b    0x191cb Core/Src/main.o
 .debug_macro   0x000000000001bc46       0x43 Core/Src/main.o
 .debug_macro   0x000000000001bc89     0x36c9 Core/Src/main.o
 .debug_macro   0x000000000001f352      0x174 Core/Src/main.o
 .debug_macro   0x000000000001f4c6       0x63 Core/Src/main.o
 .debug_macro   0x000000000001f529     0x18ad Core/Src/main.o
 .debug_macro   0x0000000000020dd6      0x6c4 Core/Src/main.o
 .debug_macro   0x000000000002149a      0x185 Core/Src/main.o
 .debug_macro   0x000000000002161f      0x117 Core/Src/main.o
 .debug_macro   0x0000000000021736      0x1fe Core/Src/main.o
 .debug_macro   0x0000000000021934       0x27 Core/Src/main.o
 .debug_macro   0x000000000002195b      0x24f Core/Src/main.o
 .debug_macro   0x0000000000021baa       0x41 Core/Src/main.o
 .debug_macro   0x0000000000021beb       0x58 Core/Src/main.o
 .debug_macro   0x0000000000021c43      0x236 Core/Src/main.o
 .debug_macro   0x0000000000021e79      0x14f Core/Src/main.o
 .debug_macro   0x0000000000021fc8      0x25b Core/Src/main.o
 .debug_macro   0x0000000000022223       0x12 Core/Src/main.o
 .debug_macro   0x0000000000022235      0x22c Core/Src/main.o
 .debug_macro   0x0000000000022461       0x61 Core/Src/main.o
 .debug_macro   0x00000000000224c2       0xa5 Core/Src/main.o
 .debug_macro   0x0000000000022567      0x12f Core/Src/main.o
 .debug_macro   0x0000000000022696      0x108 Core/Src/main.o
 .debug_macro   0x000000000002279e       0x35 Core/Src/main.o
 .debug_macro   0x00000000000227d3      0x773 Core/Src/main.o
 .debug_macro   0x0000000000022f46      0x1d5 Core/Src/main.o
 .debug_macro   0x000000000002311b      0xa60 Core/Src/main.o
 .debug_macro   0x0000000000023b7b       0x59 Core/Src/main.o
 .debug_macro   0x0000000000023bd4      0x558 Core/Src/main.o
 .debug_macro   0x000000000002412c       0x44 Core/Src/main.o
 .debug_macro   0x0000000000024170      0x14e Core/Src/main.o
 .debug_macro   0x00000000000242be       0x1c Core/Src/main.o
 .debug_macro   0x00000000000242da       0x3a Core/Src/main.o
 .debug_macro   0x0000000000024314       0xe5 Core/Src/main.o
 .debug_macro   0x00000000000243f9       0x18 Core/Src/main.o
 .debug_macro   0x0000000000024411       0x52 Core/Src/main.o
 .debug_macro   0x0000000000024463       0x3c Core/Src/main.o
 .debug_macro   0x000000000002449f       0x34 Core/Src/main.o
 .debug_macro   0x00000000000244d3       0x16 Core/Src/main.o
 .debug_macro   0x00000000000244e9       0x35 Core/Src/main.o
 .debug_macro   0x000000000002451e       0x16 Core/Src/main.o
 .debug_macro   0x0000000000024534       0x43 Core/Src/main.o
 .debug_macro   0x0000000000024577       0x34 Core/Src/main.o
 .debug_macro   0x00000000000245ab       0x10 Core/Src/main.o
 .debug_macro   0x00000000000245bb       0x58 Core/Src/main.o
 .debug_macro   0x0000000000024613       0x71 Core/Src/main.o
 .debug_macro   0x0000000000024684       0x1c Core/Src/main.o
 .debug_macro   0x00000000000246a0      0x12a Core/Src/main.o
 .debug_macro   0x00000000000247ca      0x333 Core/Src/main.o
 .debug_macro   0x0000000000024afd       0x16 Core/Src/main.o
 .debug_macro   0x0000000000024b13       0x29 Core/Src/main.o
 .debug_macro   0x0000000000024b3c       0x12 Core/Src/main.o
 .debug_macro   0x0000000000024b4e       0xe2 Core/Src/main.o
 .debug_macro   0x0000000000024c30       0x8e Core/Src/main.o
 .debug_macro   0x0000000000024cbe      0x1a9 Core/Src/main.o
 .debug_macro   0x0000000000024e67      0x206 Core/Src/stm32f7xx_hal_msp.o
 .debug_macro   0x000000000002506d      0x210 Core/Src/stm32f7xx_it.o
 .debug_macro   0x000000000002527d      0x1fc Core/Src/system_stm32f7xx.o
 .debug_macro   0x0000000000025479      0x220 Drivers/STM32F7xx_HAL_Driver/Src/stm32f7xx_hal.o
 .debug_macro   0x0000000000025699      0x1fc Drivers/STM32F7xx_HAL_Driver/Src/stm32f7xx_hal_cortex.o
 .debug_macro   0x0000000000025895      0x232 Drivers/STM32F7xx_HAL_Driver/Src/stm32f7xx_hal_gpio.o
 .debug_macro   0x0000000000025ac7      0x214 Drivers/STM32F7xx_HAL_Driver/Src/stm32f7xx_hal_pwr_ex.o
 .debug_macro   0x0000000000025cdb      0x220 Drivers/STM32F7xx_HAL_Driver/Src/stm32f7xx_hal_rcc.o
 .debug_macro   0x0000000000025efb      0x1fc Drivers/STM32F7xx_HAL_Driver/Src/stm32f7xx_hal_rcc_ex.o
 .debug_macro   0x00000000000260f7      0x1fd Drivers/STM32F7xx_HAL_Driver/Src/stm32f7xx_hal_sd.o
 .debug_macro   0x00000000000262f4      0x1fd Drivers/STM32F7xx_HAL_Driver/Src/stm32f7xx_hal_tim.o
 .debug_macro   0x00000000000264f1      0x1fc Drivers/STM32F7xx_HAL_Driver/Src/stm32f7xx_hal_tim_ex.o
 .debug_macro   0x00000000000266ed      0x219 Drivers/STM32F7xx_HAL_Driver/Src/stm32f7xx_hal_uart.o
 .debug_macro   0x0000000000026906      0x1fd Drivers/STM32F7xx_HAL_Driver/Src/stm32f7xx_ll_sdmmc.o
 .debug_macro   0x0000000000026b03      0x343 FATFS/App/fatfs.o
 .debug_macro   0x0000000000026e46      0x214 FATFS/Target/bsp_driver_sd.o
 .debug_macro   0x000000000002705a      0x205 FATFS/Target/fatfs_platform.o
 .debug_macro   0x000000000002725f      0x346 FATFS/Target/sd_diskio.o
 .debug_macro   0x00000000000275a5       0x16 FATFS/Target/sd_diskio.o
 .debug_macro   0x00000000000275bb       0x7c FATFS/Target/sd_diskio.o
 .debug_macro   0x0000000000027637      0x330 Middlewares/Third_Party/FatFs/src/ff_gen_drv.o

.debug_line     0x0000000000000000    0x13d0d
 .debug_line    0x0000000000000000      0xdac Core/Src/main.o
 .debug_line    0x0000000000000dac      0x809 Core/Src/stm32f7xx_hal_msp.o
 .debug_line    0x00000000000015b5      0x80d Core/Src/stm32f7xx_it.o
 .debug_line    0x0000000000001dc2      0x79f Core/Src/system_stm32f7xx.o
 .debug_line    0x0000000000002561       0x88 Core/Startup/startup_stm32f746nghx.o
 .debug_line    0x00000000000025e9      0xa32 Drivers/STM32F7xx_HAL_Driver/Src/stm32f7xx_hal.o
 .debug_line    0x000000000000301b      0xcb6 Drivers/STM32F7xx_HAL_Driver/Src/stm32f7xx_hal_cortex.o
 .debug_line    0x0000000000003cd1      0xbb2 Drivers/STM32F7xx_HAL_Driver/Src/stm32f7xx_hal_gpio.o
 .debug_line    0x0000000000004883      0x9a5 Drivers/STM32F7xx_HAL_Driver/Src/stm32f7xx_hal_pwr_ex.o
 .debug_line    0x0000000000005228      0xe71 Drivers/STM32F7xx_HAL_Driver/Src/stm32f7xx_hal_rcc.o
 .debug_line    0x0000000000006099      0xe2c Drivers/STM32F7xx_HAL_Driver/Src/stm32f7xx_hal_rcc_ex.o
 .debug_line    0x0000000000006ec5     0x1e26 Drivers/STM32F7xx_HAL_Driver/Src/stm32f7xx_hal_sd.o
 .debug_line    0x0000000000008ceb     0x3b70 Drivers/STM32F7xx_HAL_Driver/Src/stm32f7xx_hal_tim.o
 .debug_line    0x000000000000c85b     0x1afe Drivers/STM32F7xx_HAL_Driver/Src/stm32f7xx_hal_tim_ex.o
 .debug_line    0x000000000000e359     0x1d16 Drivers/STM32F7xx_HAL_Driver/Src/stm32f7xx_hal_uart.o
 .debug_line    0x000000000001006f      0xf72 Drivers/STM32F7xx_HAL_Driver/Src/stm32f7xx_ll_sdmmc.o
 .debug_line    0x0000000000010fe1      0x932 FATFS/App/fatfs.o
 .debug_line    0x0000000000011913      0x8ee FATFS/Target/bsp_driver_sd.o
 .debug_line    0x0000000000012201      0x735 FATFS/Target/fatfs_platform.o
 .debug_line    0x0000000000012936      0xa16 FATFS/Target/sd_diskio.o
 .debug_line    0x000000000001334c      0x9c1 Middlewares/Third_Party/FatFs/src/ff_gen_drv.o

.debug_str      0x0000000000000000    0xf4a00
 .debug_str     0x0000000000000000    0xf0969 Core/Src/main.o
                                      0xf12bb (size before relaxing)
 .debug_str     0x00000000000f0969      0x63a Core/Src/stm32f7xx_hal_msp.o
                                      0xecc74 (size before relaxing)
 .debug_str     0x00000000000f0fa3       0xdc Core/Src/stm32f7xx_it.o
                                      0xec166 (size before relaxing)
 .debug_str     0x00000000000f107f       0x5b Core/Src/system_stm32f7xx.o
                                      0xebda8 (size before relaxing)
 .debug_str     0x00000000000f10da       0x36 Core/Startup/startup_stm32f746nghx.o
                                         0x5a (size before relaxing)
 .debug_str     0x00000000000f1110      0x3af Drivers/STM32F7xx_HAL_Driver/Src/stm32f7xx_hal.o
                                      0xec697 (size before relaxing)
 .debug_str     0x00000000000f14bf      0x383 Drivers/STM32F7xx_HAL_Driver/Src/stm32f7xx_hal_cortex.o
                                      0xec716 (size before relaxing)
 .debug_str     0x00000000000f1842      0x244 Drivers/STM32F7xx_HAL_Driver/Src/stm32f7xx_hal_gpio.o
                                      0xebf93 (size before relaxing)
 .debug_str     0x00000000000f1a86      0x1d1 Drivers/STM32F7xx_HAL_Driver/Src/stm32f7xx_hal_pwr_ex.o
                                      0xec037 (size before relaxing)
 .debug_str     0x00000000000f1c57      0x255 Drivers/STM32F7xx_HAL_Driver/Src/stm32f7xx_hal_rcc.o
                                      0xec0d8 (size before relaxing)
 .debug_str     0x00000000000f1eac      0x161 Drivers/STM32F7xx_HAL_Driver/Src/stm32f7xx_hal_rcc_ex.o
                                      0xec062 (size before relaxing)
 .debug_str     0x00000000000f200d      0x6ed Drivers/STM32F7xx_HAL_Driver/Src/stm32f7xx_hal_sd.o
                                      0xec7b7 (size before relaxing)
 .debug_str     0x00000000000f26fa      0xde1 Drivers/STM32F7xx_HAL_Driver/Src/stm32f7xx_hal_tim.o
                                      0xed050 (size before relaxing)
 .debug_str     0x00000000000f34db      0x550 Drivers/STM32F7xx_HAL_Driver/Src/stm32f7xx_hal_tim_ex.o
                                      0xec854 (size before relaxing)
 .debug_str     0x00000000000f3a2b      0x855 Drivers/STM32F7xx_HAL_Driver/Src/stm32f7xx_hal_uart.o
                                      0xec9a8 (size before relaxing)
 .debug_str     0x00000000000f4280      0x45a Drivers/STM32F7xx_HAL_Driver/Src/stm32f7xx_ll_sdmmc.o
                                      0xec162 (size before relaxing)
 .debug_str     0x00000000000f46da       0x2f FATFS/App/fatfs.o
                                      0xef6f8 (size before relaxing)
 .debug_str     0x00000000000f4709      0x154 FATFS/Target/bsp_driver_sd.o
                                      0xec2f6 (size before relaxing)
 .debug_str     0x00000000000f485d       0x38 FATFS/Target/fatfs_platform.o
                                      0xebc25 (size before relaxing)
 .debug_str     0x00000000000f4895       0xa0 FATFS/Target/sd_diskio.o
                                      0xef6d8 (size before relaxing)
 .debug_str     0x00000000000f4935       0xcb Middlewares/Third_Party/FatFs/src/ff_gen_drv.o
                                      0xef668 (size before relaxing)

.comment        0x0000000000000000       0x53
 .comment       0x0000000000000000       0x53 Core/Src/main.o
                                         0x54 (size before relaxing)
 .comment       0x0000000000000053       0x54 Core/Src/stm32f7xx_hal_msp.o
 .comment       0x0000000000000053       0x54 Core/Src/stm32f7xx_it.o
 .comment       0x0000000000000053       0x54 Core/Src/system_stm32f7xx.o
 .comment       0x0000000000000053       0x54 Drivers/STM32F7xx_HAL_Driver/Src/stm32f7xx_hal.o
 .comment       0x0000000000000053       0x54 Drivers/STM32F7xx_HAL_Driver/Src/stm32f7xx_hal_cortex.o
 .comment       0x0000000000000053       0x54 Drivers/STM32F7xx_HAL_Driver/Src/stm32f7xx_hal_gpio.o
 .comment       0x0000000000000053       0x54 Drivers/STM32F7xx_HAL_Driver/Src/stm32f7xx_hal_pwr_ex.o
 .comment       0x0000000000000053       0x54 Drivers/STM32F7xx_HAL_Driver/Src/stm32f7xx_hal_rcc.o
 .comment       0x0000000000000053       0x54 Drivers/STM32F7xx_HAL_Driver/Src/stm32f7xx_hal_rcc_ex.o
 .comment       0x0000000000000053       0x54 Drivers/STM32F7xx_HAL_Driver/Src/stm32f7xx_hal_sd.o
 .comment       0x0000000000000053       0x54 Drivers/STM32F7xx_HAL_Driver/Src/stm32f7xx_hal_tim.o
 .comment       0x0000000000000053       0x54 Drivers/STM32F7xx_HAL_Driver/Src/stm32f7xx_hal_tim_ex.o
 .comment       0x0000000000000053       0x54 Drivers/STM32F7xx_HAL_Driver/Src/stm32f7xx_hal_uart.o
 .comment       0x0000000000000053       0x54 Drivers/STM32F7xx_HAL_Driver/Src/stm32f7xx_ll_sdmmc.o
 .comment       0x0000000000000053       0x54 FATFS/App/fatfs.o
 .comment       0x0000000000000053       0x54 FATFS/Target/bsp_driver_sd.o
 .comment       0x0000000000000053       0x54 FATFS/Target/fatfs_platform.o
 .comment       0x0000000000000053       0x54 FATFS/Target/sd_diskio.o
 .comment       0x0000000000000053       0x54 Middlewares/Third_Party/FatFs/src/ff_gen_drv.o

.debug_frame    0x0000000000000000     0x4b1c
 .debug_frame   0x0000000000000000      0x19c Core/Src/main.o
 .debug_frame   0x000000000000019c      0x10c Core/Src/stm32f7xx_hal_msp.o
 .debug_frame   0x00000000000002a8      0x140 Core/Src/stm32f7xx_it.o
 .debug_frame   0x00000000000003e8       0x58 Core/Src/system_stm32f7xx.o
 .debug_frame   0x0000000000000440      0x3b4 Drivers/STM32F7xx_HAL_Driver/Src/stm32f7xx_hal.o
 .debug_frame   0x00000000000007f4      0x498 Drivers/STM32F7xx_HAL_Driver/Src/stm32f7xx_hal_cortex.o
 .debug_frame   0x0000000000000c8c      0x14c Drivers/STM32F7xx_HAL_Driver/Src/stm32f7xx_hal_gpio.o
 .debug_frame   0x0000000000000dd8      0x1c8 Drivers/STM32F7xx_HAL_Driver/Src/stm32f7xx_hal_pwr_ex.o
 .debug_frame   0x0000000000000fa0      0x1f0 Drivers/STM32F7xx_HAL_Driver/Src/stm32f7xx_hal_rcc.o
 .debug_frame   0x0000000000001190      0x118 Drivers/STM32F7xx_HAL_Driver/Src/stm32f7xx_hal_rcc_ex.o
 .debug_frame   0x00000000000012a8      0x650 Drivers/STM32F7xx_HAL_Driver/Src/stm32f7xx_hal_sd.o
 .debug_frame   0x00000000000018f8     0x1218 Drivers/STM32F7xx_HAL_Driver/Src/stm32f7xx_hal_tim.o
 .debug_frame   0x0000000000002b10      0x688 Drivers/STM32F7xx_HAL_Driver/Src/stm32f7xx_hal_tim_ex.o
 .debug_frame   0x0000000000003198      0x9dc Drivers/STM32F7xx_HAL_Driver/Src/stm32f7xx_hal_uart.o
 .debug_frame   0x0000000000003b74      0x6a8 Drivers/STM32F7xx_HAL_Driver/Src/stm32f7xx_ll_sdmmc.o
 .debug_frame   0x000000000000421c       0x4c FATFS/App/fatfs.o
 .debug_frame   0x0000000000004268      0x238 FATFS/Target/bsp_driver_sd.o
 .debug_frame   0x00000000000044a0       0x34 FATFS/Target/fatfs_platform.o
 .debug_frame   0x00000000000044d4       0xe8 FATFS/Target/sd_diskio.o
 .debug_frame   0x00000000000045bc       0xc8 Middlewares/Third_Party/FatFs/src/ff_gen_drv.o
 .debug_frame   0x0000000000004684       0x2c c:/st/stm32cubeide_1.6.1/stm32cubeide/plugins/com.st.stm32cube.ide.mcu.externaltools.gnu-tools-for-stm32.9-2020-q2-update.win32_1.5.0.202011040924/tools/bin/../lib/gcc/arm-none-eabi/9.3.1/../../../../arm-none-eabi/lib/thumb/v7e-m+fp/hard\libc_nano.a(lib_a-init.o)
 .debug_frame   0x00000000000046b0       0x20 c:/st/stm32cubeide_1.6.1/stm32cubeide/plugins/com.st.stm32cube.ide.mcu.externaltools.gnu-tools-for-stm32.9-2020-q2-update.win32_1.5.0.202011040924/tools/bin/../lib/gcc/arm-none-eabi/9.3.1/../../../../arm-none-eabi/lib/thumb/v7e-m+fp/hard\libc_nano.a(lib_a-memset.o)
 .debug_frame   0x00000000000046d0       0x2c c:/st/stm32cubeide_1.6.1/stm32cubeide/plugins/com.st.stm32cube.ide.mcu.externaltools.gnu-tools-for-stm32.9-2020-q2-update.win32_1.5.0.202011040924/tools/bin/../lib/gcc/arm-none-eabi/9.3.1/../../../../arm-none-eabi/lib/thumb/v7e-m+fp/hard\libm.a(lib_a-s_sin.o)
 .debug_frame   0x00000000000046fc       0x50 c:/st/stm32cubeide_1.6.1/stm32cubeide/plugins/com.st.stm32cube.ide.mcu.externaltools.gnu-tools-for-stm32.9-2020-q2-update.win32_1.5.0.202011040924/tools/bin/../lib/gcc/arm-none-eabi/9.3.1/../../../../arm-none-eabi/lib/thumb/v7e-m+fp/hard\libm.a(lib_a-e_rem_pio2.o)
 .debug_frame   0x000000000000474c       0x3c c:/st/stm32cubeide_1.6.1/stm32cubeide/plugins/com.st.stm32cube.ide.mcu.externaltools.gnu-tools-for-stm32.9-2020-q2-update.win32_1.5.0.202011040924/tools/bin/../lib/gcc/arm-none-eabi/9.3.1/../../../../arm-none-eabi/lib/thumb/v7e-m+fp/hard\libm.a(lib_a-k_cos.o)
 .debug_frame   0x0000000000004788       0x54 c:/st/stm32cubeide_1.6.1/stm32cubeide/plugins/com.st.stm32cube.ide.mcu.externaltools.gnu-tools-for-stm32.9-2020-q2-update.win32_1.5.0.202011040924/tools/bin/../lib/gcc/arm-none-eabi/9.3.1/../../../../arm-none-eabi/lib/thumb/v7e-m+fp/hard\libm.a(lib_a-k_rem_pio2.o)
 .debug_frame   0x00000000000047dc       0x5c c:/st/stm32cubeide_1.6.1/stm32cubeide/plugins/com.st.stm32cube.ide.mcu.externaltools.gnu-tools-for-stm32.9-2020-q2-update.win32_1.5.0.202011040924/tools/bin/../lib/gcc/arm-none-eabi/9.3.1/../../../../arm-none-eabi/lib/thumb/v7e-m+fp/hard\libm.a(lib_a-k_sin.o)
 .debug_frame   0x0000000000004838       0x20 c:/st/stm32cubeide_1.6.1/stm32cubeide/plugins/com.st.stm32cube.ide.mcu.externaltools.gnu-tools-for-stm32.9-2020-q2-update.win32_1.5.0.202011040924/tools/bin/../lib/gcc/arm-none-eabi/9.3.1/../../../../arm-none-eabi/lib/thumb/v7e-m+fp/hard\libm.a(lib_a-s_fabs.o)
 .debug_frame   0x0000000000004858       0x30 c:/st/stm32cubeide_1.6.1/stm32cubeide/plugins/com.st.stm32cube.ide.mcu.externaltools.gnu-tools-for-stm32.9-2020-q2-update.win32_1.5.0.202011040924/tools/bin/../lib/gcc/arm-none-eabi/9.3.1/../../../../arm-none-eabi/lib/thumb/v7e-m+fp/hard\libm.a(lib_a-s_floor.o)
 .debug_frame   0x0000000000004888       0x2c c:/st/stm32cubeide_1.6.1/stm32cubeide/plugins/com.st.stm32cube.ide.mcu.externaltools.gnu-tools-for-stm32.9-2020-q2-update.win32_1.5.0.202011040924/tools/bin/../lib/gcc/arm-none-eabi/9.3.1/../../../../arm-none-eabi/lib/thumb/v7e-m+fp/hard\libm.a(lib_a-s_scalbn.o)
 .debug_frame   0x00000000000048b4       0xac c:/st/stm32cubeide_1.6.1/stm32cubeide/plugins/com.st.stm32cube.ide.mcu.externaltools.gnu-tools-for-stm32.9-2020-q2-update.win32_1.5.0.202011040924/tools/bin/../lib/gcc/arm-none-eabi/9.3.1/thumb/v7e-m+fp/hard\libgcc.a(_arm_addsubdf3.o)
 .debug_frame   0x0000000000004960       0x50 c:/st/stm32cubeide_1.6.1/stm32cubeide/plugins/com.st.stm32cube.ide.mcu.externaltools.gnu-tools-for-stm32.9-2020-q2-update.win32_1.5.0.202011040924/tools/bin/../lib/gcc/arm-none-eabi/9.3.1/thumb/v7e-m+fp/hard\libgcc.a(_arm_muldivdf3.o)
 .debug_frame   0x00000000000049b0       0xc4 c:/st/stm32cubeide_1.6.1/stm32cubeide/plugins/com.st.stm32cube.ide.mcu.externaltools.gnu-tools-for-stm32.9-2020-q2-update.win32_1.5.0.202011040924/tools/bin/../lib/gcc/arm-none-eabi/9.3.1/thumb/v7e-m+fp/hard\libgcc.a(_arm_cmpdf2.o)
 .debug_frame   0x0000000000004a74       0x24 c:/st/stm32cubeide_1.6.1/stm32cubeide/plugins/com.st.stm32cube.ide.mcu.externaltools.gnu-tools-for-stm32.9-2020-q2-update.win32_1.5.0.202011040924/tools/bin/../lib/gcc/arm-none-eabi/9.3.1/thumb/v7e-m+fp/hard\libgcc.a(_arm_fixdfsi.o)
 .debug_frame   0x0000000000004a98       0x24 c:/st/stm32cubeide_1.6.1/stm32cubeide/plugins/com.st.stm32cube.ide.mcu.externaltools.gnu-tools-for-stm32.9-2020-q2-update.win32_1.5.0.202011040924/tools/bin/../lib/gcc/arm-none-eabi/9.3.1/thumb/v7e-m+fp/hard\libgcc.a(_arm_fixunsdfsi.o)