Archive member included to satisfy reference by file (symbol)

c:/st/stm32cubeide_1.6.1/stm32cubeide/plugins/com.st.stm32cube.ide.mcu.externaltools.gnu-tools-for-stm32.9-2020-q2-update.win32_1.5.0.202011040924/tools/bin/../lib/gcc/arm-none-eabi/9.3.1/../../../../arm-none-eabi/lib/thumb/v7e-m+fp/hard\libc_nano.a(lib_a-errno.o)
                              Core/Src/syscalls.o (__errno)
c:/st/stm32cubeide_1.6.1/stm32cubeide/plugins/com.st.stm32cube.ide.mcu.externaltools.gnu-tools-for-stm32.9-2020-q2-update.win32_1.5.0.202011040924/tools/bin/../lib/gcc/arm-none-eabi/9.3.1/../../../../arm-none-eabi/lib/thumb/v7e-m+fp/hard\libc_nano.a(lib_a-exit.o)
                              c:/st/stm32cubeide_1.6.1/stm32cubeide/plugins/com.st.stm32cube.ide.mcu.externaltools.gnu-tools-for-stm32.9-2020-q2-update.win32_1.5.0.202011040924/tools/bin/../lib/gcc/arm-none-eabi/9.3.1/../../../../arm-none-eabi/lib/thumb/v7e-m+fp/hard/crt0.o (exit)
c:/st/stm32cubeide_1.6.1/stm32cubeide/plugins/com.st.stm32cube.ide.mcu.externaltools.gnu-tools-for-stm32.9-2020-q2-update.win32_1.5.0.202011040924/tools/bin/../lib/gcc/arm-none-eabi/9.3.1/../../../../arm-none-eabi/lib/thumb/v7e-m+fp/hard\libc_nano.a(lib_a-impure.o)
                              c:/st/stm32cubeide_1.6.1/stm32cubeide/plugins/com.st.stm32cube.ide.mcu.externaltools.gnu-tools-for-stm32.9-2020-q2-update.win32_1.5.0.202011040924/tools/bin/../lib/gcc/arm-none-eabi/9.3.1/../../../../arm-none-eabi/lib/thumb/v7e-m+fp/hard\libc_nano.a(lib_a-exit.o) (_global_impure_ptr)
c:/st/stm32cubeide_1.6.1/stm32cubeide/plugins/com.st.stm32cube.ide.mcu.externaltools.gnu-tools-for-stm32.9-2020-q2-update.win32_1.5.0.202011040924/tools/bin/../lib/gcc/arm-none-eabi/9.3.1/../../../../arm-none-eabi/lib/thumb/v7e-m+fp/hard\libc_nano.a(lib_a-init.o)
                              c:/st/stm32cubeide_1.6.1/stm32cubeide/plugins/com.st.stm32cube.ide.mcu.externaltools.gnu-tools-for-stm32.9-2020-q2-update.win32_1.5.0.202011040924/tools/bin/../lib/gcc/arm-none-eabi/9.3.1/../../../../arm-none-eabi/lib/thumb/v7e-m+fp/hard/crt0.o (__libc_init_array)
c:/st/stm32cubeide_1.6.1/stm32cubeide/plugins/com.st.stm32cube.ide.mcu.externaltools.gnu-tools-for-stm32.9-2020-q2-update.win32_1.5.0.202011040924/tools/bin/../lib/gcc/arm-none-eabi/9.3.1/../../../../arm-none-eabi/lib/thumb/v7e-m+fp/hard\libc_nano.a(lib_a-memset.o)
                              c:/st/stm32cubeide_1.6.1/stm32cubeide/plugins/com.st.stm32cube.ide.mcu.externaltools.gnu-tools-for-stm32.9-2020-q2-update.win32_1.5.0.202011040924/tools/bin/../lib/gcc/arm-none-eabi/9.3.1/../../../../arm-none-eabi/lib/thumb/v7e-m+fp/hard/crt0.o (memset)
c:/st/stm32cubeide_1.6.1/stm32cubeide/plugins/com.st.stm32cube.ide.mcu.externaltools.gnu-tools-for-stm32.9-2020-q2-update.win32_1.5.0.202011040924/tools/bin/../lib/gcc/arm-none-eabi/9.3.1/thumb/v7e-m+fp/hard\libgcc.a(_aeabi_uldivmod.o)
                              Drivers/STM32F7xx_HAL_Driver/Src/stm32f7xx_hal_rcc.o (__aeabi_uldivmod)
c:/st/stm32cubeide_1.6.1/stm32cubeide/plugins/com.st.stm32cube.ide.mcu.externaltools.gnu-tools-for-stm32.9-2020-q2-update.win32_1.5.0.202011040924/tools/bin/../lib/gcc/arm-none-eabi/9.3.1/thumb/v7e-m+fp/hard\libgcc.a(_udivmoddi4.o)
                              c:/st/stm32cubeide_1.6.1/stm32cubeide/plugins/com.st.stm32cube.ide.mcu.externaltools.gnu-tools-for-stm32.9-2020-q2-update.win32_1.5.0.202011040924/tools/bin/../lib/gcc/arm-none-eabi/9.3.1/thumb/v7e-m+fp/hard\libgcc.a(_aeabi_uldivmod.o) (__udivmoddi4)
c:/st/stm32cubeide_1.6.1/stm32cubeide/plugins/com.st.stm32cube.ide.mcu.externaltools.gnu-tools-for-stm32.9-2020-q2-update.win32_1.5.0.202011040924/tools/bin/../lib/gcc/arm-none-eabi/9.3.1/thumb/v7e-m+fp/hard\libgcc.a(_dvmd_tls.o)
                              c:/st/stm32cubeide_1.6.1/stm32cubeide/plugins/com.st.stm32cube.ide.mcu.externaltools.gnu-tools-for-stm32.9-2020-q2-update.win32_1.5.0.202011040924/tools/bin/../lib/gcc/arm-none-eabi/9.3.1/thumb/v7e-m+fp/hard\libgcc.a(_aeabi_uldivmod.o) (__aeabi_ldiv0)

Allocating common symbols
Common symbol       size              file

retSD               0x1               FATFS/App/fatfs.o
myFile              0x230             Core/Src/main.o
bytesRead           0x4               Core/Src/main.o
hsd1                0x84              Core/Src/main.o
uwTick              0x4               Drivers/STM32F7xx_HAL_Driver/Src/stm32f7xx_hal.o
DAC_REG             0x1               Core/Src/main.o
pFlash              0x1c              Drivers/STM32F7xx_HAL_Driver/Src/stm32f7xx_hal_flash.o
AUDIO_BUFFER        0xfa00            Core/Src/main.o
huart1              0x84              Core/Src/main.o
SDPath              0x4               FATFS/App/fatfs.o
key_info            0x6               Core/Src/main.o
SDFatFs             0x234             Core/Src/main.o
DATA_BUFFER         0xfa00            Core/Src/main.o
htim2               0x4c              Core/Src/main.o
SDFile              0x230             FATFS/App/fatfs.o
res                 0x1               Core/Src/main.o
[...]
Memory Configuration

Name             Origin             Length             Attributes
RAM              0x0000000020000000 0x0000000000050000 xrw
FLASH            0x0000000008000000 0x0000000000100000 xr
*default*        0x0000000000000000 0xffffffffffffffff

Linker script and memory map

LOAD c:/st/stm32cubeide_1.6.1/stm32cubeide/plugins/com.st.stm32cube.ide.mcu.externaltools.gnu-tools-for-stm32.9-2020-q2-update.win32_1.5.0.202011040924/tools/bin/../lib/gcc/arm-none-eabi/9.3.1/thumb/v7e-m+fp/hard/crti.o
LOAD c:/st/stm32cubeide_1.6.1/stm32cubeide/plugins/com.st.stm32cube.ide.mcu.externaltools.gnu-tools-for-stm32.9-2020-q2-update.win32_1.5.0.202011040924/tools/bin/../lib/gcc/arm-none-eabi/9.3.1/thumb/v7e-m+fp/hard/crtbegin.o
LOAD c:/st/stm32cubeide_1.6.1/stm32cubeide/plugins/com.st.stm32cube.ide.mcu.externaltools.gnu-tools-for-stm32.9-2020-q2-update.win32_1.5.0.202011040924/tools/bin/../lib/gcc/arm-none-eabi/9.3.1/../../../../arm-none-eabi/lib/thumb/v7e-m+fp/hard/crt0.o
LOAD Core/Src/main.o
LOAD Core/Src/stm32f7xx_hal_msp.o
LOAD Core/Src/stm32f7xx_it.o
LOAD Core/Src/syscalls.o
LOAD Core/Src/sysmem.o
LOAD Core/Src/system_stm32f7xx.o
LOAD Core/Startup/startup_stm32f746nghx.o
LOAD Drivers/STM32F7xx_HAL_Driver/Src/stm32f7xx_hal.o
LOAD Drivers/STM32F7xx_HAL_Driver/Src/stm32f7xx_hal_cortex.o
LOAD Drivers/STM32F7xx_HAL_Driver/Src/stm32f7xx_hal_dma.o
LOAD Drivers/STM32F7xx_HAL_Driver/Src/stm32f7xx_hal_dma_ex.o
LOAD Drivers/STM32F7xx_HAL_Driver/Src/stm32f7xx_hal_exti.o
LOAD Drivers/STM32F7xx_HAL_Driver/Src/stm32f7xx_hal_flash.o
LOAD Drivers/STM32F7xx_HAL_Driver/Src/stm32f7xx_hal_flash_ex.o
LOAD Drivers/STM32F7xx_HAL_Driver/Src/stm32f7xx_hal_gpio.o
LOAD Drivers/STM32F7xx_HAL_Driver/Src/stm32f7xx_hal_i2c.o
LOAD Drivers/STM32F7xx_HAL_Driver/Src/stm32f7xx_hal_i2c_ex.o
LOAD Drivers/STM32F7xx_HAL_Driver/Src/stm32f7xx_hal_pwr.o
LOAD Drivers/STM32F7xx_HAL_Driver/Src/stm32f7xx_hal_pwr_ex.o
LOAD Drivers/STM32F7xx_HAL_Driver/Src/stm32f7xx_hal_rcc.o
LOAD Drivers/STM32F7xx_HAL_Driver/Src/stm32f7xx_hal_rcc_ex.o
LOAD Drivers/STM32F7xx_HAL_Driver/Src/stm32f7xx_hal_sd.o
LOAD Drivers/STM32F7xx_HAL_Driver/Src/stm32f7xx_hal_tim.o
LOAD Drivers/STM32F7xx_HAL_Driver/Src/stm32f7xx_hal_tim_ex.o
LOAD Drivers/STM32F7xx_HAL_Driver/Src/stm32f7xx_hal_uart.o
LOAD Drivers/STM32F7xx_HAL_Driver/Src/stm32f7xx_hal_uart_ex.o
LOAD Drivers/STM32F7xx_HAL_Driver/Src/stm32f7xx_ll_sdmmc.o
LOAD FATFS/App/fatfs.o
LOAD FATFS/Target/bsp_driver_sd.o
LOAD FATFS/Target/sd_diskio.o
LOAD Middlewares/Third_Party/FatFs/src/diskio.o
LOAD Middlewares/Third_Party/FatFs/src/ff.o
LOAD Middlewares/Third_Party/FatFs/src/ff_gen_drv.o
LOAD Middlewares/Third_Party/FatFs/src/option/ccsbcs.o
LOAD Middlewares/Third_Party/FatFs/src/option/syscall.o
START GROUP
LOAD c:/st/stm32cubeide_1.6.1/stm32cubeide/plugins/com.st.stm32cube.ide.mcu.externaltools.gnu-tools-for-stm32.9-2020-q2-update.win32_1.5.0.202011040924/tools/bin/../lib/gcc/arm-none-eabi/9.3.1/../../../../arm-none-eabi/lib/thumb/v7e-m+fp/hard\libc_nano.a
LOAD c:/st/stm32cubeide_1.6.1/stm32cubeide/plugins/com.st.stm32cube.ide.mcu.externaltools.gnu-tools-for-stm32.9-2020-q2-update.win32_1.5.0.202011040924/tools/bin/../lib/gcc/arm-none-eabi/9.3.1/../../../../arm-none-eabi/lib/thumb/v7e-m+fp/hard\libm.a
END GROUP
START GROUP
LOAD c:/st/stm32cubeide_1.6.1/stm32cubeide/plugins/com.st.stm32cube.ide.mcu.externaltools.gnu-tools-for-stm32.9-2020-q2-update.win32_1.5.0.202011040924/tools/bin/../lib/gcc/arm-none-eabi/9.3.1/thumb/v7e-m+fp/hard\libgcc.a
LOAD c:/st/stm32cubeide_1.6.1/stm32cubeide/plugins/com.st.stm32cube.ide.mcu.externaltools.gnu-tools-for-stm32.9-2020-q2-update.win32_1.5.0.202011040924/tools/bin/../lib/gcc/arm-none-eabi/9.3.1/../../../../arm-none-eabi/lib/thumb/v7e-m+fp/hard\libc_nano.a
END GROUP
START GROUP
LOAD c:/st/stm32cubeide_1.6.1/stm32cubeide/plugins/com.st.stm32cube.ide.mcu.externaltools.gnu-tools-for-stm32.9-2020-q2-update.win32_1.5.0.202011040924/tools/bin/../lib/gcc/arm-none-eabi/9.3.1/thumb/v7e-m+fp/hard\libgcc.a
LOAD c:/st/stm32cubeide_1.6.1/stm32cubeide/plugins/com.st.stm32cube.ide.mcu.externaltools.gnu-tools-for-stm32.9-2020-q2-update.win32_1.5.0.202011040924/tools/bin/../lib/gcc/arm-none-eabi/9.3.1/../../../../arm-none-eabi/lib/thumb/v7e-m+fp/hard\libc_nano.a
LOAD c:/st/stm32cubeide_1.6.1/stm32cubeide/plugins/com.st.stm32cube.ide.mcu.externaltools.gnu-tools-for-stm32.9-2020-q2-update.win32_1.5.0.202011040924/tools/bin/../lib/gcc/arm-none-eabi/9.3.1/../../../../arm-none-eabi/lib/thumb/v7e-m+fp/hard\libnosys.a
END GROUP
START GROUP
LOAD c:/st/stm32cubeide_1.6.1/stm32cubeide/plugins/com.st.stm32cube.ide.mcu.externaltools.gnu-tools-for-stm32.9-2020-q2-update.win32_1.5.0.202011040924/tools/bin/../lib/gcc/arm-none-eabi/9.3.1/thumb/v7e-m+fp/hard\libgcc.a
LOAD c:/st/stm32cubeide_1.6.1/stm32cubeide/plugins/com.st.stm32cube.ide.mcu.externaltools.gnu-tools-for-stm32.9-2020-q2-update.win32_1.5.0.202011040924/tools/bin/../lib/gcc/arm-none-eabi/9.3.1/../../../../arm-none-eabi/lib/thumb/v7e-m+fp/hard\libc_nano.a
LOAD c:/st/stm32cubeide_1.6.1/stm32cubeide/plugins/com.st.stm32cube.ide.mcu.externaltools.gnu-tools-for-stm32.9-2020-q2-update.win32_1.5.0.202011040924/tools/bin/../lib/gcc/arm-none-eabi/9.3.1/../../../../arm-none-eabi/lib/thumb/v7e-m+fp/hard\libnosys.a
END GROUP
LOAD c:/st/stm32cubeide_1.6.1/stm32cubeide/plugins/com.st.stm32cube.ide.mcu.externaltools.gnu-tools-for-stm32.9-2020-q2-update.win32_1.5.0.202011040924/tools/bin/../lib/gcc/arm-none-eabi/9.3.1/thumb/v7e-m+fp/hard/crtend.o
LOAD c:/st/stm32cubeide_1.6.1/stm32cubeide/plugins/com.st.stm32cube.ide.mcu.externaltools.gnu-tools-for-stm32.9-2020-q2-update.win32_1.5.0.202011040924/tools/bin/../lib/gcc/arm-none-eabi/9.3.1/thumb/v7e-m+fp/hard/crtn.o
                0x0000000020050000                _estack = (ORIGIN (RAM) + LENGTH (RAM))
                0x0000000000000200                _Min_Heap_Size = 0x200
                0x0000000000000400                _Min_Stack_Size = 0x400

.isr_vector     0x0000000008000000      0x1c8
                0x0000000008000000                . = ALIGN (0x4)
 *(.isr_vector)
 .isr_vector    0x0000000008000000      0x1c8 Core/Startup/startup_stm32f746nghx.o
                0x0000000008000000                g_pfnVectors
                0x00000000080001c8                . = ALIGN (0x4)

.text           0x00000000080001c8     0x8410
                0x00000000080001c8                . = ALIGN (0x4)
 *(.text)
 .text          0x00000000080001c8       0x40 c:/st/stm32cubeide_1.6.1/stm32cubeide/plugins/com.st.stm32cube.ide.mcu.externaltools.gnu-tools-for-stm32.9-2020-q2-update.win32_1.5.0.202011040924/tools/bin/../lib/gcc/arm-none-eabi/9.3.1/thumb/v7e-m+fp/hard/crtbegin.o
 .text          0x0000000008000208       0x30 c:/st/stm32cubeide_1.6.1/stm32cubeide/plugins/com.st.stm32cube.ide.mcu.externaltools.gnu-tools-for-stm32.9-2020-q2-update.win32_1.5.0.202011040924/tools/bin/../lib/gcc/arm-none-eabi/9.3.1/thumb/v7e-m+fp/hard\libgcc.a(_aeabi_uldivmod.o)
                0x0000000008000208                __aeabi_uldivmod
 .text          0x0000000008000238      0x2c4 c:/st/stm32cubeide_1.6.1/stm32cubeide/plugins/com.st.stm32cube.ide.mcu.externaltools.gnu-tools-for-stm32.9-2020-q2-update.win32_1.5.0.202011040924/tools/bin/../lib/gcc/arm-none-eabi/9.3.1/thumb/v7e-m+fp/hard\libgcc.a(_udivmoddi4.o)
                0x0000000008000238                __udivmoddi4
 .text          0x00000000080004fc        0x4 c:/st/stm32cubeide_1.6.1/stm32cubeide/plugins/com.st.stm32cube.ide.mcu.externaltools.gnu-tools-for-stm32.9-2020-q2-update.win32_1.5.0.202011040924/tools/bin/../lib/gcc/arm-none-eabi/9.3.1/thumb/v7e-m+fp/hard\libgcc.a(_dvmd_tls.o)
                0x00000000080004fc                __aeabi_idiv0
                0x00000000080004fc                __aeabi_ldiv0
 *(.text*)
 .text.SCB_EnableICache
                0x0000000008000500       0x4c Core/Src/main.o
 .text.SCB_EnableDCache
                0x000000000800054c       0x88 Core/Src/main.o
 .text.init_SD  0x00000000080005d4       0x34 Core/Src/main.o
                0x00000000080005d4                init_SD
 .text.read_BIN_AUDIO
                0x0000000008000608       0x5c Core/Src/main.o
                0x0000000008000608                read_BIN_AUDIO
 .text.DAC_OUTPUT
                0x0000000008000664       0xfc Core/Src/main.o
                0x0000000008000664                DAC_OUTPUT
 .text.update_audio_buffer
                0x0000000008000760       0x74 Core/Src/main.o
                0x0000000008000760                update_audio_buffer
 .text.keyboard_interrupt_handler
                0x00000000080007d4       0xd0 Core/Src/main.o
                0x00000000080007d4                keyboard_interrupt_handler
 .text.init_audio_buffer
                0x00000000080008a4       0x38 Core/Src/main.o
                0x00000000080008a4                init_audio_buffer
 .text.HAL_TIM_PeriodElapsedCallback
                0x00000000080008dc       0x5c Core/Src/main.o
                0x00000000080008dc                HAL_TIM_PeriodElapsedCallback
 .text.main     0x0000000008000938       0x3c Core/Src/main.o
                0x0000000008000938                main
 .text.SystemClock_Config
                0x0000000008000974      0x148 Core/Src/main.o
                0x0000000008000974                SystemClock_Config
 .text.MX_SDMMC1_SD_Init
                0x0000000008000abc       0x40 Core/Src/main.o
 .text.MX_TIM2_Init
                0x0000000008000afc       0x98 Core/Src/main.o
 .text.MX_USART1_UART_Init
                0x0000000008000b94       0x60 Core/Src/main.o
 .text.MX_GPIO_Init
                0x0000000008000bf4      0x250 Core/Src/main.o
 .text.Error_Handler
                0x0000000008000e44        0xa Core/Src/main.o
                0x0000000008000e44                Error_Handler
 *fill*         0x0000000008000e4e        0x2 
 .text.HAL_MspInit
                0x0000000008000e50       0x54 Core/Src/stm32f7xx_hal_msp.o
                0x0000000008000e50                HAL_MspInit
 .text.HAL_SD_MspInit
                0x0000000008000ea4       0xc4 Core/Src/stm32f7xx_hal_msp.o
                0x0000000008000ea4                HAL_SD_MspInit
 .text.HAL_TIM_Base_MspInit
                0x0000000008000f68       0x48 Core/Src/stm32f7xx_hal_msp.o
                0x0000000008000f68                HAL_TIM_Base_MspInit
 .text.HAL_UART_MspInit
                0x0000000008000fb0       0x88 Core/Src/stm32f7xx_hal_msp.o
                0x0000000008000fb0                HAL_UART_MspInit
 .text.NMI_Handler
                0x0000000008001038        0x6 Core/Src/stm32f7xx_it.o
                0x0000000008001038                NMI_Handler
 .text.HardFault_Handler
                0x000000000800103e        0x6 Core/Src/stm32f7xx_it.o
                0x000000000800103e                HardFault_Handler
 .text.MemManage_Handler
                0x0000000008001044        0x6 Core/Src/stm32f7xx_it.o
                0x0000000008001044                MemManage_Handler
 .text.BusFault_Handler
                0x000000000800104a        0x6 Core/Src/stm32f7xx_it.o
                0x000000000800104a                BusFault_Handler
 .text.UsageFault_Handler
                0x0000000008001050        0x6 Core/Src/stm32f7xx_it.o
                0x0000000008001050                UsageFault_Handler
 .text.SVC_Handler
                0x0000000008001056        0xe Core/Src/stm32f7xx_it.o
                0x0000000008001056                SVC_Handler
 .text.DebugMon_Handler
                0x0000000008001064        0xe Core/Src/stm32f7xx_it.o
                0x0000000008001064                DebugMon_Handler
 .text.PendSV_Handler
                0x0000000008001072        0xe Core/Src/stm32f7xx_it.o
                0x0000000008001072                PendSV_Handler
 .text.SysTick_Handler
                0x0000000008001080        0xc Core/Src/stm32f7xx_it.o
                0x0000000008001080                SysTick_Handler
 .text.RCC_IRQHandler
                0x000000000800108c        0xe Core/Src/stm32f7xx_it.o
                0x000000000800108c                RCC_IRQHandler
 .text.EXTI2_IRQHandler
                0x000000000800109a       0x12 Core/Src/stm32f7xx_it.o
                0x000000000800109a                EXTI2_IRQHandler
 .text.TIM2_IRQHandler
                0x00000000080010ac       0x14 Core/Src/stm32f7xx_it.o
                0x00000000080010ac                TIM2_IRQHandler
 .text.SystemInit
                0x00000000080010c0       0x24 Core/Src/system_stm32f7xx.o
                0x00000000080010c0                SystemInit
 .text.Reset_Handler
                0x00000000080010e4       0x50 Core/Startup/startup_stm32f746nghx.o
                0x00000000080010e4                Reset_Handler
 .text.Default_Handler
                0x0000000008001134        0x2 Core/Startup/startup_stm32f746nghx.o
                0x0000000008001134                RTC_Alarm_IRQHandler
                0x0000000008001134                TIM8_CC_IRQHandler
                0x0000000008001134                UART8_IRQHandler
                0x0000000008001134                SPI4_IRQHandler
                0x0000000008001134                TIM1_CC_IRQHandler
                0x0000000008001134                DMA2_Stream5_IRQHandler
                0x0000000008001134                DMA1_Stream5_IRQHandler
                0x0000000008001134                PVD_IRQHandler
                0x0000000008001134                TAMP_STAMP_IRQHandler
                0x0000000008001134                CAN2_RX1_IRQHandler
                0x0000000008001134                EXTI3_IRQHandler
                0x0000000008001134                TIM8_TRG_COM_TIM14_IRQHandler
                0x0000000008001134                TIM1_UP_TIM10_IRQHandler
                0x0000000008001134                TIM8_UP_TIM13_IRQHandler
                0x0000000008001134                I2C3_ER_IRQHandler
                0x0000000008001134                EXTI0_IRQHandler
                0x0000000008001134                I2C2_EV_IRQHandler
                0x0000000008001134                DMA1_Stream2_IRQHandler
                0x0000000008001134                CAN1_RX0_IRQHandler
                0x0000000008001134                FPU_IRQHandler
                0x0000000008001134                OTG_HS_WKUP_IRQHandler
                0x0000000008001134                LTDC_ER_IRQHandler
                0x0000000008001134                CAN2_SCE_IRQHandler
                0x0000000008001134                DMA2_Stream2_IRQHandler
                0x0000000008001134                SPI1_IRQHandler
                0x0000000008001134                TIM6_DAC_IRQHandler
                0x0000000008001134                TIM1_BRK_TIM9_IRQHandler
                0x0000000008001134                DCMI_IRQHandler
                0x0000000008001134                CAN2_RX0_IRQHandler
                0x0000000008001134                DMA2_Stream3_IRQHandler
                0x0000000008001134                SAI2_IRQHandler
                0x0000000008001134                USART6_IRQHandler
                0x0000000008001134                USART3_IRQHandler
                0x0000000008001134                CAN1_RX1_IRQHandler
                0x0000000008001134                UART5_IRQHandler
                0x0000000008001134                DMA2_Stream0_IRQHandler
                0x0000000008001134                TIM4_IRQHandler
                0x0000000008001134                QUADSPI_IRQHandler
                0x0000000008001134                I2C1_EV_IRQHandler
                0x0000000008001134                DMA1_Stream6_IRQHandler
                0x0000000008001134                DMA1_Stream1_IRQHandler
                0x0000000008001134                UART4_IRQHandler
                0x0000000008001134                TIM3_IRQHandler
                0x0000000008001134                TIM8_BRK_TIM12_IRQHandler
                0x0000000008001134                Default_Handler
                0x0000000008001134                CEC_IRQHandler
                0x0000000008001134                EXTI15_10_IRQHandler
                0x0000000008001134                ADC_IRQHandler
                0x0000000008001134                DMA1_Stream7_IRQHandler
                0x0000000008001134                SPI5_IRQHandler
                0x0000000008001134                TIM7_IRQHandler
                0x0000000008001134                SDMMC1_IRQHandler
                0x0000000008001134                CAN2_TX_IRQHandler
                0x0000000008001134                TIM5_IRQHandler
                0x0000000008001134                DMA2_Stream7_IRQHandler
                0x0000000008001134                I2C3_EV_IRQHandler
                0x0000000008001134                EXTI9_5_IRQHandler
                0x0000000008001134                RTC_WKUP_IRQHandler
                0x0000000008001134                LTDC_IRQHandler
                0x0000000008001134                ETH_WKUP_IRQHandler
                0x0000000008001134                SPDIF_RX_IRQHandler
                0x0000000008001134                SPI2_IRQHandler
                0x0000000008001134                OTG_HS_EP1_IN_IRQHandler
                0x0000000008001134                DMA1_Stream0_IRQHandler
                0x0000000008001134                CAN1_TX_IRQHandler
                0x0000000008001134                EXTI4_IRQHandler
                0x0000000008001134                RNG_IRQHandler
                0x0000000008001134                ETH_IRQHandler
                0x0000000008001134                OTG_HS_EP1_OUT_IRQHandler
                0x0000000008001134                WWDG_IRQHandler
                0x0000000008001134                SPI6_IRQHandler
                0x0000000008001134                I2C4_EV_IRQHandler
                0x0000000008001134                OTG_FS_WKUP_IRQHandler
                0x0000000008001134                TIM1_TRG_COM_TIM11_IRQHandler
                0x0000000008001134                OTG_HS_IRQHandler
                0x0000000008001134                DMA2D_IRQHandler
                0x0000000008001134                EXTI1_IRQHandler
                0x0000000008001134                UART7_IRQHandler
                0x0000000008001134                USART2_IRQHandler
                0x0000000008001134                I2C2_ER_IRQHandler
                0x0000000008001134                DMA2_Stream1_IRQHandler
                0x0000000008001134                CAN1_SCE_IRQHandler
                0x0000000008001134                FLASH_IRQHandler
                0x0000000008001134                DMA2_Stream4_IRQHandler
                0x0000000008001134                USART1_IRQHandler
                0x0000000008001134                OTG_FS_IRQHandler
                0x0000000008001134                SPI3_IRQHandler
                0x0000000008001134                DMA1_Stream4_IRQHandler
                0x0000000008001134                I2C1_ER_IRQHandler
                0x0000000008001134                FMC_IRQHandler
                0x0000000008001134                LPTIM1_IRQHandler
                0x0000000008001134                I2C4_ER_IRQHandler
                0x0000000008001134                DMA2_Stream6_IRQHandler
                0x0000000008001134                SAI1_IRQHandler
                0x0000000008001134                DMA1_Stream3_IRQHandler
 *fill*         0x0000000008001136        0x2 
 .text.HAL_Init
                0x0000000008001138       0x38 Drivers/STM32F7xx_HAL_Driver/Src/stm32f7xx_hal.o
                0x0000000008001138                HAL_Init
 .text.HAL_InitTick
                0x0000000008001170       0x60 Drivers/STM32F7xx_HAL_Driver/Src/stm32f7xx_hal.o
                0x0000000008001170                HAL_InitTick
 .text.HAL_IncTick
                0x00000000080011d0       0x28 Drivers/STM32F7xx_HAL_Driver/Src/stm32f7xx_hal.o
                0x00000000080011d0                HAL_IncTick
 .text.HAL_GetTick
                0x00000000080011f8       0x18 Drivers/STM32F7xx_HAL_Driver/Src/stm32f7xx_hal.o
                0x00000000080011f8                HAL_GetTick
 .text.HAL_Delay
                0x0000000008001210       0x48 Drivers/STM32F7xx_HAL_Driver/Src/stm32f7xx_hal.o
                0x0000000008001210                HAL_Delay
 .text.__NVIC_SetPriorityGrouping
                0x0000000008001258       0x48 Drivers/STM32F7xx_HAL_Driver/Src/stm32f7xx_hal_cortex.o
 .text.__NVIC_GetPriorityGrouping
                0x00000000080012a0       0x1c Drivers/STM32F7xx_HAL_Driver/Src/stm32f7xx_hal_cortex.o
 .text.__NVIC_EnableIRQ
                0x00000000080012bc       0x3c Drivers/STM32F7xx_HAL_Driver/Src/stm32f7xx_hal_cortex.o
 .text.__NVIC_SetPriority
                0x00000000080012f8       0x54 Drivers/STM32F7xx_HAL_Driver/Src/stm32f7xx_hal_cortex.o
 .text.NVIC_EncodePriority
                0x000000000800134c       0x66 Drivers/STM32F7xx_HAL_Driver/Src/stm32f7xx_hal_cortex.o
 *fill*         0x00000000080013b2        0x2 
 .text.SysTick_Config
                0x00000000080013b4       0x44 Drivers/STM32F7xx_HAL_Driver/Src/stm32f7xx_hal_cortex.o
 .text.HAL_NVIC_SetPriorityGrouping
                0x00000000080013f8       0x16 Drivers/STM32F7xx_HAL_Driver/Src/stm32f7xx_hal_cortex.o
                0x00000000080013f8                HAL_NVIC_SetPriorityGrouping
 .text.HAL_NVIC_SetPriority
                0x000000000800140e       0x38 Drivers/STM32F7xx_HAL_Driver/Src/stm32f7xx_hal_cortex.o
                0x000000000800140e                HAL_NVIC_SetPriority
 .text.HAL_NVIC_EnableIRQ
                0x0000000008001446       0x1c Drivers/STM32F7xx_HAL_Driver/Src/stm32f7xx_hal_cortex.o
                0x0000000008001446                HAL_NVIC_EnableIRQ
 .text.HAL_SYSTICK_Config
                0x0000000008001462       0x18 Drivers/STM32F7xx_HAL_Driver/Src/stm32f7xx_hal_cortex.o
                0x0000000008001462                HAL_SYSTICK_Config
 *fill*         0x000000000800147a        0x2 
 .text.HAL_GPIO_Init
                0x000000000800147c      0x358 Drivers/STM32F7xx_HAL_Driver/Src/stm32f7xx_hal_gpio.o
                0x000000000800147c                HAL_GPIO_Init
 .text.HAL_GPIO_ReadPin
                0x00000000080017d4       0x30 Drivers/STM32F7xx_HAL_Driver/Src/stm32f7xx_hal_gpio.o
                0x00000000080017d4                HAL_GPIO_ReadPin
 .text.HAL_GPIO_WritePin
                0x0000000008001804       0x32 Drivers/STM32F7xx_HAL_Driver/Src/stm32f7xx_hal_gpio.o
                0x0000000008001804                HAL_GPIO_WritePin
 *fill*         0x0000000008001836        0x2 
 .text.HAL_GPIO_EXTI_IRQHandler
                0x0000000008001838       0x30 Drivers/STM32F7xx_HAL_Driver/Src/stm32f7xx_hal_gpio.o
                0x0000000008001838                HAL_GPIO_EXTI_IRQHandler
 .text.HAL_GPIO_EXTI_Callback
                0x0000000008001868       0x16 Drivers/STM32F7xx_HAL_Driver/Src/stm32f7xx_hal_gpio.o
                0x0000000008001868                HAL_GPIO_EXTI_Callback
 *fill*         0x000000000800187e        0x2 
 .text.HAL_PWREx_EnableOverDrive
                0x0000000008001880       0xa0 Drivers/STM32F7xx_HAL_Driver/Src/stm32f7xx_hal_pwr_ex.o
                0x0000000008001880                HAL_PWREx_EnableOverDrive
 .text.HAL_RCC_OscConfig
                0x0000000008001920      0x548 Drivers/STM32F7xx_HAL_Driver/Src/stm32f7xx_hal_rcc.o
                0x0000000008001920                HAL_RCC_OscConfig
 .text.HAL_RCC_ClockConfig
                0x0000000008001e68      0x1d8 Drivers/STM32F7xx_HAL_Driver/Src/stm32f7xx_hal_rcc.o
                0x0000000008001e68                HAL_RCC_ClockConfig
 .text.HAL_RCC_GetSysClockFreq
                0x0000000008002040      0x16c Drivers/STM32F7xx_HAL_Driver/Src/stm32f7xx_hal_rcc.o
                0x0000000008002040                HAL_RCC_GetSysClockFreq
 .text.HAL_RCC_GetHCLKFreq
                0x00000000080021ac       0x18 Drivers/STM32F7xx_HAL_Driver/Src/stm32f7xx_hal_rcc.o
                0x00000000080021ac                HAL_RCC_GetHCLKFreq
 .text.HAL_RCC_GetPCLK1Freq
                0x00000000080021c4       0x28 Drivers/STM32F7xx_HAL_Driver/Src/stm32f7xx_hal_rcc.o
                0x00000000080021c4                HAL_RCC_GetPCLK1Freq
 .text.HAL_RCC_GetPCLK2Freq
                0x00000000080021ec       0x28 Drivers/STM32F7xx_HAL_Driver/Src/stm32f7xx_hal_rcc.o
                0x00000000080021ec                HAL_RCC_GetPCLK2Freq
 .text.HAL_RCCEx_PeriphCLKConfig
                0x0000000008002214      0x7e0 Drivers/STM32F7xx_HAL_Driver/Src/stm32f7xx_hal_rcc_ex.o
                0x0000000008002214                HAL_RCCEx_PeriphCLKConfig
 .text.HAL_SD_Init
                0x00000000080029f4       0x60 Drivers/STM32F7xx_HAL_Driver/Src/stm32f7xx_hal_sd.o
                0x00000000080029f4                HAL_SD_Init
 .text.HAL_SD_InitCard
                0x0000000008002a54      0x10c Drivers/STM32F7xx_HAL_Driver/Src/stm32f7xx_hal_sd.o
                0x0000000008002a54                HAL_SD_InitCard
 .text.HAL_SD_ReadBlocks
                0x0000000008002b60      0x3bc Drivers/STM32F7xx_HAL_Driver/Src/stm32f7xx_hal_sd.o
                0x0000000008002b60                HAL_SD_ReadBlocks
 .text.HAL_SD_WriteBlocks
                0x0000000008002f1c      0x30c Drivers/STM32F7xx_HAL_Driver/Src/stm32f7xx_hal_sd.o
                0x0000000008002f1c                HAL_SD_WriteBlocks
 .text.HAL_SD_GetCardCSD
                0x0000000008003228      0x348 Drivers/STM32F7xx_HAL_Driver/Src/stm32f7xx_hal_sd.o
                0x0000000008003228                HAL_SD_GetCardCSD
 .text.HAL_SD_GetCardInfo
                0x0000000008003570       0x58 Drivers/STM32F7xx_HAL_Driver/Src/stm32f7xx_hal_sd.o
                0x0000000008003570                HAL_SD_GetCardInfo
 .text.HAL_SD_GetCardState
                0x00000000080035c8       0x40 Drivers/STM32F7xx_HAL_Driver/Src/stm32f7xx_hal_sd.o
                0x00000000080035c8                HAL_SD_GetCardState
 .text.SD_InitCard
                0x0000000008003608      0x198 Drivers/STM32F7xx_HAL_Driver/Src/stm32f7xx_hal_sd.o
 .text.SD_PowerON
                0x00000000080037a0      0x11c Drivers/STM32F7xx_HAL_Driver/Src/stm32f7xx_hal_sd.o
 .text.SD_SendStatus
                0x00000000080038bc       0x50 Drivers/STM32F7xx_HAL_Driver/Src/stm32f7xx_hal_sd.o
 .text.HAL_TIM_Base_Init
                0x000000000800390c       0xae Drivers/STM32F7xx_HAL_Driver/Src/stm32f7xx_hal_tim.o
                0x000000000800390c                HAL_TIM_Base_Init
 *fill*         0x00000000080039ba        0x2 
 .text.HAL_TIM_Base_Start_IT
                0x00000000080039bc       0xf0 Drivers/STM32F7xx_HAL_Driver/Src/stm32f7xx_hal_tim.o
                0x00000000080039bc                HAL_TIM_Base_Start_IT
 .text.HAL_TIM_IRQHandler
                0x0000000008003aac      0x23e Drivers/STM32F7xx_HAL_Driver/Src/stm32f7xx_hal_tim.o
                0x0000000008003aac                HAL_TIM_IRQHandler
 *fill*         0x0000000008003cea        0x2 
 .text.HAL_TIM_ConfigClockSource
                0x0000000008003cec      0x18c Drivers/STM32F7xx_HAL_Driver/Src/stm32f7xx_hal_tim.o
                0x0000000008003cec                HAL_TIM_ConfigClockSource
 .text.HAL_TIM_OC_DelayElapsedCallback
                0x0000000008003e78       0x14 Drivers/STM32F7xx_HAL_Driver/Src/stm32f7xx_hal_tim.o
                0x0000000008003e78                HAL_TIM_OC_DelayElapsedCallback
 .text.HAL_TIM_IC_CaptureCallback
                0x0000000008003e8c       0x14 Drivers/STM32F7xx_HAL_Driver/Src/stm32f7xx_hal_tim.o
                0x0000000008003e8c                HAL_TIM_IC_CaptureCallback
 .text.HAL_TIM_PWM_PulseFinishedCallback
                0x0000000008003ea0       0x14 Drivers/STM32F7xx_HAL_Driver/Src/stm32f7xx_hal_tim.o
                0x0000000008003ea0                HAL_TIM_PWM_PulseFinishedCallback
 .text.HAL_TIM_TriggerCallback
                0x0000000008003eb4       0x14 Drivers/STM32F7xx_HAL_Driver/Src/stm32f7xx_hal_tim.o
                0x0000000008003eb4                HAL_TIM_TriggerCallback
 .text.TIM_Base_SetConfig
                0x0000000008003ec8      0x140 Drivers/STM32F7xx_HAL_Driver/Src/stm32f7xx_hal_tim.o
                0x0000000008003ec8                TIM_Base_SetConfig
 .text.TIM_TI1_ConfigInputStage
                0x0000000008004008       0x5e Drivers/STM32F7xx_HAL_Driver/Src/stm32f7xx_hal_tim.o
 .text.TIM_TI2_ConfigInputStage
                0x0000000008004066       0x60 Drivers/STM32F7xx_HAL_Driver/Src/stm32f7xx_hal_tim.o
 .text.TIM_ITRx_SetConfig
                0x00000000080040c6       0x36 Drivers/STM32F7xx_HAL_Driver/Src/stm32f7xx_hal_tim.o
 .text.TIM_ETR_SetConfig
                0x00000000080040fc       0x40 Drivers/STM32F7xx_HAL_Driver/Src/stm32f7xx_hal_tim.o
                0x00000000080040fc                TIM_ETR_SetConfig
 .text.HAL_TIMEx_MasterConfigSynchronization
                0x000000000800413c      0x11c Drivers/STM32F7xx_HAL_Driver/Src/stm32f7xx_hal_tim_ex.o
                0x000000000800413c                HAL_TIMEx_MasterConfigSynchronization
 .text.HAL_TIMEx_CommutCallback
                0x0000000008004258       0x14 Drivers/STM32F7xx_HAL_Driver/Src/stm32f7xx_hal_tim_ex.o
                0x0000000008004258                HAL_TIMEx_CommutCallback
 .text.HAL_TIMEx_BreakCallback
                0x000000000800426c       0x14 Drivers/STM32F7xx_HAL_Driver/Src/stm32f7xx_hal_tim_ex.o
                0x000000000800426c                HAL_TIMEx_BreakCallback
 .text.HAL_TIMEx_Break2Callback
                0x0000000008004280       0x14 Drivers/STM32F7xx_HAL_Driver/Src/stm32f7xx_hal_tim_ex.o
                0x0000000008004280                HAL_TIMEx_Break2Callback
 .text.HAL_UART_Init
                0x0000000008004294       0x9c Drivers/STM32F7xx_HAL_Driver/Src/stm32f7xx_hal_uart.o
                0x0000000008004294                HAL_UART_Init
 .text.UART_SetConfig
                0x0000000008004330      0x4c4 Drivers/STM32F7xx_HAL_Driver/Src/stm32f7xx_hal_uart.o
                0x0000000008004330                UART_SetConfig
 .text.UART_AdvFeatureConfig
                0x00000000080047f4      0x144 Drivers/STM32F7xx_HAL_Driver/Src/stm32f7xx_hal_uart.o
                0x00000000080047f4                UART_AdvFeatureConfig
 .text.UART_CheckIdleState
                0x0000000008004938       0x66 Drivers/STM32F7xx_HAL_Driver/Src/stm32f7xx_hal_uart.o
                0x0000000008004938                UART_CheckIdleState
 .text.UART_WaitOnFlagUntilTimeout
                0x000000000800499e       0xf8 Drivers/STM32F7xx_HAL_Driver/Src/stm32f7xx_hal_uart.o
                0x000000000800499e                UART_WaitOnFlagUntilTimeout
 *fill*         0x0000000008004a96        0x2 
 .text.SDMMC_Init
                0x0000000008004a98       0x58 Drivers/STM32F7xx_HAL_Driver/Src/stm32f7xx_ll_sdmmc.o
                0x0000000008004a98                SDMMC_Init
 .text.SDMMC_ReadFIFO
                0x0000000008004af0       0x1a Drivers/STM32F7xx_HAL_Driver/Src/stm32f7xx_ll_sdmmc.o
                0x0000000008004af0                SDMMC_ReadFIFO
 .text.SDMMC_WriteFIFO
                0x0000000008004b0a       0x22 Drivers/STM32F7xx_HAL_Driver/Src/stm32f7xx_ll_sdmmc.o
                0x0000000008004b0a                SDMMC_WriteFIFO
 .text.SDMMC_PowerState_ON
                0x0000000008004b2c       0x1e Drivers/STM32F7xx_HAL_Driver/Src/stm32f7xx_ll_sdmmc.o
                0x0000000008004b2c                SDMMC_PowerState_ON
 .text.SDMMC_GetPowerState
                0x0000000008004b4a       0x1c Drivers/STM32F7xx_HAL_Driver/Src/stm32f7xx_ll_sdmmc.o
                0x0000000008004b4a                SDMMC_GetPowerState
 *fill*         0x0000000008004b66        0x2 
 .text.SDMMC_SendCommand
                0x0000000008004b68       0x54 Drivers/STM32F7xx_HAL_Driver/Src/stm32f7xx_ll_sdmmc.o
                0x0000000008004b68                SDMMC_SendCommand
 .text.SDMMC_GetCommandResponse
                0x0000000008004bbc       0x1a Drivers/STM32F7xx_HAL_Driver/Src/stm32f7xx_ll_sdmmc.o
                0x0000000008004bbc                SDMMC_GetCommandResponse
 .text.SDMMC_GetResponse
                0x0000000008004bd6       0x26 Drivers/STM32F7xx_HAL_Driver/Src/stm32f7xx_ll_sdmmc.o
                0x0000000008004bd6                SDMMC_GetResponse
 .text.SDMMC_ConfigData
                0x0000000008004bfc       0x58 Drivers/STM32F7xx_HAL_Driver/Src/stm32f7xx_ll_sdmmc.o
                0x0000000008004bfc                SDMMC_ConfigData
 .text.SDMMC_CmdBlockLength
                0x0000000008004c54       0x44 Drivers/STM32F7xx_HAL_Driver/Src/stm32f7xx_ll_sdmmc.o
                0x0000000008004c54                SDMMC_CmdBlockLength
 .text.SDMMC_CmdReadSingleBlock
                0x0000000008004c98       0x44 Drivers/STM32F7xx_HAL_Driver/Src/stm32f7xx_ll_sdmmc.o
                0x0000000008004c98                SDMMC_CmdReadSingleBlock
 .text.SDMMC_CmdReadMultiBlock
                0x0000000008004cdc       0x44 Drivers/STM32F7xx_HAL_Driver/Src/stm32f7xx_ll_sdmmc.o
                0x0000000008004cdc                SDMMC_CmdReadMultiBlock
 .text.SDMMC_CmdWriteSingleBlock
                0x0000000008004d20       0x44 Drivers/STM32F7xx_HAL_Driver/Src/stm32f7xx_ll_sdmmc.o
                0x0000000008004d20                SDMMC_CmdWriteSingleBlock
 .text.SDMMC_CmdWriteMultiBlock
                0x0000000008004d64       0x44 Drivers/STM32F7xx_HAL_Driver/Src/stm32f7xx_ll_sdmmc.o
                0x0000000008004d64                SDMMC_CmdWriteMultiBlock
 .text.SDMMC_CmdStopTransfer
                0x0000000008004da8       0x44 Drivers/STM32F7xx_HAL_Driver/Src/stm32f7xx_ll_sdmmc.o
                0x0000000008004da8                SDMMC_CmdStopTransfer
 .text.SDMMC_CmdSelDesel
                0x0000000008004dec       0x46 Drivers/STM32F7xx_HAL_Driver/Src/stm32f7xx_ll_sdmmc.o
                0x0000000008004dec                SDMMC_CmdSelDesel
 .text.SDMMC_CmdGoIdleState
                0x0000000008004e32       0x3c Drivers/STM32F7xx_HAL_Driver/Src/stm32f7xx_ll_sdmmc.o
                0x0000000008004e32                SDMMC_CmdGoIdleState
 .text.SDMMC_CmdOperCond
                0x0000000008004e6e       0x3e Drivers/STM32F7xx_HAL_Driver/Src/stm32f7xx_ll_sdmmc.o
                0x0000000008004e6e                SDMMC_CmdOperCond
 .text.SDMMC_CmdAppCommand
                0x0000000008004eac       0x44 Drivers/STM32F7xx_HAL_Driver/Src/stm32f7xx_ll_sdmmc.o
                0x0000000008004eac                SDMMC_CmdAppCommand
 .text.SDMMC_CmdAppOperCommand
                0x0000000008004ef0       0x48 Drivers/STM32F7xx_HAL_Driver/Src/stm32f7xx_ll_sdmmc.o
                0x0000000008004ef0                SDMMC_CmdAppOperCommand
 .text.SDMMC_CmdSendCID
                0x0000000008004f38       0x3c Drivers/STM32F7xx_HAL_Driver/Src/stm32f7xx_ll_sdmmc.o
                0x0000000008004f38                SDMMC_CmdSendCID
 .text.SDMMC_CmdSendCSD
                0x0000000008004f74       0x3e Drivers/STM32F7xx_HAL_Driver/Src/stm32f7xx_ll_sdmmc.o
                0x0000000008004f74                SDMMC_CmdSendCSD
 .text.SDMMC_CmdSetRelAdd
                0x0000000008004fb2       0x42 Drivers/STM32F7xx_HAL_Driver/Src/stm32f7xx_ll_sdmmc.o
                0x0000000008004fb2                SDMMC_CmdSetRelAdd
 .text.SDMMC_CmdSendStatus
                0x0000000008004ff4       0x44 Drivers/STM32F7xx_HAL_Driver/Src/stm32f7xx_ll_sdmmc.o
                0x0000000008004ff4                SDMMC_CmdSendStatus
 .text.SDMMC_GetCmdError
                0x0000000008005038       0x58 Drivers/STM32F7xx_HAL_Driver/Src/stm32f7xx_ll_sdmmc.o
 .text.SDMMC_GetCmdResp1
                0x0000000008005090      0x1dc Drivers/STM32F7xx_HAL_Driver/Src/stm32f7xx_ll_sdmmc.o
 .text.SDMMC_GetCmdResp2
                0x000000000800526c       0x90 Drivers/STM32F7xx_HAL_Driver/Src/stm32f7xx_ll_sdmmc.o
 .text.SDMMC_GetCmdResp3
                0x00000000080052fc       0x7c Drivers/STM32F7xx_HAL_Driver/Src/stm32f7xx_ll_sdmmc.o
 .text.SDMMC_GetCmdResp6
                0x0000000008005378       0xec Drivers/STM32F7xx_HAL_Driver/Src/stm32f7xx_ll_sdmmc.o
 .text.SDMMC_GetCmdResp7
                0x0000000008005464       0x9c Drivers/STM32F7xx_HAL_Driver/Src/stm32f7xx_ll_sdmmc.o
 .text.MX_FATFS_Init
                0x0000000008005500       0x24 FATFS/App/fatfs.o
                0x0000000008005500                MX_FATFS_Init
 .text.get_fattime
                0x0000000008005524       0x10 FATFS/App/fatfs.o
                0x0000000008005524                get_fattime
 .text.BSP_SD_Init
                0x0000000008005534       0x30 FATFS/Target/bsp_driver_sd.o
                0x0000000008005534                BSP_SD_Init
 .text.BSP_SD_ReadBlocks
                0x0000000008005564       0x3c FATFS/Target/bsp_driver_sd.o
                0x0000000008005564                BSP_SD_ReadBlocks
 .text.BSP_SD_WriteBlocks
                0x00000000080055a0       0x3c FATFS/Target/bsp_driver_sd.o
                0x00000000080055a0                BSP_SD_WriteBlocks
 .text.BSP_SD_GetCardState
                0x00000000080055dc       0x20 FATFS/Target/bsp_driver_sd.o
                0x00000000080055dc                BSP_SD_GetCardState
 .text.BSP_SD_GetCardInfo
                0x00000000080055fc       0x1c FATFS/Target/bsp_driver_sd.o
                0x00000000080055fc                BSP_SD_GetCardInfo
 .text.BSP_SD_IsDetected
                0x0000000008005618       0x1a FATFS/Target/bsp_driver_sd.o
                0x0000000008005618                BSP_SD_IsDetected
 *fill*         0x0000000008005632        0x2 
 .text.SD_CheckStatus
                0x0000000008005634       0x3c FATFS/Target/sd_diskio.o
 .text.SD_initialize
                0x0000000008005670       0x3c FATFS/Target/sd_diskio.o
                0x0000000008005670                SD_initialize
 .text.SD_status
                0x00000000080056ac       0x1c FATFS/Target/sd_diskio.o
                0x00000000080056ac                SD_status
 .text.SD_read  0x00000000080056c8       0x42 FATFS/Target/sd_diskio.o
                0x00000000080056c8                SD_read
 .text.SD_write
                0x000000000800570a       0x42 FATFS/Target/sd_diskio.o
                0x000000000800570a                SD_write
 .text.SD_ioctl
                0x000000000800574c       0xb0 FATFS/Target/sd_diskio.o
                0x000000000800574c                SD_ioctl
 .text.disk_status
                0x00000000080057fc       0x34 Middlewares/Third_Party/FatFs/src/diskio.o
                0x00000000080057fc                disk_status
 .text.disk_initialize
                0x0000000008005830       0x4c Middlewares/Third_Party/FatFs/src/diskio.o
                0x0000000008005830                disk_initialize
 .text.disk_read
                0x000000000800587c       0x40 Middlewares/Third_Party/FatFs/src/diskio.o
                0x000000000800587c                disk_read
 .text.disk_write
                0x00000000080058bc       0x40 Middlewares/Third_Party/FatFs/src/diskio.o
                0x00000000080058bc                disk_write
 .text.disk_ioctl
                0x00000000080058fc       0x3c Middlewares/Third_Party/FatFs/src/diskio.o
                0x00000000080058fc                disk_ioctl
 .text.ld_word  0x0000000008005938       0x30 Middlewares/Third_Party/FatFs/src/ff.o
 .text.ld_dword
                0x0000000008005968       0x46 Middlewares/Third_Party/FatFs/src/ff.o
 .text.st_word  0x00000000080059ae       0x36 Middlewares/Third_Party/FatFs/src/ff.o
 .text.st_dword
                0x00000000080059e4       0x58 Middlewares/Third_Party/FatFs/src/ff.o
 .text.mem_cpy  0x0000000008005a3c       0x42 Middlewares/Third_Party/FatFs/src/ff.o
 .text.mem_set  0x0000000008005a7e       0x36 Middlewares/Third_Party/FatFs/src/ff.o
 .text.mem_cmp  0x0000000008005ab4       0x4e Middlewares/Third_Party/FatFs/src/ff.o
 .text.chk_chr  0x0000000008005b02       0x36 Middlewares/Third_Party/FatFs/src/ff.o
 .text.chk_lock
                0x0000000008005b38       0xb8 Middlewares/Third_Party/FatFs/src/ff.o
 .text.enq_lock
                0x0000000008005bf0       0x44 Middlewares/Third_Party/FatFs/src/ff.o
 .text.inc_lock
                0x0000000008005c34      0x11c Middlewares/Third_Party/FatFs/src/ff.o
 .text.dec_lock
                0x0000000008005d50       0x78 Middlewares/Third_Party/FatFs/src/ff.o
 .text.clear_lock
                0x0000000008005dc8       0x48 Middlewares/Third_Party/FatFs/src/ff.o
 .text.sync_window
                0x0000000008005e10       0x88 Middlewares/Third_Party/FatFs/src/ff.o
 .text.move_window
                0x0000000008005e98       0x5a Middlewares/Third_Party/FatFs/src/ff.o
 *fill*         0x0000000008005ef2        0x2 
 .text.sync_fs  0x0000000008005ef4       0xdc Middlewares/Third_Party/FatFs/src/ff.o
 .text.clust2sect
                0x0000000008005fd0       0x3e Middlewares/Third_Party/FatFs/src/ff.o
 .text.get_fat  0x000000000800600e      0x150 Middlewares/Third_Party/FatFs/src/ff.o
 .text.put_fat  0x000000000800615e      0x1d8 Middlewares/Third_Party/FatFs/src/ff.o
 .text.remove_chain
                0x0000000008006336       0xca Middlewares/Third_Party/FatFs/src/ff.o
 .text.create_chain
                0x0000000008006400      0x130 Middlewares/Third_Party/FatFs/src/ff.o
 .text.clmt_clust
                0x0000000008006530       0x68 Middlewares/Third_Party/FatFs/src/ff.o
 .text.dir_sdi  0x0000000008006598       0xf6 Middlewares/Third_Party/FatFs/src/ff.o
 .text.dir_next
                0x000000000800668e      0x18a Middlewares/Third_Party/FatFs/src/ff.o
 .text.dir_alloc
                0x0000000008006818       0x8e Middlewares/Third_Party/FatFs/src/ff.o
 .text.ld_clust
                0x00000000080068a6       0x3e Middlewares/Third_Party/FatFs/src/ff.o
 .text.st_clust
                0x00000000080068e4       0x40 Middlewares/Third_Party/FatFs/src/ff.o
 .text.cmp_lfn  0x0000000008006924       0xe0 Middlewares/Third_Party/FatFs/src/ff.o
 .text.put_lfn  0x0000000008006a04       0xd0 Middlewares/Third_Party/FatFs/src/ff.o
 .text.gen_numname
                0x0000000008006ad4      0x120 Middlewares/Third_Party/FatFs/src/ff.o
 .text.sum_sfn  0x0000000008006bf4       0x42 Middlewares/Third_Party/FatFs/src/ff.o
 .text.dir_find
                0x0000000008006c36      0x180 Middlewares/Third_Party/FatFs/src/ff.o
 *fill*         0x0000000008006db6        0x2 
 .text.dir_register
                0x0000000008006db8      0x1f0 Middlewares/Third_Party/FatFs/src/ff.o
 .text.create_name
                0x0000000008006fa8      0x370 Middlewares/Third_Party/FatFs/src/ff.o
 .text.follow_path
                0x0000000008007318       0xe2 Middlewares/Third_Party/FatFs/src/ff.o
 .text.get_ldnumber
                0x00000000080073fa       0x88 Middlewares/Third_Party/FatFs/src/ff.o
 *fill*         0x0000000008007482        0x2 
 .text.check_fs
                0x0000000008007484       0xac Middlewares/Third_Party/FatFs/src/ff.o
 .text.find_volume
                0x0000000008007530      0x498 Middlewares/Third_Party/FatFs/src/ff.o
 .text.validate
                0x00000000080079c8       0x6a Middlewares/Third_Party/FatFs/src/ff.o
 *fill*         0x0000000008007a32        0x2 
 .text.f_mount  0x0000000008007a34       0x8c Middlewares/Third_Party/FatFs/src/ff.o
                0x0000000008007a34                f_mount
 .text.f_open   0x0000000008007ac0      0x494 Middlewares/Third_Party/FatFs/src/ff.o
                0x0000000008007ac0                f_open
 .text.f_read   0x0000000008007f54      0x27e Middlewares/Third_Party/FatFs/src/ff.o
                0x0000000008007f54                f_read
 .text.f_sync   0x00000000080081d2       0xfc Middlewares/Third_Party/FatFs/src/ff.o
                0x00000000080081d2                f_sync
 .text.f_close  0x00000000080082ce       0x54 Middlewares/Third_Party/FatFs/src/ff.o
                0x00000000080082ce                f_close
 *fill*         0x0000000008008322        0x2 
 .text.FATFS_LinkDriverEx
                0x0000000008008324       0x98 Middlewares/Third_Party/FatFs/src/ff_gen_drv.o
                0x0000000008008324                FATFS_LinkDriverEx
 .text.FATFS_LinkDriver
                0x00000000080083bc       0x1e Middlewares/Third_Party/FatFs/src/ff_gen_drv.o
                0x00000000080083bc                FATFS_LinkDriver
 *fill*         0x00000000080083da        0x2 
 .text.ff_convert
                0x00000000080083dc       0x78 Middlewares/Third_Party/FatFs/src/option/ccsbcs.o
                0x00000000080083dc                ff_convert
 .text.ff_wtoupper
                0x0000000008008454      0x114 Middlewares/Third_Party/FatFs/src/option/ccsbcs.o
                0x0000000008008454                ff_wtoupper
 .text.__libc_init_array
                0x0000000008008568       0x48 c:/st/stm32cubeide_1.6.1/stm32cubeide/plugins/com.st.stm32cube.ide.mcu.externaltools.gnu-tools-for-stm32.9-2020-q2-update.win32_1.5.0.202011040924/tools/bin/../lib/gcc/arm-none-eabi/9.3.1/../../../../arm-none-eabi/lib/thumb/v7e-m+fp/hard\libc_nano.a(lib_a-init.o)
                0x0000000008008568                __libc_init_array
 .text.memset   0x00000000080085b0       0x10 c:/st/stm32cubeide_1.6.1/stm32cubeide/plugins/com.st.stm32cube.ide.mcu.externaltools.gnu-tools-for-stm32.9-2020-q2-update.win32_1.5.0.202011040924/tools/bin/../lib/gcc/arm-none-eabi/9.3.1/../../../../arm-none-eabi/lib/thumb/v7e-m+fp/hard\libc_nano.a(lib_a-memset.o)
                0x00000000080085b0                memset
 *(.glue_7)
 .glue_7        0x00000000080085c0        0x0 linker stubs
 *(.glue_7t)
 .glue_7t       0x00000000080085c0        0x0 linker stubs
 *(.eh_frame)
 .eh_frame      0x00000000080085c0        0x0 c:/st/stm32cubeide_1.6.1/stm32cubeide/plugins/com.st.stm32cube.ide.mcu.externaltools.gnu-tools-for-stm32.9-2020-q2-update.win32_1.5.0.202011040924/tools/bin/../lib/gcc/arm-none-eabi/9.3.1/thumb/v7e-m+fp/hard/crtbegin.o
 *(.init)
 .init          0x00000000080085c0        0x4 c:/st/stm32cubeide_1.6.1/stm32cubeide/plugins/com.st.stm32cube.ide.mcu.externaltools.gnu-tools-for-stm32.9-2020-q2-update.win32_1.5.0.202011040924/tools/bin/../lib/gcc/arm-none-eabi/9.3.1/thumb/v7e-m+fp/hard/crti.o
                0x00000000080085c0                _init
 .init          0x00000000080085c4        0x8 c:/st/stm32cubeide_1.6.1/stm32cubeide/plugins/com.st.stm32cube.ide.mcu.externaltools.gnu-tools-for-stm32.9-2020-q2-update.win32_1.5.0.202011040924/tools/bin/../lib/gcc/arm-none-eabi/9.3.1/thumb/v7e-m+fp/hard/crtn.o
 *(.fini)
 .fini          0x00000000080085cc        0x4 c:/st/stm32cubeide_1.6.1/stm32cubeide/plugins/com.st.stm32cube.ide.mcu.externaltools.gnu-tools-for-stm32.9-2020-q2-update.win32_1.5.0.202011040924/tools/bin/../lib/gcc/arm-none-eabi/9.3.1/thumb/v7e-m+fp/hard/crti.o
                0x00000000080085cc                _fini
 .fini          0x00000000080085d0        0x8 c:/st/stm32cubeide_1.6.1/stm32cubeide/plugins/com.st.stm32cube.ide.mcu.externaltools.gnu-tools-for-stm32.9-2020-q2-update.win32_1.5.0.202011040924/tools/bin/../lib/gcc/arm-none-eabi/9.3.1/thumb/v7e-m+fp/hard/crtn.o
                0x00000000080085d8                . = ALIGN (0x4)
                0x00000000080085d8                _etext = .

.vfp11_veneer   0x00000000080085d8        0x0
 .vfp11_veneer  0x00000000080085d8        0x0 linker stubs

.v4_bx          0x00000000080085d8        0x0
 .v4_bx         0x00000000080085d8        0x0 linker stubs

.iplt           0x00000000080085d8        0x0
 .iplt          0x00000000080085d8        0x0 c:/st/stm32cubeide_1.6.1/stm32cubeide/plugins/com.st.stm32cube.ide.mcu.externaltools.gnu-tools-for-stm32.9-2020-q2-update.win32_1.5.0.202011040924/tools/bin/../lib/gcc/arm-none-eabi/9.3.1/thumb/v7e-m+fp/hard/crtbegin.o

.rodata         0x00000000080085d8      0x4b8
                0x00000000080085d8                . = ALIGN (0x4)
 *(.rodata)
 .rodata        0x00000000080085d8        0x1 Core/Src/main.o
 *fill*         0x00000000080085d9        0x3 
 .rodata        0x00000000080085dc       0x48 Middlewares/Third_Party/FatFs/src/ff.o
 *(.rodata*)
 .rodata.AHBPrescTable
                0x0000000008008624       0x10 Core/Src/system_stm32f7xx.o
                0x0000000008008624                AHBPrescTable
 .rodata.APBPrescTable
                0x0000000008008634        0x8 Core/Src/system_stm32f7xx.o
                0x0000000008008634                APBPrescTable
 .rodata.SD_Driver
                0x000000000800863c       0x14 FATFS/Target/sd_diskio.o
                0x000000000800863c                SD_Driver
 .rodata.ExCvt  0x0000000008008650       0x80 Middlewares/Third_Party/FatFs/src/ff.o
 .rodata.LfnOfs
                0x00000000080086d0        0xd Middlewares/Third_Party/FatFs/src/ff.o
 *fill*         0x00000000080086dd        0x3 
 .rodata.Tbl    0x00000000080086e0      0x100 Middlewares/Third_Party/FatFs/src/option/ccsbcs.o
 .rodata.cvt1.10039
                0x00000000080087e0      0x1f2 Middlewares/Third_Party/FatFs/src/option/ccsbcs.o
 *fill*         0x00000000080089d2        0x2 
 .rodata.cvt2.10040
                0x00000000080089d4       0xbc Middlewares/Third_Party/FatFs/src/option/ccsbcs.o
                0x0000000008008a90                . = ALIGN (0x4)

.ARM.extab      0x0000000008008a90        0x0
                0x0000000008008a90                . = ALIGN (0x4)
 *(.ARM.extab* .gnu.linkonce.armextab.*)
                0x0000000008008a90                . = ALIGN (0x4)

.ARM            0x0000000008008a90        0x8
                0x0000000008008a90                . = ALIGN (0x4)
                0x0000000008008a90                __exidx_start = .
 *(.ARM.exidx*)
 .ARM.exidx     0x0000000008008a90        0x8 c:/st/stm32cubeide_1.6.1/stm32cubeide/plugins/com.st.stm32cube.ide.mcu.externaltools.gnu-tools-for-stm32.9-2020-q2-update.win32_1.5.0.202011040924/tools/bin/../lib/gcc/arm-none-eabi/9.3.1/thumb/v7e-m+fp/hard\libgcc.a(_udivmoddi4.o)
                0x0000000008008a98                __exidx_end = .
                0x0000000008008a98                . = ALIGN (0x4)

.rel.dyn        0x0000000008008a98        0x0
 .rel.iplt      0x0000000008008a98        0x0 c:/st/stm32cubeide_1.6.1/stm32cubeide/plugins/com.st.stm32cube.ide.mcu.externaltools.gnu-tools-for-stm32.9-2020-q2-update.win32_1.5.0.202011040924/tools/bin/../lib/gcc/arm-none-eabi/9.3.1/thumb/v7e-m+fp/hard/crtbegin.o

.preinit_array  0x0000000008008a98        0x0
                0x0000000008008a98                . = ALIGN (0x4)
                0x0000000008008a98                PROVIDE (__preinit_array_start = .)
 *(.preinit_array*)
                0x0000000008008a98                PROVIDE (__preinit_array_end = .)
                0x0000000008008a98                . = ALIGN (0x4)

.init_array     0x0000000008008a98        0x4
                0x0000000008008a98                . = ALIGN (0x4)
                0x0000000008008a98                PROVIDE (__init_array_start = .)
 *(SORT_BY_NAME(.init_array.*))
 *(.init_array*)
 .init_array    0x0000000008008a98        0x4 c:/st/stm32cubeide_1.6.1/stm32cubeide/plugins/com.st.stm32cube.ide.mcu.externaltools.gnu-tools-for-stm32.9-2020-q2-update.win32_1.5.0.202011040924/tools/bin/../lib/gcc/arm-none-eabi/9.3.1/thumb/v7e-m+fp/hard/crtbegin.o
                0x0000000008008a9c                PROVIDE (__init_array_end = .)
                0x0000000008008a9c                . = ALIGN (0x4)

.fini_array     0x0000000008008a9c        0x4
                0x0000000008008a9c                . = ALIGN (0x4)
                [!provide]                        PROVIDE (__fini_array_start = .)
 *(SORT_BY_NAME(.fini_array.*))
 *(.fini_array*)
 .fini_array    0x0000000008008a9c        0x4 c:/st/stm32cubeide_1.6.1/stm32cubeide/plugins/com.st.stm32cube.ide.mcu.externaltools.gnu-tools-for-stm32.9-2020-q2-update.win32_1.5.0.202011040924/tools/bin/../lib/gcc/arm-none-eabi/9.3.1/thumb/v7e-m+fp/hard/crtbegin.o
                [!provide]                        PROVIDE (__fini_array_end = .)
                0x0000000008008aa0                . = ALIGN (0x4)
                0x0000000008008aa0                _sidata = LOADADDR (.data)

.data           0x0000000020000000      0x12c load address 0x0000000008008aa0
                0x0000000020000000                . = ALIGN (0x4)
                0x0000000020000000                _sdata = .
 *(.data)
 *(.data*)
 .data.audio_filenames
                0x0000000020000000      0x120 Core/Src/main.o
                0x0000000020000000                audio_filenames
 .data.SystemCoreClock
                0x0000000020000120        0x4 Core/Src/system_stm32f7xx.o
                0x0000000020000120                SystemCoreClock
 .data.uwTickPrio
                0x0000000020000124        0x4 Drivers/STM32F7xx_HAL_Driver/Src/stm32f7xx_hal.o
                0x0000000020000124                uwTickPrio
 .data.uwTickFreq
                0x0000000020000128        0x1 Drivers/STM32F7xx_HAL_Driver/Src/stm32f7xx_hal.o
                0x0000000020000128                uwTickFreq
 .data.Stat     0x0000000020000129        0x1 FATFS/Target/sd_diskio.o
 *(.RamFunc)
 *(.RamFunc*)
                0x000000002000012c                . = ALIGN (0x4)
 *fill*         0x000000002000012a        0x2 
                0x000000002000012c                _edata = .

.igot.plt       0x000000002000012c        0x0 load address 0x0000000008008bcc
 .igot.plt      0x000000002000012c        0x0 c:/st/stm32cubeide_1.6.1/stm32cubeide/plugins/com.st.stm32cube.ide.mcu.externaltools.gnu-tools-for-stm32.9-2020-q2-update.win32_1.5.0.202011040924/tools/bin/../lib/gcc/arm-none-eabi/9.3.1/thumb/v7e-m+fp/hard/crtbegin.o
                0x000000002000012c                . = ALIGN (0x4)

.bss            0x000000002000012c    0x1fe98 load address 0x0000000008008bcc
                0x000000002000012c                _sbss = .
                0x000000002000012c                __bss_start__ = _sbss
 *(.bss)
 .bss           0x000000002000012c       0x1c c:/st/stm32cubeide_1.6.1/stm32cubeide/plugins/com.st.stm32cube.ide.mcu.externaltools.gnu-tools-for-stm32.9-2020-q2-update.win32_1.5.0.202011040924/tools/bin/../lib/gcc/arm-none-eabi/9.3.1/thumb/v7e-m+fp/hard/crtbegin.o
 *(.bss*)
 .bss.FatFs     0x0000000020000148        0x4 Middlewares/Third_Party/FatFs/src/ff.o
 .bss.Fsid      0x000000002000014c        0x2 Middlewares/Third_Party/FatFs/src/ff.o
 *fill*         0x000000002000014e        0x2 
 .bss.Files     0x0000000020000150       0x20 Middlewares/Third_Party/FatFs/src/ff.o
 .bss.disk      0x0000000020000170        0xc Middlewares/Third_Party/FatFs/src/ff_gen_drv.o
                0x0000000020000170                disk
 *(COMMON)
 COMMON         0x000000002000017c    0x1f9d8 Core/Src/main.o
                0x000000002000017c                myFile
                0x00000000200003ac                bytesRead
                0x00000000200003b0                hsd1
                0x0000000020000434                DAC_REG
                0x0000000020000438                AUDIO_BUFFER
                0x000000002000fe38                huart1
                0x000000002000febc                key_info
                0x000000002000fec4                SDFatFs
                0x00000000200100f8                DATA_BUFFER
                0x000000002001faf8                htim2
                0x000000002001fb44                res
                0x000000002001fb48                key_ID
                0x000000002001fb4e                keypress
                0x000000002001fb50                AUDIO_PTR
 COMMON         0x000000002001fb54        0x4 Drivers/STM32F7xx_HAL_Driver/Src/stm32f7xx_hal.o
                0x000000002001fb54                uwTick
 COMMON         0x000000002001fb58      0x46c FATFS/App/fatfs.o
                0x000000002001fb58                retSD
                0x000000002001fb5c                SDPath
                0x000000002001fb60                SDFile
                0x000000002001fd90                SDFatFS
                0x000000002001ffc4                . = ALIGN (0x4)
                0x000000002001ffc4                _ebss = .
                0x000000002001ffc4                __bss_end__ = _ebss

._user_heap_stack
                0x000000002001ffc4      0x604 load address 0x0000000008008bcc
                0x000000002001ffc8                . = ALIGN (0x8)
 *fill*         0x000000002001ffc4        0x4 
                [!provide]                        PROVIDE (end = .)
                0x000000002001ffc8                PROVIDE (_end = .)
                0x00000000200201c8                . = (. + _Min_Heap_Size)
 *fill*         0x000000002001ffc8      0x200 
                0x00000000200205c8                . = (. + _Min_Stack_Size)
 *fill*         0x00000000200201c8      0x400 
                0x00000000200205c8                . = ALIGN (0x8)

/DISCARD/
 libc.a(*)
 libm.a(*)
 libgcc.a(*)

.ARM.attributes
                0x0000000000000000       0x30
 *(.ARM.attributes)
 .ARM.attributes
                0x0000000000000000       0x1e c:/st/stm32cubeide_1.6.1/stm32cubeide/plugins/com.st.stm32cube.ide.mcu.externaltools.gnu-tools-for-stm32.9-2020-q2-update.win32_1.5.0.202011040924/tools/bin/../lib/gcc/arm-none-eabi/9.3.1/thumb/v7e-m+fp/hard/crti.o
 .ARM.attributes
                0x000000000000001e       0x34 c:/st/stm32cubeide_1.6.1/stm32cubeide/plugins/com.st.stm32cube.ide.mcu.externaltools.gnu-tools-for-stm32.9-2020-q2-update.win32_1.5.0.202011040924/tools/bin/../lib/gcc/arm-none-eabi/9.3.1/thumb/v7e-m+fp/hard/crtbegin.o
 .ARM.attributes
                0x0000000000000052       0x34 Core/Src/main.o
 .ARM.attributes
                0x0000000000000086       0x34 Core/Src/stm32f7xx_hal_msp.o
 .ARM.attributes
                0x00000000000000ba       0x34 Core/Src/stm32f7xx_it.o
 .ARM.attributes
                0x00000000000000ee       0x34 Core/Src/system_stm32f7xx.o
 .ARM.attributes
                0x0000000000000122       0x21 Core/Startup/startup_stm32f746nghx.o
 .ARM.attributes
                0x0000000000000143       0x34 Drivers/STM32F7xx_HAL_Driver/Src/stm32f7xx_hal.o
 .ARM.attributes
                0x0000000000000177       0x34 Drivers/STM32F7xx_HAL_Driver/Src/stm32f7xx_hal_cortex.o
 .ARM.attributes
                0x00000000000001ab       0x34 Drivers/STM32F7xx_HAL_Driver/Src/stm32f7xx_hal_gpio.o
 .ARM.attributes
                0x00000000000001df       0x34 Drivers/STM32F7xx_HAL_Driver/Src/stm32f7xx_hal_pwr_ex.o
 .ARM.attributes
                0x0000000000000213       0x34 Drivers/STM32F7xx_HAL_Driver/Src/stm32f7xx_hal_rcc.o
 .ARM.attributes
                0x0000000000000247       0x34 Drivers/STM32F7xx_HAL_Driver/Src/stm32f7xx_hal_rcc_ex.o
 .ARM.attributes
                0x000000000000027b       0x34 Drivers/STM32F7xx_HAL_Driver/Src/stm32f7xx_hal_sd.o
 .ARM.attributes
                0x00000000000002af       0x34 Drivers/STM32F7xx_HAL_Driver/Src/stm32f7xx_hal_tim.o
 .ARM.attributes
                0x00000000000002e3       0x34 Drivers/STM32F7xx_HAL_Driver/Src/stm32f7xx_hal_tim_ex.o
 .ARM.attributes
                0x0000000000000317       0x34 Drivers/STM32F7xx_HAL_Driver/Src/stm32f7xx_hal_uart.o
 .ARM.attributes
                0x000000000000034b       0x34 Drivers/STM32F7xx_HAL_Driver/Src/stm32f7xx_ll_sdmmc.o
 .ARM.attributes
                0x000000000000037f       0x34 FATFS/App/fatfs.o
 .ARM.attributes
                0x00000000000003b3       0x34 FATFS/Target/bsp_driver_sd.o
 .ARM.attributes
                0x00000000000003e7       0x34 FATFS/Target/sd_diskio.o
 .ARM.attributes
                0x000000000000041b       0x34 Middlewares/Third_Party/FatFs/src/diskio.o
 .ARM.attributes
                0x000000000000044f       0x34 Middlewares/Third_Party/FatFs/src/ff.o
 .ARM.attributes
                0x0000000000000483       0x34 Middlewares/Third_Party/FatFs/src/ff_gen_drv.o
 .ARM.attributes
                0x00000000000004b7       0x34 Middlewares/Third_Party/FatFs/src/option/ccsbcs.o
 .ARM.attributes
                0x00000000000004eb       0x34 c:/st/stm32cubeide_1.6.1/stm32cubeide/plugins/com.st.stm32cube.ide.mcu.externaltools.gnu-tools-for-stm32.9-2020-q2-update.win32_1.5.0.202011040924/tools/bin/../lib/gcc/arm-none-eabi/9.3.1/../../../../arm-none-eabi/lib/thumb/v7e-m+fp/hard\libc_nano.a(lib_a-init.o)
 .ARM.attributes
                0x000000000000051f       0x34 c:/st/stm32cubeide_1.6.1/stm32cubeide/plugins/com.st.stm32cube.ide.mcu.externaltools.gnu-tools-for-stm32.9-2020-q2-update.win32_1.5.0.202011040924/tools/bin/../lib/gcc/arm-none-eabi/9.3.1/../../../../arm-none-eabi/lib/thumb/v7e-m+fp/hard\libc_nano.a(lib_a-memset.o)
 .ARM.attributes
                0x0000000000000553       0x1e c:/st/stm32cubeide_1.6.1/stm32cubeide/plugins/com.st.stm32cube.ide.mcu.externaltools.gnu-tools-for-stm32.9-2020-q2-update.win32_1.5.0.202011040924/tools/bin/../lib/gcc/arm-none-eabi/9.3.1/thumb/v7e-m+fp/hard\libgcc.a(_aeabi_uldivmod.o)
 .ARM.attributes
                0x0000000000000571       0x34 c:/st/stm32cubeide_1.6.1/stm32cubeide/plugins/com.st.stm32cube.ide.mcu.externaltools.gnu-tools-for-stm32.9-2020-q2-update.win32_1.5.0.202011040924/tools/bin/../lib/gcc/arm-none-eabi/9.3.1/thumb/v7e-m+fp/hard\libgcc.a(_udivmoddi4.o)
 .ARM.attributes
                0x00000000000005a5       0x1e c:/st/stm32cubeide_1.6.1/stm32cubeide/plugins/com.st.stm32cube.ide.mcu.externaltools.gnu-tools-for-stm32.9-2020-q2-update.win32_1.5.0.202011040924/tools/bin/../lib/gcc/arm-none-eabi/9.3.1/thumb/v7e-m+fp/hard\libgcc.a(_dvmd_tls.o)
 .ARM.attributes
                0x00000000000005c3       0x1e c:/st/stm32cubeide_1.6.1/stm32cubeide/plugins/com.st.stm32cube.ide.mcu.externaltools.gnu-tools-for-stm32.9-2020-q2-update.win32_1.5.0.202011040924/tools/bin/../lib/gcc/arm-none-eabi/9.3.1/thumb/v7e-m+fp/hard/crtn.o
OUTPUT(DAC_Custom.elf elf32-littlearm)
LOAD linker stubs
LOAD c:/st/stm32cubeide_1.6.1/stm32cubeide/plugins/com.st.stm32cube.ide.mcu.externaltools.gnu-tools-for-stm32.9-2020-q2-update.win32_1.5.0.202011040924/tools/bin/../lib/gcc/arm-none-eabi/9.3.1/../../../../arm-none-eabi/lib/thumb/v7e-m+fp/hard\libc.a
LOAD c:/st/stm32cubeide_1.6.1/stm32cubeide/plugins/com.st.stm32cube.ide.mcu.externaltools.gnu-tools-for-stm32.9-2020-q2-update.win32_1.5.0.202011040924/tools/bin/../lib/gcc/arm-none-eabi/9.3.1/../../../../arm-none-eabi/lib/thumb/v7e-m+fp/hard\libm.a
LOAD c:/st/stm32cubeide_1.6.1/stm32cubeide/plugins/com.st.stm32cube.ide.mcu.externaltools.gnu-tools-for-stm32.9-2020-q2-update.win32_1.5.0.202011040924/tools/bin/../lib/gcc/arm-none-eabi/9.3.1/thumb/v7e-m+fp/hard\libgcc.a

.debug_info     0x0000000000000000    0x19b7c
 .debug_info    0x0000000000000000     0x2ea8 Core/Src/main.o
 .debug_info    0x0000000000002ea8     0x15a9 Core/Src/stm32f7xx_hal_msp.o
 .debug_info    0x0000000000004451      0x89b Core/Src/stm32f7xx_it.o
 .debug_info    0x0000000000004cec      0x7ad Core/Src/system_stm32f7xx.o
 .debug_info    0x0000000000005499       0x22 Core/Startup/startup_stm32f746nghx.o
 .debug_info    0x00000000000054bb      0xaba Drivers/STM32F7xx_HAL_Driver/Src/stm32f7xx_hal.o
 .debug_info    0x0000000000005f75     0x1116 Drivers/STM32F7xx_HAL_Driver/Src/stm32f7xx_hal_cortex.o
 .debug_info    0x000000000000708b      0x868 Drivers/STM32F7xx_HAL_Driver/Src/stm32f7xx_hal_gpio.o
 .debug_info    0x00000000000078f3      0x9f6 Drivers/STM32F7xx_HAL_Driver/Src/stm32f7xx_hal_pwr_ex.o
 .debug_info    0x00000000000082e9      0x9cc Drivers/STM32F7xx_HAL_Driver/Src/stm32f7xx_hal_rcc.o
 .debug_info    0x0000000000008cb5      0x82c Drivers/STM32F7xx_HAL_Driver/Src/stm32f7xx_hal_rcc_ex.o
 .debug_info    0x00000000000094e1     0x1a4b Drivers/STM32F7xx_HAL_Driver/Src/stm32f7xx_hal_sd.o
 .debug_info    0x000000000000af2c     0x2bad Drivers/STM32F7xx_HAL_Driver/Src/stm32f7xx_hal_tim.o
 .debug_info    0x000000000000dad9     0x1608 Drivers/STM32F7xx_HAL_Driver/Src/stm32f7xx_hal_tim_ex.o
 .debug_info    0x000000000000f0e1     0x194c Drivers/STM32F7xx_HAL_Driver/Src/stm32f7xx_hal_uart.o
 .debug_info    0x0000000000010a2d     0x1249 Drivers/STM32F7xx_HAL_Driver/Src/stm32f7xx_ll_sdmmc.o
 .debug_info    0x0000000000011c76      0xe88 FATFS/App/fatfs.o
 .debug_info    0x0000000000012afe      0xad4 FATFS/Target/bsp_driver_sd.o
 .debug_info    0x00000000000135d2      0xde7 FATFS/Target/sd_diskio.o
 .debug_info    0x00000000000143b9      0xda8 Middlewares/Third_Party/FatFs/src/diskio.o
 .debug_info    0x0000000000015161     0x316c Middlewares/Third_Party/FatFs/src/ff.o
 .debug_info    0x00000000000182cd      0xd39 Middlewares/Third_Party/FatFs/src/ff_gen_drv.o
 .debug_info    0x0000000000019006      0xb76 Middlewares/Third_Party/FatFs/src/option/ccsbcs.o

.debug_abbrev   0x0000000000000000     0x3154
 .debug_abbrev  0x0000000000000000      0x3db Core/Src/main.o
 .debug_abbrev  0x00000000000003db      0x1d9 Core/Src/stm32f7xx_hal_msp.o
 .debug_abbrev  0x00000000000005b4      0x1aa Core/Src/stm32f7xx_it.o
 .debug_abbrev  0x000000000000075e      0x165 Core/Src/system_stm32f7xx.o
 .debug_abbrev  0x00000000000008c3       0x12 Core/Startup/startup_stm32f746nghx.o
 .debug_abbrev  0x00000000000008d5      0x1ed Drivers/STM32F7xx_HAL_Driver/Src/stm32f7xx_hal.o
 .debug_abbrev  0x0000000000000ac2      0x33c Drivers/STM32F7xx_HAL_Driver/Src/stm32f7xx_hal_cortex.o
 .debug_abbrev  0x0000000000000dfe      0x1f1 Drivers/STM32F7xx_HAL_Driver/Src/stm32f7xx_hal_gpio.o
 .debug_abbrev  0x0000000000000fef      0x1dc Drivers/STM32F7xx_HAL_Driver/Src/stm32f7xx_hal_pwr_ex.o
 .debug_abbrev  0x00000000000011cb      0x246 Drivers/STM32F7xx_HAL_Driver/Src/stm32f7xx_hal_rcc.o
 .debug_abbrev  0x0000000000001411      0x1d1 Drivers/STM32F7xx_HAL_Driver/Src/stm32f7xx_hal_rcc_ex.o
 .debug_abbrev  0x00000000000015e2      0x26d Drivers/STM32F7xx_HAL_Driver/Src/stm32f7xx_hal_sd.o
 .debug_abbrev  0x000000000000184f      0x25e Drivers/STM32F7xx_HAL_Driver/Src/stm32f7xx_hal_tim.o
 .debug_abbrev  0x0000000000001aad      0x266 Drivers/STM32F7xx_HAL_Driver/Src/stm32f7xx_hal_tim_ex.o
 .debug_abbrev  0x0000000000001d13      0x23f Drivers/STM32F7xx_HAL_Driver/Src/stm32f7xx_hal_uart.o
 .debug_abbrev  0x0000000000001f52      0x1ec Drivers/STM32F7xx_HAL_Driver/Src/stm32f7xx_ll_sdmmc.o
 .debug_abbrev  0x000000000000213e      0x209 FATFS/App/fatfs.o
 .debug_abbrev  0x0000000000002347      0x24a FATFS/Target/bsp_driver_sd.o
 .debug_abbrev  0x0000000000002591      0x228 FATFS/Target/sd_diskio.o
 .debug_abbrev  0x00000000000027b9      0x237 Middlewares/Third_Party/FatFs/src/diskio.o
 .debug_abbrev  0x00000000000029f0      0x2e1 Middlewares/Third_Party/FatFs/src/ff.o
 .debug_abbrev  0x0000000000002cd1      0x268 Middlewares/Third_Party/FatFs/src/ff_gen_drv.o
 .debug_abbrev  0x0000000000002f39      0x21b Middlewares/Third_Party/FatFs/src/option/ccsbcs.o

.debug_aranges  0x0000000000000000     0x13d0
 .debug_aranges
                0x0000000000000000       0xa0 Core/Src/main.o
 .debug_aranges
                0x00000000000000a0       0x50 Core/Src/stm32f7xx_hal_msp.o
 .debug_aranges
                0x00000000000000f0       0x78 Core/Src/stm32f7xx_it.o
 .debug_aranges
                0x0000000000000168       0x28 Core/Src/system_stm32f7xx.o
 .debug_aranges
                0x0000000000000190       0x28 Core/Startup/startup_stm32f746nghx.o
 .debug_aranges
                0x00000000000001b8      0x100 Drivers/STM32F7xx_HAL_Driver/Src/stm32f7xx_hal.o
 .debug_aranges
                0x00000000000002b8      0x118 Drivers/STM32F7xx_HAL_Driver/Src/stm32f7xx_hal_cortex.o
 .debug_aranges
                0x00000000000003d0       0x58 Drivers/STM32F7xx_HAL_Driver/Src/stm32f7xx_hal_gpio.o
 .debug_aranges
                0x0000000000000428       0x80 Drivers/STM32F7xx_HAL_Driver/Src/stm32f7xx_hal_pwr_ex.o
 .debug_aranges
                0x00000000000004a8       0x88 Drivers/STM32F7xx_HAL_Driver/Src/stm32f7xx_hal_rcc.o
 .debug_aranges
                0x0000000000000530       0x50 Drivers/STM32F7xx_HAL_Driver/Src/stm32f7xx_hal_rcc_ex.o
 .debug_aranges
                0x0000000000000580      0x168 Drivers/STM32F7xx_HAL_Driver/Src/stm32f7xx_hal_sd.o
 .debug_aranges
                0x00000000000006e8      0x3e0 Drivers/STM32F7xx_HAL_Driver/Src/stm32f7xx_hal_tim.o
 .debug_aranges
                0x0000000000000ac8      0x178 Drivers/STM32F7xx_HAL_Driver/Src/stm32f7xx_hal_tim_ex.o
 .debug_aranges
                0x0000000000000c40      0x228 Drivers/STM32F7xx_HAL_Driver/Src/stm32f7xx_hal_uart.o
 .debug_aranges
                0x0000000000000e68      0x180 Drivers/STM32F7xx_HAL_Driver/Src/stm32f7xx_ll_sdmmc.o
 .debug_aranges
                0x0000000000000fe8       0x28 FATFS/App/fatfs.o
 .debug_aranges
                0x0000000000001010       0x98 FATFS/Target/bsp_driver_sd.o
 .debug_aranges
                0x00000000000010a8       0x48 FATFS/Target/sd_diskio.o
 .debug_aranges
                0x00000000000010f0       0x48 Middlewares/Third_Party/FatFs/src/diskio.o
 .debug_aranges
                0x0000000000001138      0x230 Middlewares/Third_Party/FatFs/src/ff.o
 .debug_aranges
                0x0000000000001368       0x40 Middlewares/Third_Party/FatFs/src/ff_gen_drv.o
 .debug_aranges
                0x00000000000013a8       0x28 Middlewares/Third_Party/FatFs/src/option/ccsbcs.o

.debug_ranges   0x0000000000000000     0x1298
 .debug_ranges  0x0000000000000000       0x90 Core/Src/main.o
 .debug_ranges  0x0000000000000090       0x40 Core/Src/stm32f7xx_hal_msp.o
 .debug_ranges  0x00000000000000d0       0x68 Core/Src/stm32f7xx_it.o
 .debug_ranges  0x0000000000000138       0x18 Core/Src/system_stm32f7xx.o
 .debug_ranges  0x0000000000000150       0x20 Core/Startup/startup_stm32f746nghx.o
 .debug_ranges  0x0000000000000170       0xf0 Drivers/STM32F7xx_HAL_Driver/Src/stm32f7xx_hal.o
 .debug_ranges  0x0000000000000260      0x108 Drivers/STM32F7xx_HAL_Driver/Src/stm32f7xx_hal_cortex.o
 .debug_ranges  0x0000000000000368       0x48 Drivers/STM32F7xx_HAL_Driver/Src/stm32f7xx_hal_gpio.o
 .debug_ranges  0x00000000000003b0       0x70 Drivers/STM32F7xx_HAL_Driver/Src/stm32f7xx_hal_pwr_ex.o
 .debug_ranges  0x0000000000000420       0x78 Drivers/STM32F7xx_HAL_Driver/Src/stm32f7xx_hal_rcc.o
 .debug_ranges  0x0000000000000498       0x40 Drivers/STM32F7xx_HAL_Driver/Src/stm32f7xx_hal_rcc_ex.o
 .debug_ranges  0x00000000000004d8      0x158 Drivers/STM32F7xx_HAL_Driver/Src/stm32f7xx_hal_sd.o
 .debug_ranges  0x0000000000000630      0x3d0 Drivers/STM32F7xx_HAL_Driver/Src/stm32f7xx_hal_tim.o
 .debug_ranges  0x0000000000000a00      0x168 Drivers/STM32F7xx_HAL_Driver/Src/stm32f7xx_hal_tim_ex.o
 .debug_ranges  0x0000000000000b68      0x248 Drivers/STM32F7xx_HAL_Driver/Src/stm32f7xx_hal_uart.o
 .debug_ranges  0x0000000000000db0      0x170 Drivers/STM32F7xx_HAL_Driver/Src/stm32f7xx_ll_sdmmc.o
 .debug_ranges  0x0000000000000f20       0x18 FATFS/App/fatfs.o
 .debug_ranges  0x0000000000000f38       0x88 FATFS/Target/bsp_driver_sd.o
 .debug_ranges  0x0000000000000fc0       0x38 FATFS/Target/sd_diskio.o
 .debug_ranges  0x0000000000000ff8       0x38 Middlewares/Third_Party/FatFs/src/diskio.o
 .debug_ranges  0x0000000000001030      0x220 Middlewares/Third_Party/FatFs/src/ff.o
 .debug_ranges  0x0000000000001250       0x30 Middlewares/Third_Party/FatFs/src/ff_gen_drv.o
 .debug_ranges  0x0000000000001280       0x18 Middlewares/Third_Party/FatFs/src/option/ccsbcs.o

.debug_macro    0x0000000000000000    0x284f8
 .debug_macro   0x0000000000000000      0x353 Core/Src/main.o
 .debug_macro   0x0000000000000353      0xaa8 Core/Src/main.o
 .debug_macro   0x0000000000000dfb      0x299 Core/Src/main.o
 .debug_macro   0x0000000000001094       0x2e Core/Src/main.o
 .debug_macro   0x00000000000010c2       0x3b Core/Src/main.o
 .debug_macro   0x00000000000010fd       0x22 Core/Src/main.o
 .debug_macro   0x000000000000111f       0x8e Core/Src/main.o
 .debug_macro   0x00000000000011ad       0x51 Core/Src/main.o
 .debug_macro   0x00000000000011fe      0x103 Core/Src/main.o
 .debug_macro   0x0000000000001301       0x6a Core/Src/main.o
 .debug_macro   0x000000000000136b      0x1df Core/Src/main.o
 .debug_macro   0x000000000000154a       0x1c Core/Src/main.o
 .debug_macro   0x0000000000001566       0x22 Core/Src/main.o
 .debug_macro   0x0000000000001588       0xdf Core/Src/main.o
 .debug_macro   0x0000000000001667     0x12cd Core/Src/main.o
 .debug_macro   0x0000000000002934      0x11f Core/Src/main.o
 .debug_macro   0x0000000000002a53       0x19 Core/Src/main.o
 .debug_macro   0x0000000000002a6c    0x191cb Core/Src/main.o
 .debug_macro   0x000000000001bc37       0x43 Core/Src/main.o
 .debug_macro   0x000000000001bc7a     0x36c9 Core/Src/main.o
 .debug_macro   0x000000000001f343      0x174 Core/Src/main.o
 .debug_macro   0x000000000001f4b7       0x63 Core/Src/main.o
 .debug_macro   0x000000000001f51a     0x18ad Core/Src/main.o
 .debug_macro   0x0000000000020dc7      0x6c4 Core/Src/main.o
 .debug_macro   0x000000000002148b      0x185 Core/Src/main.o
 .debug_macro   0x0000000000021610      0x117 Core/Src/main.o
 .debug_macro   0x0000000000021727      0x1fe Core/Src/main.o
 .debug_macro   0x0000000000021925       0x27 Core/Src/main.o
 .debug_macro   0x000000000002194c      0x24f Core/Src/main.o
 .debug_macro   0x0000000000021b9b       0x41 Core/Src/main.o
 .debug_macro   0x0000000000021bdc       0x58 Core/Src/main.o
 .debug_macro   0x0000000000021c34      0x236 Core/Src/main.o
 .debug_macro   0x0000000000021e6a      0x14f Core/Src/main.o
 .debug_macro   0x0000000000021fb9      0x25b Core/Src/main.o
 .debug_macro   0x0000000000022214       0x12 Core/Src/main.o
 .debug_macro   0x0000000000022226      0x22c Core/Src/main.o
 .debug_macro   0x0000000000022452       0x61 Core/Src/main.o
 .debug_macro   0x00000000000224b3       0xa5 Core/Src/main.o
 .debug_macro   0x0000000000022558      0x12f Core/Src/main.o
 .debug_macro   0x0000000000022687      0x108 Core/Src/main.o
 .debug_macro   0x000000000002278f       0x35 Core/Src/main.o
 .debug_macro   0x00000000000227c4      0x773 Core/Src/main.o
 .debug_macro   0x0000000000022f37      0x1d5 Core/Src/main.o
 .debug_macro   0x000000000002310c      0xa60 Core/Src/main.o
 .debug_macro   0x0000000000023b6c       0x59 Core/Src/main.o
 .debug_macro   0x0000000000023bc5      0x558 Core/Src/main.o
 .debug_macro   0x000000000002411d       0x44 Core/Src/main.o
 .debug_macro   0x0000000000024161      0x14e Core/Src/main.o
 .debug_macro   0x00000000000242af       0x40 Core/Src/main.o
 .debug_macro   0x00000000000242ef       0xe5 Core/Src/main.o
 .debug_macro   0x00000000000243d4       0x18 Core/Src/main.o
 .debug_macro   0x00000000000243ec       0x52 Core/Src/main.o
 .debug_macro   0x000000000002443e       0x3c Core/Src/main.o
 .debug_macro   0x000000000002447a       0x34 Core/Src/main.o
 .debug_macro   0x00000000000244ae       0x16 Core/Src/main.o
 .debug_macro   0x00000000000244c4       0x35 Core/Src/main.o
 .debug_macro   0x00000000000244f9       0x16 Core/Src/main.o
 .debug_macro   0x000000000002450f       0x43 Core/Src/main.o
 .debug_macro   0x0000000000024552       0x34 Core/Src/main.o
 .debug_macro   0x0000000000024586       0x10 Core/Src/main.o
 .debug_macro   0x0000000000024596       0x58 Core/Src/main.o
 .debug_macro   0x00000000000245ee       0x71 Core/Src/main.o
 .debug_macro   0x000000000002465f       0x1c Core/Src/main.o
 .debug_macro   0x000000000002467b      0x12a Core/Src/main.o
 .debug_macro   0x00000000000247a5      0x333 Core/Src/main.o
 .debug_macro   0x0000000000024ad8       0x16 Core/Src/main.o
 .debug_macro   0x0000000000024aee       0x29 Core/Src/main.o
 .debug_macro   0x0000000000024b17       0x12 Core/Src/main.o
 .debug_macro   0x0000000000024b29       0xe2 Core/Src/main.o
 .debug_macro   0x0000000000024c0b       0x8e Core/Src/main.o
 .debug_macro   0x0000000000024c99      0x1a9 Core/Src/main.o
 .debug_macro   0x0000000000024e42      0x206 Core/Src/stm32f7xx_hal_msp.o
 .debug_macro   0x0000000000025048      0x210 Core/Src/stm32f7xx_it.o
 .debug_macro   0x0000000000025258      0x1fc Core/Src/system_stm32f7xx.o
 .debug_macro   0x0000000000025454      0x220 Drivers/STM32F7xx_HAL_Driver/Src/stm32f7xx_hal.o
 .debug_macro   0x0000000000025674      0x1fc Drivers/STM32F7xx_HAL_Driver/Src/stm32f7xx_hal_cortex.o
 .debug_macro   0x0000000000025870      0x232 Drivers/STM32F7xx_HAL_Driver/Src/stm32f7xx_hal_gpio.o
 .debug_macro   0x0000000000025aa2      0x214 Drivers/STM32F7xx_HAL_Driver/Src/stm32f7xx_hal_pwr_ex.o
 .debug_macro   0x0000000000025cb6      0x220 Drivers/STM32F7xx_HAL_Driver/Src/stm32f7xx_hal_rcc.o
 .debug_macro   0x0000000000025ed6      0x1fc Drivers/STM32F7xx_HAL_Driver/Src/stm32f7xx_hal_rcc_ex.o
 .debug_macro   0x00000000000260d2      0x1fd Drivers/STM32F7xx_HAL_Driver/Src/stm32f7xx_hal_sd.o
 .debug_macro   0x00000000000262cf      0x1fd Drivers/STM32F7xx_HAL_Driver/Src/stm32f7xx_hal_tim.o
 .debug_macro   0x00000000000264cc      0x1fc Drivers/STM32F7xx_HAL_Driver/Src/stm32f7xx_hal_tim_ex.o
 .debug_macro   0x00000000000266c8      0x219 Drivers/STM32F7xx_HAL_Driver/Src/stm32f7xx_hal_uart.o
 .debug_macro   0x00000000000268e1      0x1fd Drivers/STM32F7xx_HAL_Driver/Src/stm32f7xx_ll_sdmmc.o
 .debug_macro   0x0000000000026ade      0x334 FATFS/App/fatfs.o
 .debug_macro   0x0000000000026e12      0x20b FATFS/Target/bsp_driver_sd.o
 .debug_macro   0x000000000002701d       0x3a FATFS/Target/bsp_driver_sd.o
 .debug_macro   0x0000000000027057      0x337 FATFS/Target/sd_diskio.o
 .debug_macro   0x000000000002738e       0x16 FATFS/Target/sd_diskio.o
 .debug_macro   0x00000000000273a4       0x7c FATFS/Target/sd_diskio.o
 .debug_macro   0x0000000000027420      0x321 Middlewares/Third_Party/FatFs/src/diskio.o
 .debug_macro   0x0000000000027741      0x72f Middlewares/Third_Party/FatFs/src/ff.o
 .debug_macro   0x0000000000027e70       0x58 Middlewares/Third_Party/FatFs/src/ff.o
 .debug_macro   0x0000000000027ec8      0x321 Middlewares/Third_Party/FatFs/src/ff_gen_drv.o
 .debug_macro   0x00000000000281e9      0x30f Middlewares/Third_Party/FatFs/src/option/ccsbcs.o

.debug_line     0x0000000000000000    0x18543
 .debug_line    0x0000000000000000      0xe09 Core/Src/main.o
 .debug_line    0x0000000000000e09      0x809 Core/Src/stm32f7xx_hal_msp.o
 .debug_line    0x0000000000001612      0x828 Core/Src/stm32f7xx_it.o
 .debug_line    0x0000000000001e3a      0x79f Core/Src/system_stm32f7xx.o
 .debug_line    0x00000000000025d9       0x88 Core/Startup/startup_stm32f746nghx.o
 .debug_line    0x0000000000002661      0xa32 Drivers/STM32F7xx_HAL_Driver/Src/stm32f7xx_hal.o
 .debug_line    0x0000000000003093      0xcb6 Drivers/STM32F7xx_HAL_Driver/Src/stm32f7xx_hal_cortex.o
 .debug_line    0x0000000000003d49      0xbb2 Drivers/STM32F7xx_HAL_Driver/Src/stm32f7xx_hal_gpio.o
 .debug_line    0x00000000000048fb      0x9a5 Drivers/STM32F7xx_HAL_Driver/Src/stm32f7xx_hal_pwr_ex.o
 .debug_line    0x00000000000052a0      0xe71 Drivers/STM32F7xx_HAL_Driver/Src/stm32f7xx_hal_rcc.o
 .debug_line    0x0000000000006111      0xe2c Drivers/STM32F7xx_HAL_Driver/Src/stm32f7xx_hal_rcc_ex.o
 .debug_line    0x0000000000006f3d     0x1e26 Drivers/STM32F7xx_HAL_Driver/Src/stm32f7xx_hal_sd.o
 .debug_line    0x0000000000008d63     0x3b70 Drivers/STM32F7xx_HAL_Driver/Src/stm32f7xx_hal_tim.o
 .debug_line    0x000000000000c8d3     0x1afe Drivers/STM32F7xx_HAL_Driver/Src/stm32f7xx_hal_tim_ex.o
 .debug_line    0x000000000000e3d1     0x1d16 Drivers/STM32F7xx_HAL_Driver/Src/stm32f7xx_hal_uart.o
 .debug_line    0x00000000000100e7      0xf72 Drivers/STM32F7xx_HAL_Driver/Src/stm32f7xx_ll_sdmmc.o
 .debug_line    0x0000000000011059      0x91e FATFS/App/fatfs.o
 .debug_line    0x0000000000011977      0x8d1 FATFS/Target/bsp_driver_sd.o
 .debug_line    0x0000000000012248      0xa02 FATFS/Target/sd_diskio.o
 .debug_line    0x0000000000012c4a      0x98f Middlewares/Third_Party/FatFs/src/diskio.o
 .debug_line    0x00000000000135d9     0x3bd0 Middlewares/Third_Party/FatFs/src/ff.o
 .debug_line    0x00000000000171a9      0x9ad Middlewares/Third_Party/FatFs/src/ff_gen_drv.o
 .debug_line    0x0000000000017b56      0x9ed Middlewares/Third_Party/FatFs/src/option/ccsbcs.o

.debug_str      0x0000000000000000    0xf5b86
 .debug_str     0x0000000000000000    0xf0efa Core/Src/main.o
                                      0xf1877 (size before relaxing)
 .debug_str     0x00000000000f0efa       0xac Core/Src/stm32f7xx_hal_msp.o
                                      0xecc74 (size before relaxing)
 .debug_str     0x00000000000f0fa6       0xed Core/Src/stm32f7xx_it.o
                                      0xec1a6 (size before relaxing)
 .debug_str     0x00000000000f1093       0x5b Core/Src/system_stm32f7xx.o
                                      0xebda8 (size before relaxing)
 .debug_str     0x00000000000f10ee       0x36 Core/Startup/startup_stm32f746nghx.o
                                         0x5a (size before relaxing)
 .debug_str     0x00000000000f1124      0x3af Drivers/STM32F7xx_HAL_Driver/Src/stm32f7xx_hal.o
                                      0xec697 (size before relaxing)
 .debug_str     0x00000000000f14d3      0x383 Drivers/STM32F7xx_HAL_Driver/Src/stm32f7xx_hal_cortex.o
                                      0xec716 (size before relaxing)
 .debug_str     0x00000000000f1856      0x244 Drivers/STM32F7xx_HAL_Driver/Src/stm32f7xx_hal_gpio.o
                                      0xebf93 (size before relaxing)
 .debug_str     0x00000000000f1a9a      0x1d1 Drivers/STM32F7xx_HAL_Driver/Src/stm32f7xx_hal_pwr_ex.o
                                      0xec037 (size before relaxing)
 .debug_str     0x00000000000f1c6b      0x255 Drivers/STM32F7xx_HAL_Driver/Src/stm32f7xx_hal_rcc.o
                                      0xec0d8 (size before relaxing)
 .debug_str     0x00000000000f1ec0      0x161 Drivers/STM32F7xx_HAL_Driver/Src/stm32f7xx_hal_rcc_ex.o
                                      0xec062 (size before relaxing)
 .debug_str     0x00000000000f2021      0x6ed Drivers/STM32F7xx_HAL_Driver/Src/stm32f7xx_hal_sd.o
                                      0xec7b7 (size before relaxing)
 .debug_str     0x00000000000f270e      0xde1 Drivers/STM32F7xx_HAL_Driver/Src/stm32f7xx_hal_tim.o
                                      0xed050 (size before relaxing)
 .debug_str     0x00000000000f34ef      0x550 Drivers/STM32F7xx_HAL_Driver/Src/stm32f7xx_hal_tim_ex.o
                                      0xec854 (size before relaxing)
 .debug_str     0x00000000000f3a3f      0x855 Drivers/STM32F7xx_HAL_Driver/Src/stm32f7xx_hal_uart.o
                                      0xec9a8 (size before relaxing)
 .debug_str     0x00000000000f4294      0x45a Drivers/STM32F7xx_HAL_Driver/Src/stm32f7xx_ll_sdmmc.o
                                      0xec162 (size before relaxing)
 .debug_str     0x00000000000f46ee       0x2f FATFS/App/fatfs.o
                                      0xef6c5 (size before relaxing)
 .debug_str     0x00000000000f471d      0x154 FATFS/Target/bsp_driver_sd.o
                                      0xec2c3 (size before relaxing)
 .debug_str     0x00000000000f4871       0xa0 FATFS/Target/sd_diskio.o
                                      0xef6a5 (size before relaxing)
 .debug_str     0x00000000000f4911       0x57 Middlewares/Third_Party/FatFs/src/diskio.o
                                      0xef5e4 (size before relaxing)
 .debug_str     0x00000000000f4968     0x111c Middlewares/Third_Party/FatFs/src/ff.o
                                      0xf08bf (size before relaxing)
 .debug_str     0x00000000000f5a84       0xa2 Middlewares/Third_Party/FatFs/src/ff_gen_drv.o
                                      0xef635 (size before relaxing)
 .debug_str     0x00000000000f5b26       0x60 Middlewares/Third_Party/FatFs/src/option/ccsbcs.o
                                      0xef3cb (size before relaxing)

.comment        0x0000000000000000       0x53
 .comment       0x0000000000000000       0x53 Core/Src/main.o
                                         0x54 (size before relaxing)
 .comment       0x0000000000000053       0x54 Core/Src/stm32f7xx_hal_msp.o
 .comment       0x0000000000000053       0x54 Core/Src/stm32f7xx_it.o
 .comment       0x0000000000000053       0x54 Core/Src/system_stm32f7xx.o
 .comment       0x0000000000000053       0x54 Drivers/STM32F7xx_HAL_Driver/Src/stm32f7xx_hal.o
 .comment       0x0000000000000053       0x54 Drivers/STM32F7xx_HAL_Driver/Src/stm32f7xx_hal_cortex.o
 .comment       0x0000000000000053       0x54 Drivers/STM32F7xx_HAL_Driver/Src/stm32f7xx_hal_gpio.o
 .comment       0x0000000000000053       0x54 Drivers/STM32F7xx_HAL_Driver/Src/stm32f7xx_hal_pwr_ex.o
 .comment       0x0000000000000053       0x54 Drivers/STM32F7xx_HAL_Driver/Src/stm32f7xx_hal_rcc.o
 .comment       0x0000000000000053       0x54 Drivers/STM32F7xx_HAL_Driver/Src/stm32f7xx_hal_rcc_ex.o
 .comment       0x0000000000000053       0x54 Drivers/STM32F7xx_HAL_Driver/Src/stm32f7xx_hal_sd.o
 .comment       0x0000000000000053       0x54 Drivers/STM32F7xx_HAL_Driver/Src/stm32f7xx_hal_tim.o
 .comment       0x0000000000000053       0x54 Drivers/STM32F7xx_HAL_Driver/Src/stm32f7xx_hal_tim_ex.o
 .comment       0x0000000000000053       0x54 Drivers/STM32F7xx_HAL_Driver/Src/stm32f7xx_hal_uart.o
 .comment       0x0000000000000053       0x54 Drivers/STM32F7xx_HAL_Driver/Src/stm32f7xx_ll_sdmmc.o
 .comment       0x0000000000000053       0x54 FATFS/App/fatfs.o
 .comment       0x0000000000000053       0x54 FATFS/Target/bsp_driver_sd.o
 .comment       0x0000000000000053       0x54 FATFS/Target/sd_diskio.o
 .comment       0x0000000000000053       0x54 Middlewares/Third_Party/FatFs/src/diskio.o
 .comment       0x0000000000000053       0x54 Middlewares/Third_Party/FatFs/src/ff.o
 .comment       0x0000000000000053       0x54 Middlewares/Third_Party/FatFs/src/ff_gen_drv.o
 .comment       0x0000000000000053       0x54 Middlewares/Third_Party/FatFs/src/option/ccsbcs.o

.debug_frame    0x0000000000000000     0x5324
 .debug_frame   0x0000000000000000      0x244 Core/Src/main.o
 .debug_frame   0x0000000000000244      0x10c Core/Src/stm32f7xx_hal_msp.o
 .debug_frame   0x0000000000000350      0x15c Core/Src/stm32f7xx_it.o
 .debug_frame   0x00000000000004ac       0x58 Core/Src/system_stm32f7xx.o
 .debug_frame   0x0000000000000504      0x3b4 Drivers/STM32F7xx_HAL_Driver/Src/stm32f7xx_hal.o
 .debug_frame   0x00000000000008b8      0x498 Drivers/STM32F7xx_HAL_Driver/Src/stm32f7xx_hal_cortex.o
 .debug_frame   0x0000000000000d50      0x14c Drivers/STM32F7xx_HAL_Driver/Src/stm32f7xx_hal_gpio.o
 .debug_frame   0x0000000000000e9c      0x1c8 Drivers/STM32F7xx_HAL_Driver/Src/stm32f7xx_hal_pwr_ex.o
 .debug_frame   0x0000000000001064      0x1f0 Drivers/STM32F7xx_HAL_Driver/Src/stm32f7xx_hal_rcc.o
 .debug_frame   0x0000000000001254      0x118 Drivers/STM32F7xx_HAL_Driver/Src/stm32f7xx_hal_rcc_ex.o
 .debug_frame   0x000000000000136c      0x650 Drivers/STM32F7xx_HAL_Driver/Src/stm32f7xx_hal_sd.o
 .debug_frame   0x00000000000019bc     0x1218 Drivers/STM32F7xx_HAL_Driver/Src/stm32f7xx_hal_tim.o
 .debug_frame   0x0000000000002bd4      0x688 Drivers/STM32F7xx_HAL_Driver/Src/stm32f7xx_hal_tim_ex.o
 .debug_frame   0x000000000000325c      0x9dc Drivers/STM32F7xx_HAL_Driver/Src/stm32f7xx_hal_uart.o
 .debug_frame   0x0000000000003c38      0x6a8 Drivers/STM32F7xx_HAL_Driver/Src/stm32f7xx_ll_sdmmc.o
 .debug_frame   0x00000000000042e0       0x4c FATFS/App/fatfs.o
 .debug_frame   0x000000000000432c      0x23c FATFS/Target/bsp_driver_sd.o
 .debug_frame   0x0000000000004568       0xe8 FATFS/Target/sd_diskio.o
 .debug_frame   0x0000000000004650       0xec Middlewares/Third_Party/FatFs/src/diskio.o
 .debug_frame   0x000000000000473c      0xa14 Middlewares/Third_Party/FatFs/src/ff.o
 .debug_frame   0x0000000000005150       0xc8 Middlewares/Third_Party/FatFs/src/ff_gen_drv.o
 .debug_frame   0x0000000000005218       0x60 Middlewares/Third_Party/FatFs/src/option/ccsbcs.o
 .debug_frame   0x0000000000005278       0x2c c:/st/stm32cubeide_1.6.1/stm32cubeide/plugins/com.st.stm32cube.ide.mcu.externaltools.gnu-tools-for-stm32.9-2020-q2-update.win32_1.5.0.202011040924/tools/bin/../lib/gcc/arm-none-eabi/9.3.1/../../../../arm-none-eabi/lib/thumb/v7e-m+fp/hard\libc_nano.a(lib_a-init.o)
 .debug_frame   0x00000000000052a4       0x20 c:/st/stm32cubeide_1.6.1/stm32cubeide/plugins/com.st.stm32cube.ide.mcu.externaltools.gnu-tools-for-stm32.9-2020-q2-update.win32_1.5.0.202011040924/tools/bin/../lib/gcc/arm-none-eabi/9.3.1/../../../../arm-none-eabi/lib/thumb/v7e-m+fp/hard\libc_nano.a(lib_a-memset.o)
 .debug_frame   0x00000000000052c4       0x2c c:/st/stm32cubeide_1.6.1/stm32cubeide/plugins/com.st.stm32cube.ide.mcu.externaltools.gnu-tools-for-stm32.9-2020-q2-update.win32_1.5.0.202011040924/tools/bin/../lib/gcc/arm-none-eabi/9.3.1/thumb/v7e-m+fp/hard\libgcc.a(_aeabi_uldivmod.o)
 .debug_frame   0x00000000000052f0       0x34 c:/st/stm32cubeide_1.6.1/stm32cubeide/plugins/com.st.stm32cube.ide.mcu.externaltools.gnu-tools-for-stm32.9-2020-q2-update.win32_1.5.0.202011040924/tools/bin/../lib/gcc/arm-none-eabi/9.3.1/thumb/v7e-m+fp/hard\libgcc.a(_udivmoddi4.o)
